Archive member included because of file (symbol)

c:/program/kds/toolchain/bin/../lib/gcc/arm-none-eabi/4.8.4/armv6-m\libgcc.a(_divsi3.o)
                              ./04_UserBoard/lcd/lcd.o (__aeabi_idiv)
c:/program/kds/toolchain/bin/../lib/gcc/arm-none-eabi/4.8.4/armv6-m\libgcc.a(_dvmd_tls.o)
                              c:/program/kds/toolchain/bin/../lib/gcc/arm-none-eabi/4.8.4/armv6-m\libgcc.a(_divsi3.o) (__aeabi_idiv0)
c:/program/kds/toolchain/bin/../lib/gcc/arm-none-eabi/4.8.4/armv6-m\libgcc.a(_aeabi_uldivmod.o)
                              ./05_SoftComponent/timeStamp/timeStamp.o (__aeabi_uldivmod)
c:/program/kds/toolchain/bin/../lib/gcc/arm-none-eabi/4.8.4/armv6-m\libgcc.a(_muldi3.o)
                              ./05_SoftComponent/timeStamp/timeStamp.o (__aeabi_lmul)
c:/program/kds/toolchain/bin/../lib/gcc/arm-none-eabi/4.8.4/armv6-m\libgcc.a(bpabi.o)
                              c:/program/kds/toolchain/bin/../lib/gcc/arm-none-eabi/4.8.4/armv6-m\libgcc.a(_aeabi_uldivmod.o) (__gnu_uldivmod_helper)
c:/program/kds/toolchain/bin/../lib/gcc/arm-none-eabi/4.8.4/armv6-m\libgcc.a(_divdi3.o)
                              c:/program/kds/toolchain/bin/../lib/gcc/arm-none-eabi/4.8.4/armv6-m\libgcc.a(bpabi.o) (__divdi3)
c:/program/kds/toolchain/bin/../lib/gcc/arm-none-eabi/4.8.4/armv6-m\libgcc.a(_udivdi3.o)
                              c:/program/kds/toolchain/bin/../lib/gcc/arm-none-eabi/4.8.4/armv6-m\libgcc.a(bpabi.o) (__udivdi3)
c:/program/kds/toolchain/bin/../lib/gcc/arm-none-eabi/4.8.4/armv6-m\libgcc.a(_udivsi3.o)
                              c:/program/kds/toolchain/bin/../lib/gcc/arm-none-eabi/4.8.4/armv6-m\libgcc.a(_divdi3.o) (__aeabi_uidiv)
c:/program/kds/toolchain/bin/../lib/gcc/arm-none-eabi/4.8.4/armv6-m\libgcc.a(_clzsi2.o)
                              c:/program/kds/toolchain/bin/../lib/gcc/arm-none-eabi/4.8.4/armv6-m\libgcc.a(_divdi3.o) (__clzsi2)
c:/program/kds/toolchain/bin/../lib/gcc/arm-none-eabi/4.8.4/../../../../arm-none-eabi/lib/armv6-m\libg_s.a(lib_a-exit.o)
                              c:/program/kds/toolchain/bin/../lib/gcc/arm-none-eabi/4.8.4/../../../../arm-none-eabi/lib/armv6-m/crt0.o (exit)
c:/program/kds/toolchain/bin/../lib/gcc/arm-none-eabi/4.8.4/../../../../arm-none-eabi/lib/armv6-m\libg_s.a(lib_a-impure.o)
                              c:/program/kds/toolchain/bin/../lib/gcc/arm-none-eabi/4.8.4/../../../../arm-none-eabi/lib/armv6-m\libg_s.a(lib_a-exit.o) (_global_impure_ptr)
c:/program/kds/toolchain/bin/../lib/gcc/arm-none-eabi/4.8.4/../../../../arm-none-eabi/lib/armv6-m\libg_s.a(lib_a-init.o)
                              c:/program/kds/toolchain/bin/../lib/gcc/arm-none-eabi/4.8.4/../../../../arm-none-eabi/lib/armv6-m/crt0.o (__libc_init_array)
c:/program/kds/toolchain/bin/../lib/gcc/arm-none-eabi/4.8.4/../../../../arm-none-eabi/lib/armv6-m\libg_s.a(lib_a-memcpy-stub.o)
                              ./05_SoftComponent/timeStamp/timeStamp.o (memcpy)
c:/program/kds/toolchain/bin/../lib/gcc/arm-none-eabi/4.8.4/../../../../arm-none-eabi/lib/armv6-m\libg_s.a(lib_a-memset.o)
                              c:/program/kds/toolchain/bin/../lib/gcc/arm-none-eabi/4.8.4/../../../../arm-none-eabi/lib/armv6-m/crt0.o (memset)
c:/program/kds/toolchain/bin/../lib/gcc/arm-none-eabi/4.8.4/../../../../arm-none-eabi/lib/armv6-m\libnosys.a(_exit.o)
                              c:/program/kds/toolchain/bin/../lib/gcc/arm-none-eabi/4.8.4/../../../../arm-none-eabi/lib/armv6-m\libg_s.a(lib_a-exit.o) (_exit)

Allocating common symbols
Common symbol       size              file

flash_write         0x4               ./06_NosPrg/isr.o
gpio_get_int        0x4               ./06_NosPrg/isr.o
flash_read_physical
                    0x4               ./06_NosPrg/isr.o
gpio_drive_strength
                    0x4               ./06_NosPrg/isr.o
uecom_config        0x4               ./06_NosPrg/isr.o
uecom_getSignalPower
                    0x4               ./06_NosPrg/isr.o
SPI_sendN           0x4               ./05_SoftComponent/common/common.o
uart_sendN          0x4               ./06_NosPrg/isr.o
disable_lptmr_int   0x4               ./06_NosPrg/isr.o
uart_enable_re_int  0x4               ./06_NosPrg/isr.o
gnss_get_time       0x4               ./06_NosPrg/isr.o
flash_protect       0x4               ./06_NosPrg/isr.o
gpio_clear_allint   0x4               ./06_NosPrg/isr.o
tsi_set_threshold   0x4               ./06_NosPrg/isr.o
flash_erase         0x4               ./06_NosPrg/isr.o
uart_disable_re_int
                    0x4               ./06_NosPrg/isr.o
flash_init          0x4               ./06_NosPrg/isr.o
enable_lptmr_int    0x4               ./06_NosPrg/isr.o
uecom_getCurCommunity
                    0x4               ./06_NosPrg/isr.o
tsi_softsearch      0x4               ./06_NosPrg/isr.o
SPI_disable_re_int  0x4               ./05_SoftComponent/common/common.o
adc_read            0x4               ./06_NosPrg/isr.o
uart_get_re_int     0x4               ./06_NosPrg/isr.o
uart_reN            0x4               ./06_NosPrg/isr.o
gnss_init           0x4               ./06_NosPrg/isr.o
uart_send_string    0x4               ./06_NosPrg/isr.o
getSystemTime       0x4               ./06_NosPrg/isr.o
uart_init           0x4               ./06_NosPrg/isr.o
tsi_get_value16     0x4               ./06_NosPrg/isr.o
gpio_get            0x4               ./06_NosPrg/isr.o
SPI_receive1        0x4               ./05_SoftComponent/common/common.o
gTime               0xe               ./06_NosPrg/main.o
uart_deint          0x4               ./06_NosPrg/isr.o
http_get            0x4               ./06_NosPrg/isr.o
tsi_disable_re_int  0x4               ./06_NosPrg/isr.o
lptmr_init          0x4               ./06_NosPrg/isr.o
SPI_receiveN        0x4               ./05_SoftComponent/common/common.o
uecom_send          0x4               ./06_NosPrg/isr.o
gpio_disable_int    0x4               ./06_NosPrg/isr.o
gnss_get_location   0x4               ./06_NosPrg/isr.o
flash_read_logic    0x4               ./06_NosPrg/isr.o
SPI_send1           0x4               ./05_SoftComponent/common/common.o
uart_re1            0x4               ./06_NosPrg/isr.o
uecom_getIMEI       0x4               ./06_NosPrg/isr.o
gnss_get_attitude   0x4               ./06_NosPrg/isr.o
gpio_clear_int      0x4               ./06_NosPrg/isr.o
gnss_get_speed      0x4               ./06_NosPrg/isr.o
lptmr_reset         0x4               ./06_NosPrg/isr.o
tsi_enable_re_int   0x4               ./06_NosPrg/isr.o
uecom_getUEIP       0x4               ./06_NosPrg/isr.o
uecom_deInit        0x4               ./06_NosPrg/isr.o
adc_init            0x4               ./06_NosPrg/isr.o
uecom_interrupt     0x4               ./06_NosPrg/isr.o
tsi_init            0x4               ./06_NosPrg/isr.o
flash_isempty       0x4               ./06_NosPrg/isr.o
gpio_enable_int     0x4               ./06_NosPrg/isr.o
gpio_pull           0x4               ./06_NosPrg/isr.o
SPI_init            0x4               ./05_SoftComponent/common/common.o
uecom_switch        0x4               ./06_NosPrg/isr.o
uecom_default_delay_ms
                    0x4               ./06_NosPrg/isr.o
gcd                 0x117             ./06_NosPrg/main.o
uart_send1          0x4               ./06_NosPrg/isr.o
uecom_fast_init     0x4               ./06_NosPrg/isr.o
gpio_set            0x4               ./06_NosPrg/isr.o
uecom_getBSNum      0x4               ./06_NosPrg/isr.o
gpio_reverse        0x4               ./06_NosPrg/isr.o
uecom_getFirmVer    0x4               ./06_NosPrg/isr.o
uecom_init          0x4               ./06_NosPrg/isr.o
gpio_init           0x4               ./06_NosPrg/isr.o
SPI_enable_re_int   0x4               ./05_SoftComponent/common/common.o
uecom_getIMSI       0x4               ./06_NosPrg/isr.o
gTflag              0x1               ./06_NosPrg/main.o

Discarded input sections

 .text          0x00000000        0x0 c:/program/kds/toolchain/bin/../lib/gcc/arm-none-eabi/4.8.4/armv6-m/crti.o
 .data          0x00000000        0x0 c:/program/kds/toolchain/bin/../lib/gcc/arm-none-eabi/4.8.4/armv6-m/crti.o
 .bss           0x00000000        0x0 c:/program/kds/toolchain/bin/../lib/gcc/arm-none-eabi/4.8.4/armv6-m/crti.o
 .data          0x00000000        0x4 c:/program/kds/toolchain/bin/../lib/gcc/arm-none-eabi/4.8.4/armv6-m/crtbegin.o
 .data          0x00000000        0x0 c:/program/kds/toolchain/bin/../lib/gcc/arm-none-eabi/4.8.4/../../../../arm-none-eabi/lib/armv6-m/crt0.o
 .bss           0x00000000        0x0 c:/program/kds/toolchain/bin/../lib/gcc/arm-none-eabi/4.8.4/../../../../arm-none-eabi/lib/armv6-m/crt0.o
 .ARM.extab     0x00000000        0x0 c:/program/kds/toolchain/bin/../lib/gcc/arm-none-eabi/4.8.4/../../../../arm-none-eabi/lib/armv6-m/crt0.o
 .group         0x00000000        0x8 ./06_NosPrg/isr.o
 .group         0x00000000        0x8 ./06_NosPrg/isr.o
 .group         0x00000000        0x8 ./06_NosPrg/isr.o
 .group         0x00000000        0x8 ./06_NosPrg/isr.o
 .group         0x00000000        0x8 ./06_NosPrg/isr.o
 .group         0x00000000        0x8 ./06_NosPrg/isr.o
 .group         0x00000000        0x8 ./06_NosPrg/isr.o
 .group         0x00000000        0x8 ./06_NosPrg/isr.o
 .group         0x00000000        0x8 ./06_NosPrg/isr.o
 .group         0x00000000        0x8 ./06_NosPrg/isr.o
 .group         0x00000000        0x8 ./06_NosPrg/isr.o
 .group         0x00000000        0x8 ./06_NosPrg/isr.o
 .group         0x00000000        0x8 ./06_NosPrg/isr.o
 .group         0x00000000        0x8 ./06_NosPrg/isr.o
 .group         0x00000000        0x8 ./06_NosPrg/isr.o
 .group         0x00000000        0x8 ./06_NosPrg/isr.o
 .group         0x00000000        0x8 ./06_NosPrg/isr.o
 .group         0x00000000        0x8 ./06_NosPrg/isr.o
 .group         0x00000000        0x8 ./06_NosPrg/isr.o
 .group         0x00000000        0x8 ./06_NosPrg/isr.o
 .group         0x00000000        0x8 ./06_NosPrg/isr.o
 .group         0x00000000        0x8 ./06_NosPrg/isr.o
 .group         0x00000000        0x8 ./06_NosPrg/isr.o
 .group         0x00000000        0x8 ./06_NosPrg/isr.o
 .group         0x00000000        0x8 ./06_NosPrg/isr.o
 .group         0x00000000        0x8 ./06_NosPrg/isr.o
 .group         0x00000000        0x8 ./06_NosPrg/isr.o
 .group         0x00000000        0x8 ./06_NosPrg/isr.o
 .group         0x00000000        0x8 ./06_NosPrg/isr.o
 .group         0x00000000        0x8 ./06_NosPrg/isr.o
 .group         0x00000000        0x8 ./06_NosPrg/isr.o
 .group         0x00000000        0x8 ./06_NosPrg/isr.o
 .group         0x00000000        0x8 ./06_NosPrg/isr.o
 .group         0x00000000        0x8 ./06_NosPrg/isr.o
 .group         0x00000000        0x8 ./06_NosPrg/isr.o
 .group         0x00000000        0x8 ./06_NosPrg/isr.o
 .group         0x00000000        0x8 ./06_NosPrg/isr.o
 .group         0x00000000        0x8 ./06_NosPrg/isr.o
 .group         0x00000000        0x8 ./06_NosPrg/isr.o
 .group         0x00000000        0x8 ./06_NosPrg/isr.o
 .group         0x00000000        0x8 ./06_NosPrg/isr.o
 .group         0x00000000        0x8 ./06_NosPrg/isr.o
 .text          0x00000000        0x0 ./06_NosPrg/isr.o
 .data          0x00000000        0x0 ./06_NosPrg/isr.o
 .bss           0x00000000        0x0 ./06_NosPrg/isr.o
 .group         0x00000000        0x8 ./06_NosPrg/main.o
 .group         0x00000000        0x8 ./06_NosPrg/main.o
 .group         0x00000000        0x8 ./06_NosPrg/main.o
 .group         0x00000000        0x8 ./06_NosPrg/main.o
 .group         0x00000000        0x8 ./06_NosPrg/main.o
 .group         0x00000000        0x8 ./06_NosPrg/main.o
 .group         0x00000000        0x8 ./06_NosPrg/main.o
 .group         0x00000000        0x8 ./06_NosPrg/main.o
 .group         0x00000000        0x8 ./06_NosPrg/main.o
 .group         0x00000000        0x8 ./06_NosPrg/main.o
 .group         0x00000000        0x8 ./06_NosPrg/main.o
 .group         0x00000000        0x8 ./06_NosPrg/main.o
 .group         0x00000000        0x8 ./06_NosPrg/main.o
 .group         0x00000000        0x8 ./06_NosPrg/main.o
 .group         0x00000000        0x8 ./06_NosPrg/main.o
 .group         0x00000000        0x8 ./06_NosPrg/main.o
 .group         0x00000000        0x8 ./06_NosPrg/main.o
 .group         0x00000000        0x8 ./06_NosPrg/main.o
 .group         0x00000000        0x8 ./06_NosPrg/main.o
 .group         0x00000000        0x8 ./06_NosPrg/main.o
 .group         0x00000000        0x8 ./06_NosPrg/main.o
 .group         0x00000000        0x8 ./06_NosPrg/main.o
 .group         0x00000000        0x8 ./06_NosPrg/main.o
 .group         0x00000000        0x8 ./06_NosPrg/main.o
 .group         0x00000000        0x8 ./06_NosPrg/main.o
 .group         0x00000000        0x8 ./06_NosPrg/main.o
 .group         0x00000000        0x8 ./06_NosPrg/main.o
 .group         0x00000000        0x8 ./06_NosPrg/main.o
 .group         0x00000000        0x8 ./06_NosPrg/main.o
 .group         0x00000000        0x8 ./06_NosPrg/main.o
 .group         0x00000000        0x8 ./06_NosPrg/main.o
 .group         0x00000000        0x8 ./06_NosPrg/main.o
 .group         0x00000000        0x8 ./06_NosPrg/main.o
 .group         0x00000000        0x8 ./06_NosPrg/main.o
 .group         0x00000000        0x8 ./06_NosPrg/main.o
 .group         0x00000000        0x8 ./06_NosPrg/main.o
 .group         0x00000000        0x8 ./06_NosPrg/main.o
 .group         0x00000000        0x8 ./06_NosPrg/main.o
 .group         0x00000000        0x8 ./06_NosPrg/main.o
 .group         0x00000000        0x8 ./06_NosPrg/main.o
 .group         0x00000000        0x8 ./06_NosPrg/main.o
 .group         0x00000000        0x8 ./06_NosPrg/main.o
 .text          0x00000000        0x0 ./06_NosPrg/main.o
 .data          0x00000000        0x0 ./06_NosPrg/main.o
 .bss           0x00000000        0x0 ./06_NosPrg/main.o
 .debug_macro   0x00000000      0x802 ./06_NosPrg/main.o
 .debug_macro   0x00000000       0x16 ./06_NosPrg/main.o
 .debug_macro   0x00000000       0x16 ./06_NosPrg/main.o
 .debug_macro   0x00000000       0x44 ./06_NosPrg/main.o
 .debug_macro   0x00000000      0x209 ./06_NosPrg/main.o
 .debug_macro   0x00000000       0x39 ./06_NosPrg/main.o
 .debug_macro   0x00000000       0x3a ./06_NosPrg/main.o
 .debug_macro   0x00000000       0x26 ./06_NosPrg/main.o
 .debug_macro   0x00000000      0x306 ./06_NosPrg/main.o
 .debug_macro   0x00000000     0xc3a9 ./06_NosPrg/main.o
 .debug_macro   0x00000000       0x2e ./06_NosPrg/main.o
 .debug_macro   0x00000000       0x3a ./06_NosPrg/main.o
 .debug_macro   0x00000000       0x52 ./06_NosPrg/main.o
 .debug_macro   0x00000000       0xc8 ./06_NosPrg/main.o
 .debug_macro   0x00000000       0x2e ./06_NosPrg/main.o
 .debug_macro   0x00000000       0x2e ./06_NosPrg/main.o
 .debug_macro   0x00000000       0x28 ./06_NosPrg/main.o
 .debug_macro   0x00000000       0x58 ./06_NosPrg/main.o
 .debug_macro   0x00000000       0x35 ./06_NosPrg/main.o
 .debug_macro   0x00000000       0xa3 ./06_NosPrg/main.o
 .debug_macro   0x00000000       0x16 ./06_NosPrg/main.o
 .debug_macro   0x00000000       0x97 ./06_NosPrg/main.o
 .debug_macro   0x00000000       0x10 ./06_NosPrg/main.o
 .debug_macro   0x00000000       0xef ./06_NosPrg/main.o
 .debug_macro   0x00000000       0x52 ./06_NosPrg/main.o
 .debug_macro   0x00000000       0x16 ./06_NosPrg/main.o
 .debug_macro   0x00000000       0x43 ./06_NosPrg/main.o
 .debug_macro   0x00000000      0x180 ./06_NosPrg/main.o
 .debug_macro   0x00000000       0x10 ./06_NosPrg/main.o
 .debug_macro   0x00000000       0x22 ./06_NosPrg/main.o
 .debug_macro   0x00000000       0xbd ./06_NosPrg/main.o
 .debug_macro   0x00000000       0x16 ./06_NosPrg/main.o
 .debug_macro   0x00000000      0x14a ./06_NosPrg/main.o
 .debug_macro   0x00000000       0x16 ./06_NosPrg/main.o
 .debug_macro   0x00000000       0x35 ./06_NosPrg/main.o
 .debug_macro   0x00000000       0x22 ./06_NosPrg/main.o
 .debug_macro   0x00000000      0x2a6 ./06_NosPrg/main.o
 .debug_macro   0x00000000       0x10 ./06_NosPrg/main.o
 .debug_macro   0x00000000       0x28 ./06_NosPrg/main.o
 .debug_macro   0x00000000       0x64 ./06_NosPrg/main.o
 .debug_macro   0x00000000       0x22 ./06_NosPrg/main.o
 COMMON         0x00000000      0x128 ./06_NosPrg/main.o
 .group         0x00000000        0x8 ./05_SoftComponent/timeStamp/timeStamp.o
 .group         0x00000000        0x8 ./05_SoftComponent/timeStamp/timeStamp.o
 .group         0x00000000        0x8 ./05_SoftComponent/timeStamp/timeStamp.o
 .group         0x00000000        0x8 ./05_SoftComponent/timeStamp/timeStamp.o
 .group         0x00000000        0x8 ./05_SoftComponent/timeStamp/timeStamp.o
 .group         0x00000000        0x8 ./05_SoftComponent/timeStamp/timeStamp.o
 .group         0x00000000        0x8 ./05_SoftComponent/timeStamp/timeStamp.o
 .group         0x00000000        0x8 ./05_SoftComponent/timeStamp/timeStamp.o
 .group         0x00000000        0x8 ./05_SoftComponent/timeStamp/timeStamp.o
 .group         0x00000000        0x8 ./05_SoftComponent/timeStamp/timeStamp.o
 .group         0x00000000        0x8 ./05_SoftComponent/timeStamp/timeStamp.o
 .text          0x00000000        0x0 ./05_SoftComponent/timeStamp/timeStamp.o
 .data          0x00000000        0x0 ./05_SoftComponent/timeStamp/timeStamp.o
 .bss           0x00000000        0x0 ./05_SoftComponent/timeStamp/timeStamp.o
 .text.transformToDate
                0x00000000      0x440 ./05_SoftComponent/timeStamp/timeStamp.o
 .text.transformToDateString
                0x00000000      0x14c ./05_SoftComponent/timeStamp/timeStamp.o
 .text.timeChange
                0x00000000       0x40 ./05_SoftComponent/timeStamp/timeStamp.o
 .text.intToString
                0x00000000       0x4c ./05_SoftComponent/timeStamp/timeStamp.o
 .rodata        0x00000000       0x68 ./05_SoftComponent/timeStamp/timeStamp.o
 .debug_info    0x00000000      0x5ff ./05_SoftComponent/timeStamp/timeStamp.o
 .debug_abbrev  0x00000000      0x1ce ./05_SoftComponent/timeStamp/timeStamp.o
 .debug_loc     0x00000000      0xcc1 ./05_SoftComponent/timeStamp/timeStamp.o
 .debug_aranges
                0x00000000       0x38 ./05_SoftComponent/timeStamp/timeStamp.o
 .debug_ranges  0x00000000       0x88 ./05_SoftComponent/timeStamp/timeStamp.o
 .debug_macro   0x00000000       0xa5 ./05_SoftComponent/timeStamp/timeStamp.o
 .debug_macro   0x00000000      0x802 ./05_SoftComponent/timeStamp/timeStamp.o
 .debug_macro   0x00000000       0x16 ./05_SoftComponent/timeStamp/timeStamp.o
 .debug_macro   0x00000000       0x16 ./05_SoftComponent/timeStamp/timeStamp.o
 .debug_macro   0x00000000       0x44 ./05_SoftComponent/timeStamp/timeStamp.o
 .debug_macro   0x00000000      0x209 ./05_SoftComponent/timeStamp/timeStamp.o
 .debug_macro   0x00000000       0x39 ./05_SoftComponent/timeStamp/timeStamp.o
 .debug_macro   0x00000000       0x3a ./05_SoftComponent/timeStamp/timeStamp.o
 .debug_macro   0x00000000       0x26 ./05_SoftComponent/timeStamp/timeStamp.o
 .debug_macro   0x00000000      0x306 ./05_SoftComponent/timeStamp/timeStamp.o
 .debug_macro   0x00000000     0xc3a9 ./05_SoftComponent/timeStamp/timeStamp.o
 .debug_macro   0x00000000       0x2e ./05_SoftComponent/timeStamp/timeStamp.o
 .debug_line    0x00000000      0x4af ./05_SoftComponent/timeStamp/timeStamp.o
 .debug_str     0x00000000    0x49fdb ./05_SoftComponent/timeStamp/timeStamp.o
 .comment       0x00000000       0x71 ./05_SoftComponent/timeStamp/timeStamp.o
 .ARM.attributes
                0x00000000       0x32 ./05_SoftComponent/timeStamp/timeStamp.o
 .debug_frame   0x00000000       0xa4 ./05_SoftComponent/timeStamp/timeStamp.o
 .group         0x00000000        0x8 ./05_SoftComponent/common/common.o
 .group         0x00000000        0x8 ./05_SoftComponent/common/common.o
 .group         0x00000000        0x8 ./05_SoftComponent/common/common.o
 .group         0x00000000        0x8 ./05_SoftComponent/common/common.o
 .group         0x00000000        0x8 ./05_SoftComponent/common/common.o
 .group         0x00000000        0x8 ./05_SoftComponent/common/common.o
 .group         0x00000000        0x8 ./05_SoftComponent/common/common.o
 .group         0x00000000        0x8 ./05_SoftComponent/common/common.o
 .group         0x00000000        0x8 ./05_SoftComponent/common/common.o
 .group         0x00000000        0x8 ./05_SoftComponent/common/common.o
 .group         0x00000000        0x8 ./05_SoftComponent/common/common.o
 .group         0x00000000        0x8 ./05_SoftComponent/common/common.o
 .group         0x00000000        0x8 ./05_SoftComponent/common/common.o
 .group         0x00000000        0x8 ./05_SoftComponent/common/common.o
 .group         0x00000000        0x8 ./05_SoftComponent/common/common.o
 .group         0x00000000        0x8 ./05_SoftComponent/common/common.o
 .group         0x00000000        0x8 ./05_SoftComponent/common/common.o
 .group         0x00000000        0x8 ./05_SoftComponent/common/common.o
 .group         0x00000000        0x8 ./05_SoftComponent/common/common.o
 .group         0x00000000        0x8 ./05_SoftComponent/common/common.o
 .group         0x00000000        0x8 ./05_SoftComponent/common/common.o
 .group         0x00000000        0x8 ./05_SoftComponent/common/common.o
 .group         0x00000000        0x8 ./05_SoftComponent/common/common.o
 .group         0x00000000        0x8 ./05_SoftComponent/common/common.o
 .group         0x00000000        0x8 ./05_SoftComponent/common/common.o
 .group         0x00000000        0x8 ./05_SoftComponent/common/common.o
 .group         0x00000000        0x8 ./05_SoftComponent/common/common.o
 .group         0x00000000        0x8 ./05_SoftComponent/common/common.o
 .group         0x00000000        0x8 ./05_SoftComponent/common/common.o
 .group         0x00000000        0x8 ./05_SoftComponent/common/common.o
 .group         0x00000000        0x8 ./05_SoftComponent/common/common.o
 .group         0x00000000        0x8 ./05_SoftComponent/common/common.o
 .group         0x00000000        0x8 ./05_SoftComponent/common/common.o
 .group         0x00000000        0x8 ./05_SoftComponent/common/common.o
 .group         0x00000000        0x8 ./05_SoftComponent/common/common.o
 .group         0x00000000        0x8 ./05_SoftComponent/common/common.o
 .group         0x00000000        0x8 ./05_SoftComponent/common/common.o
 .group         0x00000000        0x8 ./05_SoftComponent/common/common.o
 .group         0x00000000        0x8 ./05_SoftComponent/common/common.o
 .text          0x00000000        0x0 ./05_SoftComponent/common/common.o
 .data          0x00000000        0x0 ./05_SoftComponent/common/common.o
 .bss           0x00000000        0x0 ./05_SoftComponent/common/common.o
 .text.init_critical
                0x00000000       0x10 ./05_SoftComponent/common/common.o
 .text.enter_critical
                0x00000000       0x18 ./05_SoftComponent/common/common.o
 .text.exit_critical
                0x00000000       0x18 ./05_SoftComponent/common/common.o
 .text.enable_irq
                0x00000000       0x1c ./05_SoftComponent/common/common.o
 .text.disable_irq
                0x00000000       0x20 ./05_SoftComponent/common/common.o
 .text.set_irq_priority
                0x00000000       0x68 ./05_SoftComponent/common/common.o
 .text.Delay_us
                0x00000000       0x10 ./05_SoftComponent/common/common.o
 .text.Delay_ms
                0x00000000       0x44 ./05_SoftComponent/common/common.o
 .text.SecAdd1  0x00000000       0x34 ./05_SoftComponent/common/common.o
 .text.setVector
                0x00000000       0x10 ./05_SoftComponent/common/common.o
 .bss.int_disable_level
                0x00000000        0x4 ./05_SoftComponent/common/common.o
 .debug_macro   0x00000000      0x802 ./05_SoftComponent/common/common.o
 .debug_macro   0x00000000       0x16 ./05_SoftComponent/common/common.o
 .debug_macro   0x00000000       0x16 ./05_SoftComponent/common/common.o
 .debug_macro   0x00000000       0x44 ./05_SoftComponent/common/common.o
 .debug_macro   0x00000000      0x209 ./05_SoftComponent/common/common.o
 .debug_macro   0x00000000       0x39 ./05_SoftComponent/common/common.o
 .debug_macro   0x00000000       0x3a ./05_SoftComponent/common/common.o
 .debug_macro   0x00000000       0x26 ./05_SoftComponent/common/common.o
 .debug_macro   0x00000000      0x306 ./05_SoftComponent/common/common.o
 .debug_macro   0x00000000     0xc3a9 ./05_SoftComponent/common/common.o
 .debug_macro   0x00000000       0x2e ./05_SoftComponent/common/common.o
 .debug_macro   0x00000000       0x64 ./05_SoftComponent/common/common.o
 .debug_macro   0x00000000       0x52 ./05_SoftComponent/common/common.o
 .debug_macro   0x00000000       0x2e ./05_SoftComponent/common/common.o
 .debug_macro   0x00000000       0x2e ./05_SoftComponent/common/common.o
 .debug_macro   0x00000000       0x58 ./05_SoftComponent/common/common.o
 .debug_macro   0x00000000       0x35 ./05_SoftComponent/common/common.o
 .debug_macro   0x00000000       0xa3 ./05_SoftComponent/common/common.o
 .debug_macro   0x00000000       0x16 ./05_SoftComponent/common/common.o
 .debug_macro   0x00000000       0x97 ./05_SoftComponent/common/common.o
 .debug_macro   0x00000000       0x10 ./05_SoftComponent/common/common.o
 .debug_macro   0x00000000       0xef ./05_SoftComponent/common/common.o
 .debug_macro   0x00000000       0x52 ./05_SoftComponent/common/common.o
 .debug_macro   0x00000000       0x16 ./05_SoftComponent/common/common.o
 .debug_macro   0x00000000       0x43 ./05_SoftComponent/common/common.o
 .debug_macro   0x00000000      0x180 ./05_SoftComponent/common/common.o
 .debug_macro   0x00000000       0x10 ./05_SoftComponent/common/common.o
 .debug_macro   0x00000000       0x22 ./05_SoftComponent/common/common.o
 .debug_macro   0x00000000       0xbd ./05_SoftComponent/common/common.o
 .debug_macro   0x00000000       0x16 ./05_SoftComponent/common/common.o
 .debug_macro   0x00000000      0x14a ./05_SoftComponent/common/common.o
 .debug_macro   0x00000000       0x16 ./05_SoftComponent/common/common.o
 .debug_macro   0x00000000       0x35 ./05_SoftComponent/common/common.o
 .debug_macro   0x00000000       0x22 ./05_SoftComponent/common/common.o
 .debug_macro   0x00000000      0x2a6 ./05_SoftComponent/common/common.o
 .debug_macro   0x00000000       0x10 ./05_SoftComponent/common/common.o
 .debug_macro   0x00000000       0x28 ./05_SoftComponent/common/common.o
 .group         0x00000000        0x8 ./04_UserBoard/light/light.o
 .group         0x00000000        0x8 ./04_UserBoard/light/light.o
 .group         0x00000000        0x8 ./04_UserBoard/light/light.o
 .group         0x00000000        0x8 ./04_UserBoard/light/light.o
 .group         0x00000000        0x8 ./04_UserBoard/light/light.o
 .group         0x00000000        0x8 ./04_UserBoard/light/light.o
 .group         0x00000000        0x8 ./04_UserBoard/light/light.o
 .group         0x00000000        0x8 ./04_UserBoard/light/light.o
 .group         0x00000000        0x8 ./04_UserBoard/light/light.o
 .group         0x00000000        0x8 ./04_UserBoard/light/light.o
 .group         0x00000000        0x8 ./04_UserBoard/light/light.o
 .group         0x00000000        0x8 ./04_UserBoard/light/light.o
 .group         0x00000000        0x8 ./04_UserBoard/light/light.o
 .text          0x00000000        0x0 ./04_UserBoard/light/light.o
 .data          0x00000000        0x0 ./04_UserBoard/light/light.o
 .bss           0x00000000        0x0 ./04_UserBoard/light/light.o
 .text.light_init
                0x00000000       0x14 ./04_UserBoard/light/light.o
 .text.light_control
                0x00000000       0x10 ./04_UserBoard/light/light.o
 .text.light_change
                0x00000000       0x10 ./04_UserBoard/light/light.o
 .debug_info    0x00000000      0x32d ./04_UserBoard/light/light.o
 .debug_abbrev  0x00000000       0xd5 ./04_UserBoard/light/light.o
 .debug_loc     0x00000000       0xa5 ./04_UserBoard/light/light.o
 .debug_aranges
                0x00000000       0x30 ./04_UserBoard/light/light.o
 .debug_ranges  0x00000000       0x20 ./04_UserBoard/light/light.o
 .debug_macro   0x00000000       0xb3 ./04_UserBoard/light/light.o
 .debug_macro   0x00000000      0x802 ./04_UserBoard/light/light.o
 .debug_macro   0x00000000       0x16 ./04_UserBoard/light/light.o
 .debug_macro   0x00000000       0x16 ./04_UserBoard/light/light.o
 .debug_macro   0x00000000       0x44 ./04_UserBoard/light/light.o
 .debug_macro   0x00000000      0x209 ./04_UserBoard/light/light.o
 .debug_macro   0x00000000       0x39 ./04_UserBoard/light/light.o
 .debug_macro   0x00000000       0x3a ./04_UserBoard/light/light.o
 .debug_macro   0x00000000       0x26 ./04_UserBoard/light/light.o
 .debug_macro   0x00000000      0x306 ./04_UserBoard/light/light.o
 .debug_macro   0x00000000     0xc3a9 ./04_UserBoard/light/light.o
 .debug_macro   0x00000000       0x2e ./04_UserBoard/light/light.o
 .debug_macro   0x00000000       0x52 ./04_UserBoard/light/light.o
 .debug_macro   0x00000000       0x22 ./04_UserBoard/light/light.o
 .debug_line    0x00000000      0x405 ./04_UserBoard/light/light.o
 .debug_str     0x00000000    0x4a19f ./04_UserBoard/light/light.o
 .comment       0x00000000       0x71 ./04_UserBoard/light/light.o
 .ARM.attributes
                0x00000000       0x32 ./04_UserBoard/light/light.o
 .debug_frame   0x00000000       0x58 ./04_UserBoard/light/light.o
 .group         0x00000000        0x8 ./04_UserBoard/lcd/lcd.o
 .group         0x00000000        0x8 ./04_UserBoard/lcd/lcd.o
 .group         0x00000000        0x8 ./04_UserBoard/lcd/lcd.o
 .group         0x00000000        0x8 ./04_UserBoard/lcd/lcd.o
 .group         0x00000000        0x8 ./04_UserBoard/lcd/lcd.o
 .group         0x00000000        0x8 ./04_UserBoard/lcd/lcd.o
 .group         0x00000000        0x8 ./04_UserBoard/lcd/lcd.o
 .group         0x00000000        0x8 ./04_UserBoard/lcd/lcd.o
 .group         0x00000000        0x8 ./04_UserBoard/lcd/lcd.o
 .group         0x00000000        0x8 ./04_UserBoard/lcd/lcd.o
 .group         0x00000000        0x8 ./04_UserBoard/lcd/lcd.o
 .group         0x00000000        0x8 ./04_UserBoard/lcd/lcd.o
 .group         0x00000000        0x8 ./04_UserBoard/lcd/lcd.o
 .group         0x00000000        0x8 ./04_UserBoard/lcd/lcd.o
 .text          0x00000000        0x0 ./04_UserBoard/lcd/lcd.o
 .data          0x00000000        0x0 ./04_UserBoard/lcd/lcd.o
 .bss           0x00000000        0x0 ./04_UserBoard/lcd/lcd.o
 .text.mypow    0x00000000       0x18 ./04_UserBoard/lcd/lcd.o
 .text.LCD_WR_DATA8
                0x00000000       0x28 ./04_UserBoard/lcd/lcd.o
 .text.LCD_WR_DATA
                0x00000000       0x30 ./04_UserBoard/lcd/lcd.o
 .text.LCD_WR_REG
                0x00000000       0x28 ./04_UserBoard/lcd/lcd.o
 .text.LCD_WR_REG_DATA
                0x00000000       0x30 ./04_UserBoard/lcd/lcd.o
 .text.LCD_Init
                0x00000000      0x590 ./04_UserBoard/lcd/lcd.o
 .text.Address_set
                0x00000000       0xec ./04_UserBoard/lcd/lcd.o
 .text.LCD_Clear
                0x00000000       0x30 ./04_UserBoard/lcd/lcd.o
 .text.LCD_DrawPoint
                0x00000000       0x18 ./04_UserBoard/lcd/lcd.o
 .text.LCD_DrawCircle
                0x00000000      0x178 ./04_UserBoard/lcd/lcd.o
 .text.LCD_DrawLine
                0x00000000       0xbc ./04_UserBoard/lcd/lcd.o
 .text.LCD_DrawRectangle
                0x00000000       0x50 ./04_UserBoard/lcd/lcd.o
 .text.LCD_DrawSurface
                0x00000000       0x44 ./04_UserBoard/lcd/lcd.o
 .text.LCD_DrawPoint_big
                0x00000000       0x24 ./04_UserBoard/lcd/lcd.o
 .text.buttonUp
                0x00000000       0xc0 ./04_UserBoard/lcd/lcd.o
 .text.buttonDown
                0x00000000       0xb8 ./04_UserBoard/lcd/lcd.o
 .text.LCD_ShowCharactor
                0x00000000       0x58 ./04_UserBoard/lcd/lcd.o
 .text.LCD_ShowHugeCharactor
                0x00000000       0xcc ./04_UserBoard/lcd/lcd.o
 .text.LCD_ShowString
                0x00000000      0x11c ./04_UserBoard/lcd/lcd.o
 .text.LCD_ShowHugeString
                0x00000000      0x184 ./04_UserBoard/lcd/lcd.o
 .text.showimageA
                0x00000000       0x68 ./04_UserBoard/lcd/lcd.o
 .text.showimage1
                0x00000000       0x18 ./04_UserBoard/lcd/lcd.o
 .text.showimageB
                0x00000000      0x15c ./04_UserBoard/lcd/lcd.o
 .text.showimage2
                0x00000000       0x1c ./04_UserBoard/lcd/lcd.o
 .text.showimageC
                0x00000000      0x118 ./04_UserBoard/lcd/lcd.o
 .rodata.GB_16  0x00000000      0xa18 ./04_UserBoard/lcd/lcd.o
 .rodata.nAsciiDot
                0x00000000      0x600 ./04_UserBoard/lcd/lcd.o
 .debug_info    0x00000000     0x36b9 ./04_UserBoard/lcd/lcd.o
 .debug_abbrev  0x00000000      0x353 ./04_UserBoard/lcd/lcd.o
 .debug_loc     0x00000000     0x2126 ./04_UserBoard/lcd/lcd.o
 .debug_aranges
                0x00000000       0xe0 ./04_UserBoard/lcd/lcd.o
 .debug_ranges  0x00000000      0x1c0 ./04_UserBoard/lcd/lcd.o
 .debug_macro   0x00000000       0xbc ./04_UserBoard/lcd/lcd.o
 .debug_macro   0x00000000      0x802 ./04_UserBoard/lcd/lcd.o
 .debug_macro   0x00000000       0x16 ./04_UserBoard/lcd/lcd.o
 .debug_macro   0x00000000       0x16 ./04_UserBoard/lcd/lcd.o
 .debug_macro   0x00000000       0x44 ./04_UserBoard/lcd/lcd.o
 .debug_macro   0x00000000      0x209 ./04_UserBoard/lcd/lcd.o
 .debug_macro   0x00000000       0x39 ./04_UserBoard/lcd/lcd.o
 .debug_macro   0x00000000       0x3a ./04_UserBoard/lcd/lcd.o
 .debug_macro   0x00000000       0x26 ./04_UserBoard/lcd/lcd.o
 .debug_macro   0x00000000      0x306 ./04_UserBoard/lcd/lcd.o
 .debug_macro   0x00000000     0xc3a9 ./04_UserBoard/lcd/lcd.o
 .debug_macro   0x00000000       0x2e ./04_UserBoard/lcd/lcd.o
 .debug_macro   0x00000000       0x4c ./04_UserBoard/lcd/lcd.o
 .debug_macro   0x00000000       0x28 ./04_UserBoard/lcd/lcd.o
 .debug_macro   0x00000000       0xc8 ./04_UserBoard/lcd/lcd.o
 .debug_line    0x00000000      0xa5c ./04_UserBoard/lcd/lcd.o
 .debug_str     0x00000000    0x4a64f ./04_UserBoard/lcd/lcd.o
 .comment       0x00000000       0x71 ./04_UserBoard/lcd/lcd.o
 .ARM.attributes
                0x00000000       0x32 ./04_UserBoard/lcd/lcd.o
 .debug_frame   0x00000000      0x37c ./04_UserBoard/lcd/lcd.o
 .data          0x00000000        0x0 ./03_MCU/startup/startup_MKL36Z4.o
 .bss           0x00000000        0x0 ./03_MCU/startup/startup_MKL36Z4.o
 .group         0x00000000        0x8 ./03_MCU/startup/system_MKL36Z4.o
 .group         0x00000000        0x8 ./03_MCU/startup/system_MKL36Z4.o
 .group         0x00000000        0x8 ./03_MCU/startup/system_MKL36Z4.o
 .group         0x00000000        0x8 ./03_MCU/startup/system_MKL36Z4.o
 .group         0x00000000        0x8 ./03_MCU/startup/system_MKL36Z4.o
 .group         0x00000000        0x8 ./03_MCU/startup/system_MKL36Z4.o
 .group         0x00000000        0x8 ./03_MCU/startup/system_MKL36Z4.o
 .group         0x00000000        0x8 ./03_MCU/startup/system_MKL36Z4.o
 .group         0x00000000        0x8 ./03_MCU/startup/system_MKL36Z4.o
 .group         0x00000000        0x8 ./03_MCU/startup/system_MKL36Z4.o
 .group         0x00000000        0x8 ./03_MCU/startup/system_MKL36Z4.o
 .text          0x00000000        0x0 ./03_MCU/startup/system_MKL36Z4.o
 .data          0x00000000        0x0 ./03_MCU/startup/system_MKL36Z4.o
 .bss           0x00000000        0x0 ./03_MCU/startup/system_MKL36Z4.o
 .data.SystemCoreClock
                0x00000000        0x4 ./03_MCU/startup/system_MKL36Z4.o
 .debug_macro   0x00000000      0x802 ./03_MCU/startup/system_MKL36Z4.o
 .debug_macro   0x00000000       0x16 ./03_MCU/startup/system_MKL36Z4.o
 .debug_macro   0x00000000       0x44 ./03_MCU/startup/system_MKL36Z4.o
 .debug_macro   0x00000000      0x209 ./03_MCU/startup/system_MKL36Z4.o
 .debug_macro   0x00000000       0x3a ./03_MCU/startup/system_MKL36Z4.o
 .debug_macro   0x00000000       0x26 ./03_MCU/startup/system_MKL36Z4.o
 .debug_macro   0x00000000      0x306 ./03_MCU/startup/system_MKL36Z4.o
 .debug_macro   0x00000000     0xc3a9 ./03_MCU/startup/system_MKL36Z4.o
 .debug_macro   0x00000000       0x2e ./03_MCU/startup/system_MKL36Z4.o
 .group         0x00000000        0x8 ./03_MCU/MCU_drivers/wdog/wdog.o
 .group         0x00000000        0x8 ./03_MCU/MCU_drivers/wdog/wdog.o
 .group         0x00000000        0x8 ./03_MCU/MCU_drivers/wdog/wdog.o
 .group         0x00000000        0x8 ./03_MCU/MCU_drivers/wdog/wdog.o
 .group         0x00000000        0x8 ./03_MCU/MCU_drivers/wdog/wdog.o
 .group         0x00000000        0x8 ./03_MCU/MCU_drivers/wdog/wdog.o
 .group         0x00000000        0x8 ./03_MCU/MCU_drivers/wdog/wdog.o
 .group         0x00000000        0x8 ./03_MCU/MCU_drivers/wdog/wdog.o
 .group         0x00000000        0x8 ./03_MCU/MCU_drivers/wdog/wdog.o
 .group         0x00000000        0x8 ./03_MCU/MCU_drivers/wdog/wdog.o
 .group         0x00000000        0x8 ./03_MCU/MCU_drivers/wdog/wdog.o
 .group         0x00000000        0x8 ./03_MCU/MCU_drivers/wdog/wdog.o
 .text          0x00000000        0x0 ./03_MCU/MCU_drivers/wdog/wdog.o
 .data          0x00000000        0x0 ./03_MCU/MCU_drivers/wdog/wdog.o
 .bss           0x00000000        0x0 ./03_MCU/MCU_drivers/wdog/wdog.o
 .text.wdog_start
                0x00000000       0x30 ./03_MCU/MCU_drivers/wdog/wdog.o
 .text.wdog_feed
                0x00000000       0x18 ./03_MCU/MCU_drivers/wdog/wdog.o
 .debug_macro   0x00000000      0x802 ./03_MCU/MCU_drivers/wdog/wdog.o
 .debug_macro   0x00000000       0x16 ./03_MCU/MCU_drivers/wdog/wdog.o
 .debug_macro   0x00000000       0x16 ./03_MCU/MCU_drivers/wdog/wdog.o
 .debug_macro   0x00000000       0x44 ./03_MCU/MCU_drivers/wdog/wdog.o
 .debug_macro   0x00000000      0x209 ./03_MCU/MCU_drivers/wdog/wdog.o
 .debug_macro   0x00000000       0x39 ./03_MCU/MCU_drivers/wdog/wdog.o
 .debug_macro   0x00000000       0x3a ./03_MCU/MCU_drivers/wdog/wdog.o
 .debug_macro   0x00000000       0x26 ./03_MCU/MCU_drivers/wdog/wdog.o
 .debug_macro   0x00000000      0x306 ./03_MCU/MCU_drivers/wdog/wdog.o
 .debug_macro   0x00000000     0xc3a9 ./03_MCU/MCU_drivers/wdog/wdog.o
 .debug_macro   0x00000000       0x2e ./03_MCU/MCU_drivers/wdog/wdog.o
 .debug_macro   0x00000000       0x1c ./03_MCU/MCU_drivers/wdog/wdog.o
 .text          0x00000000       0xc0 c:/program/kds/toolchain/bin/../lib/gcc/arm-none-eabi/4.8.4/armv6-m\libgcc.a(_divsi3.o)
 .data          0x00000000        0x0 c:/program/kds/toolchain/bin/../lib/gcc/arm-none-eabi/4.8.4/armv6-m\libgcc.a(_divsi3.o)
 .bss           0x00000000        0x0 c:/program/kds/toolchain/bin/../lib/gcc/arm-none-eabi/4.8.4/armv6-m\libgcc.a(_divsi3.o)
 .debug_frame   0x00000000       0x20 c:/program/kds/toolchain/bin/../lib/gcc/arm-none-eabi/4.8.4/armv6-m\libgcc.a(_divsi3.o)
 .ARM.attributes
                0x00000000       0x1e c:/program/kds/toolchain/bin/../lib/gcc/arm-none-eabi/4.8.4/armv6-m\libgcc.a(_divsi3.o)
 .text          0x00000000        0x4 c:/program/kds/toolchain/bin/../lib/gcc/arm-none-eabi/4.8.4/armv6-m\libgcc.a(_dvmd_tls.o)
 .data          0x00000000        0x0 c:/program/kds/toolchain/bin/../lib/gcc/arm-none-eabi/4.8.4/armv6-m\libgcc.a(_dvmd_tls.o)
 .bss           0x00000000        0x0 c:/program/kds/toolchain/bin/../lib/gcc/arm-none-eabi/4.8.4/armv6-m\libgcc.a(_dvmd_tls.o)
 .ARM.attributes
                0x00000000       0x1e c:/program/kds/toolchain/bin/../lib/gcc/arm-none-eabi/4.8.4/armv6-m\libgcc.a(_dvmd_tls.o)
 .text          0x00000000       0x40 c:/program/kds/toolchain/bin/../lib/gcc/arm-none-eabi/4.8.4/armv6-m\libgcc.a(_aeabi_uldivmod.o)
 .data          0x00000000        0x0 c:/program/kds/toolchain/bin/../lib/gcc/arm-none-eabi/4.8.4/armv6-m\libgcc.a(_aeabi_uldivmod.o)
 .bss           0x00000000        0x0 c:/program/kds/toolchain/bin/../lib/gcc/arm-none-eabi/4.8.4/armv6-m\libgcc.a(_aeabi_uldivmod.o)
 .ARM.attributes
                0x00000000       0x1e c:/program/kds/toolchain/bin/../lib/gcc/arm-none-eabi/4.8.4/armv6-m\libgcc.a(_aeabi_uldivmod.o)
 .text          0x00000000       0x44 c:/program/kds/toolchain/bin/../lib/gcc/arm-none-eabi/4.8.4/armv6-m\libgcc.a(_muldi3.o)
 .data          0x00000000        0x0 c:/program/kds/toolchain/bin/../lib/gcc/arm-none-eabi/4.8.4/armv6-m\libgcc.a(_muldi3.o)
 .bss           0x00000000        0x0 c:/program/kds/toolchain/bin/../lib/gcc/arm-none-eabi/4.8.4/armv6-m\libgcc.a(_muldi3.o)
 .ARM.attributes
                0x00000000       0x2c c:/program/kds/toolchain/bin/../lib/gcc/arm-none-eabi/4.8.4/armv6-m\libgcc.a(_muldi3.o)
 .debug_frame   0x00000000       0x30 c:/program/kds/toolchain/bin/../lib/gcc/arm-none-eabi/4.8.4/armv6-m\libgcc.a(_muldi3.o)
 .text          0x00000000       0x6c c:/program/kds/toolchain/bin/../lib/gcc/arm-none-eabi/4.8.4/armv6-m\libgcc.a(bpabi.o)
 .data          0x00000000        0x0 c:/program/kds/toolchain/bin/../lib/gcc/arm-none-eabi/4.8.4/armv6-m\libgcc.a(bpabi.o)
 .bss           0x00000000        0x0 c:/program/kds/toolchain/bin/../lib/gcc/arm-none-eabi/4.8.4/armv6-m\libgcc.a(bpabi.o)
 .ARM.attributes
                0x00000000       0x2c c:/program/kds/toolchain/bin/../lib/gcc/arm-none-eabi/4.8.4/armv6-m\libgcc.a(bpabi.o)
 .debug_frame   0x00000000       0x50 c:/program/kds/toolchain/bin/../lib/gcc/arm-none-eabi/4.8.4/armv6-m\libgcc.a(bpabi.o)
 .text          0x00000000      0x3b8 c:/program/kds/toolchain/bin/../lib/gcc/arm-none-eabi/4.8.4/armv6-m\libgcc.a(_divdi3.o)
 .data          0x00000000        0x0 c:/program/kds/toolchain/bin/../lib/gcc/arm-none-eabi/4.8.4/armv6-m\libgcc.a(_divdi3.o)
 .bss           0x00000000        0x0 c:/program/kds/toolchain/bin/../lib/gcc/arm-none-eabi/4.8.4/armv6-m\libgcc.a(_divdi3.o)
 .ARM.extab     0x00000000        0x0 c:/program/kds/toolchain/bin/../lib/gcc/arm-none-eabi/4.8.4/armv6-m\libgcc.a(_divdi3.o)
 .ARM.exidx     0x00000000        0x8 c:/program/kds/toolchain/bin/../lib/gcc/arm-none-eabi/4.8.4/armv6-m\libgcc.a(_divdi3.o)
 .ARM.attributes
                0x00000000       0x2c c:/program/kds/toolchain/bin/../lib/gcc/arm-none-eabi/4.8.4/armv6-m\libgcc.a(_divdi3.o)
 .debug_frame   0x00000000       0x3c c:/program/kds/toolchain/bin/../lib/gcc/arm-none-eabi/4.8.4/armv6-m\libgcc.a(_divdi3.o)
 .text          0x00000000      0x384 c:/program/kds/toolchain/bin/../lib/gcc/arm-none-eabi/4.8.4/armv6-m\libgcc.a(_udivdi3.o)
 .data          0x00000000        0x0 c:/program/kds/toolchain/bin/../lib/gcc/arm-none-eabi/4.8.4/armv6-m\libgcc.a(_udivdi3.o)
 .bss           0x00000000        0x0 c:/program/kds/toolchain/bin/../lib/gcc/arm-none-eabi/4.8.4/armv6-m\libgcc.a(_udivdi3.o)
 .ARM.extab     0x00000000        0x0 c:/program/kds/toolchain/bin/../lib/gcc/arm-none-eabi/4.8.4/armv6-m\libgcc.a(_udivdi3.o)
 .ARM.exidx     0x00000000        0x8 c:/program/kds/toolchain/bin/../lib/gcc/arm-none-eabi/4.8.4/armv6-m\libgcc.a(_udivdi3.o)
 .ARM.attributes
                0x00000000       0x2c c:/program/kds/toolchain/bin/../lib/gcc/arm-none-eabi/4.8.4/armv6-m\libgcc.a(_udivdi3.o)
 .debug_frame   0x00000000       0x3c c:/program/kds/toolchain/bin/../lib/gcc/arm-none-eabi/4.8.4/armv6-m\libgcc.a(_udivdi3.o)
 .text          0x00000000       0x9c c:/program/kds/toolchain/bin/../lib/gcc/arm-none-eabi/4.8.4/armv6-m\libgcc.a(_udivsi3.o)
 .data          0x00000000        0x0 c:/program/kds/toolchain/bin/../lib/gcc/arm-none-eabi/4.8.4/armv6-m\libgcc.a(_udivsi3.o)
 .bss           0x00000000        0x0 c:/program/kds/toolchain/bin/../lib/gcc/arm-none-eabi/4.8.4/armv6-m\libgcc.a(_udivsi3.o)
 .debug_frame   0x00000000       0x20 c:/program/kds/toolchain/bin/../lib/gcc/arm-none-eabi/4.8.4/armv6-m\libgcc.a(_udivsi3.o)
 .ARM.attributes
                0x00000000       0x1e c:/program/kds/toolchain/bin/../lib/gcc/arm-none-eabi/4.8.4/armv6-m\libgcc.a(_udivsi3.o)
 .text          0x00000000       0x3c c:/program/kds/toolchain/bin/../lib/gcc/arm-none-eabi/4.8.4/armv6-m\libgcc.a(_clzsi2.o)
 .data          0x00000000        0x0 c:/program/kds/toolchain/bin/../lib/gcc/arm-none-eabi/4.8.4/armv6-m\libgcc.a(_clzsi2.o)
 .bss           0x00000000        0x0 c:/program/kds/toolchain/bin/../lib/gcc/arm-none-eabi/4.8.4/armv6-m\libgcc.a(_clzsi2.o)
 .ARM.attributes
                0x00000000       0x1e c:/program/kds/toolchain/bin/../lib/gcc/arm-none-eabi/4.8.4/armv6-m\libgcc.a(_clzsi2.o)
 .text          0x00000000        0x0 c:/program/kds/toolchain/bin/../lib/gcc/arm-none-eabi/4.8.4/../../../../arm-none-eabi/lib/armv6-m\libg_s.a(lib_a-exit.o)
 .data          0x00000000        0x0 c:/program/kds/toolchain/bin/../lib/gcc/arm-none-eabi/4.8.4/../../../../arm-none-eabi/lib/armv6-m\libg_s.a(lib_a-exit.o)
 .bss           0x00000000        0x0 c:/program/kds/toolchain/bin/../lib/gcc/arm-none-eabi/4.8.4/../../../../arm-none-eabi/lib/armv6-m\libg_s.a(lib_a-exit.o)
 .text          0x00000000        0x0 c:/program/kds/toolchain/bin/../lib/gcc/arm-none-eabi/4.8.4/../../../../arm-none-eabi/lib/armv6-m\libg_s.a(lib_a-impure.o)
 .data          0x00000000        0x0 c:/program/kds/toolchain/bin/../lib/gcc/arm-none-eabi/4.8.4/../../../../arm-none-eabi/lib/armv6-m\libg_s.a(lib_a-impure.o)
 .bss           0x00000000        0x0 c:/program/kds/toolchain/bin/../lib/gcc/arm-none-eabi/4.8.4/../../../../arm-none-eabi/lib/armv6-m\libg_s.a(lib_a-impure.o)
 .data._impure_ptr
                0x00000000        0x4 c:/program/kds/toolchain/bin/../lib/gcc/arm-none-eabi/4.8.4/../../../../arm-none-eabi/lib/armv6-m\libg_s.a(lib_a-impure.o)
 .text          0x00000000        0x0 c:/program/kds/toolchain/bin/../lib/gcc/arm-none-eabi/4.8.4/../../../../arm-none-eabi/lib/armv6-m\libg_s.a(lib_a-init.o)
 .data          0x00000000        0x0 c:/program/kds/toolchain/bin/../lib/gcc/arm-none-eabi/4.8.4/../../../../arm-none-eabi/lib/armv6-m\libg_s.a(lib_a-init.o)
 .bss           0x00000000        0x0 c:/program/kds/toolchain/bin/../lib/gcc/arm-none-eabi/4.8.4/../../../../arm-none-eabi/lib/armv6-m\libg_s.a(lib_a-init.o)
 .text          0x00000000        0x0 c:/program/kds/toolchain/bin/../lib/gcc/arm-none-eabi/4.8.4/../../../../arm-none-eabi/lib/armv6-m\libg_s.a(lib_a-memcpy-stub.o)
 .data          0x00000000        0x0 c:/program/kds/toolchain/bin/../lib/gcc/arm-none-eabi/4.8.4/../../../../arm-none-eabi/lib/armv6-m\libg_s.a(lib_a-memcpy-stub.o)
 .bss           0x00000000        0x0 c:/program/kds/toolchain/bin/../lib/gcc/arm-none-eabi/4.8.4/../../../../arm-none-eabi/lib/armv6-m\libg_s.a(lib_a-memcpy-stub.o)
 .text.memcpy   0x00000000       0x12 c:/program/kds/toolchain/bin/../lib/gcc/arm-none-eabi/4.8.4/../../../../arm-none-eabi/lib/armv6-m\libg_s.a(lib_a-memcpy-stub.o)
 .ARM.attributes
                0x00000000       0x2c c:/program/kds/toolchain/bin/../lib/gcc/arm-none-eabi/4.8.4/../../../../arm-none-eabi/lib/armv6-m\libg_s.a(lib_a-memcpy-stub.o)
 .debug_frame   0x00000000       0x28 c:/program/kds/toolchain/bin/../lib/gcc/arm-none-eabi/4.8.4/../../../../arm-none-eabi/lib/armv6-m\libg_s.a(lib_a-memcpy-stub.o)
 .text          0x00000000        0x0 c:/program/kds/toolchain/bin/../lib/gcc/arm-none-eabi/4.8.4/../../../../arm-none-eabi/lib/armv6-m\libg_s.a(lib_a-memset.o)
 .data          0x00000000        0x0 c:/program/kds/toolchain/bin/../lib/gcc/arm-none-eabi/4.8.4/../../../../arm-none-eabi/lib/armv6-m\libg_s.a(lib_a-memset.o)
 .bss           0x00000000        0x0 c:/program/kds/toolchain/bin/../lib/gcc/arm-none-eabi/4.8.4/../../../../arm-none-eabi/lib/armv6-m\libg_s.a(lib_a-memset.o)
 .text          0x00000000        0x0 c:/program/kds/toolchain/bin/../lib/gcc/arm-none-eabi/4.8.4/../../../../arm-none-eabi/lib/armv6-m\libnosys.a(_exit.o)
 .data          0x00000000        0x0 c:/program/kds/toolchain/bin/../lib/gcc/arm-none-eabi/4.8.4/../../../../arm-none-eabi/lib/armv6-m\libnosys.a(_exit.o)
 .bss           0x00000000        0x0 c:/program/kds/toolchain/bin/../lib/gcc/arm-none-eabi/4.8.4/../../../../arm-none-eabi/lib/armv6-m\libnosys.a(_exit.o)
 .text          0x00000000        0x0 c:/program/kds/toolchain/bin/../lib/gcc/arm-none-eabi/4.8.4/armv6-m/crtend.o
 .data          0x00000000        0x0 c:/program/kds/toolchain/bin/../lib/gcc/arm-none-eabi/4.8.4/armv6-m/crtend.o
 .bss           0x00000000        0x0 c:/program/kds/toolchain/bin/../lib/gcc/arm-none-eabi/4.8.4/armv6-m/crtend.o
 .eh_frame      0x00000000        0x4 c:/program/kds/toolchain/bin/../lib/gcc/arm-none-eabi/4.8.4/armv6-m/crtend.o
 .text          0x00000000        0x0 c:/program/kds/toolchain/bin/../lib/gcc/arm-none-eabi/4.8.4/armv6-m/crtn.o
 .data          0x00000000        0x0 c:/program/kds/toolchain/bin/../lib/gcc/arm-none-eabi/4.8.4/armv6-m/crtn.o
 .bss           0x00000000        0x0 c:/program/kds/toolchain/bin/../lib/gcc/arm-none-eabi/4.8.4/armv6-m/crtn.o

Memory Configuration

Name             Origin             Length             Attributes
m_interrupts     0x00007800         0x00000100         xr
m_flash_config   0x00007c00         0x00000010         xr
m_text           0x00007c10         0x000083f0         xr
m_data           0x20000800         0x00001000         rw
*default*        0x00000000         0xffffffff

Linker script and memory map

LOAD c:/program/kds/toolchain/bin/../lib/gcc/arm-none-eabi/4.8.4/armv6-m/crti.o
LOAD c:/program/kds/toolchain/bin/../lib/gcc/arm-none-eabi/4.8.4/armv6-m/crtbegin.o
LOAD c:/program/kds/toolchain/bin/../lib/gcc/arm-none-eabi/4.8.4/../../../../arm-none-eabi/lib/armv6-m/crt0.o
LOAD ./06_NosPrg/isr.o
LOAD ./06_NosPrg/main.o
LOAD ./05_SoftComponent/timeStamp/timeStamp.o
LOAD ./05_SoftComponent/common/common.o
LOAD ./04_UserBoard/light/light.o
LOAD ./04_UserBoard/lcd/lcd.o
LOAD ./03_MCU/startup/startup_MKL36Z4.o
LOAD ./03_MCU/startup/system_MKL36Z4.o
LOAD ./03_MCU/MCU_drivers/wdog/wdog.o
LOAD c:/program/kds/toolchain/bin/../lib/gcc/arm-none-eabi/4.8.4/../../../../arm-none-eabi/lib/armv6-m\libstdc++_s.a
LOAD c:/program/kds/toolchain/bin/../lib/gcc/arm-none-eabi/4.8.4/../../../../arm-none-eabi/lib/armv6-m\libm.a
START GROUP
LOAD c:/program/kds/toolchain/bin/../lib/gcc/arm-none-eabi/4.8.4/armv6-m\libgcc.a
LOAD c:/program/kds/toolchain/bin/../lib/gcc/arm-none-eabi/4.8.4/../../../../arm-none-eabi/lib/armv6-m\libg_s.a
LOAD c:/program/kds/toolchain/bin/../lib/gcc/arm-none-eabi/4.8.4/../../../../arm-none-eabi/lib/armv6-m\libc_s.a
END GROUP
START GROUP
LOAD c:/program/kds/toolchain/bin/../lib/gcc/arm-none-eabi/4.8.4/armv6-m\libgcc.a
LOAD c:/program/kds/toolchain/bin/../lib/gcc/arm-none-eabi/4.8.4/../../../../arm-none-eabi/lib/armv6-m\libc_s.a
LOAD c:/program/kds/toolchain/bin/../lib/gcc/arm-none-eabi/4.8.4/../../../../arm-none-eabi/lib/armv6-m\libnosys.a
END GROUP
START GROUP
LOAD c:/program/kds/toolchain/bin/../lib/gcc/arm-none-eabi/4.8.4/armv6-m\libgcc.a
LOAD c:/program/kds/toolchain/bin/../lib/gcc/arm-none-eabi/4.8.4/../../../../arm-none-eabi/lib/armv6-m\libc_s.a
LOAD c:/program/kds/toolchain/bin/../lib/gcc/arm-none-eabi/4.8.4/../../../../arm-none-eabi/lib/armv6-m\libnosys.a
END GROUP
LOAD c:/program/kds/toolchain/bin/../lib/gcc/arm-none-eabi/4.8.4/armv6-m/crtend.o
LOAD c:/program/kds/toolchain/bin/../lib/gcc/arm-none-eabi/4.8.4/armv6-m/crtn.o
                0x00000200                HEAP_SIZE = DEFINED (__heap_size__)?__heap_size__:0x200
                0x00000100                STACK_SIZE = DEFINED (__stack_size__)?__stack_size__:0x100

.interrupts     0x00007800       0xc0
                0x00007800                __VECTOR_TABLE = .
                0x00007800                . = ALIGN (0x4)
 *(.isr_vector)
 .isr_vector    0x00007800       0xc0 ./03_MCU/startup/startup_MKL36Z4.o
                0x00007800                __isr_vector
                0x000078c0                . = ALIGN (0x4)

.flash_config   0x00007c00       0x10
                0x00007c00                . = ALIGN (0x4)
 *(.FlashConfig)
 .FlashConfig   0x00007c00       0x10 ./03_MCU/startup/startup_MKL36Z4.o
                0x00007c10                . = ALIGN (0x4)

.text           0x00007c10      0x7c0
                0x00007c10                . = ALIGN (0x4)
 *(.text)
 .text          0x00007c10       0x60 c:/program/kds/toolchain/bin/../lib/gcc/arm-none-eabi/4.8.4/armv6-m/crtbegin.o
 .text          0x00007c70       0x78 c:/program/kds/toolchain/bin/../lib/gcc/arm-none-eabi/4.8.4/../../../../arm-none-eabi/lib/armv6-m/crt0.o
                0x00007c70                _start
                0x00007c70                _mainCRTStartup
 .text          0x00007ce8       0x34 ./03_MCU/startup/startup_MKL36Z4.o
                0x00007ce8                Reset_Handler
                0x00007d14                HardFault_Handler
                0x00007d14                PendSV_Handler
                0x00007d14                NMI_Handler
                0x00007d14                PORTC_PORTD_IRQHandler
                0x00007d14                I2C1_IRQHandler
                0x00007d14                UART1_IRQHandler
                0x00007d14                DMA2_IRQHandler
                0x00007d14                TPM0_IRQHandler
                0x00007d14                I2S0_IRQHandler
                0x00007d14                LLWU_IRQHandler
                0x00007d14                ADC0_IRQHandler
                0x00007d14                SPI1_IRQHandler
                0x00007d14                DefaultISR
                0x00007d14                TPM2_IRQHandler
                0x00007d14                RTC_IRQHandler
                0x00007d14                I2C0_IRQHandler
                0x00007d14                LCD_IRQHandler
                0x00007d14                RTC_Seconds_IRQHandler
                0x00007d14                MCG_IRQHandler
                0x00007d14                UART2_IRQHandler
                0x00007d14                Reserved20_IRQHandler
                0x00007d14                PIT_IRQHandler
                0x00007d14                SVC_Handler
                0x00007d14                DMA3_IRQHandler
                0x00007d14                DMA0_IRQHandler
                0x00007d14                DAC0_IRQHandler
                0x00007d14                TPM1_IRQHandler
                0x00007d14                LVD_LVW_IRQHandler
                0x00007d14                SPI0_IRQHandler
                0x00007d14                PORTA_IRQHandler
                0x00007d14                FTFA_IRQHandler
                0x00007d14                Reserved40_IRQHandler
                0x00007d14                CMP0_IRQHandler
                0x00007d14                DMA1_IRQHandler
 *(.text*)
 .text.SysTick_Handler
                0x00007d1c        0x4 ./06_NosPrg/isr.o
                0x00007d1c                SysTick_Handler
 .text.LPTMR0_IRQHandler
                0x00007d20       0x2c ./06_NosPrg/isr.o
                0x00007d20                LPTMR0_IRQHandler
 .text.TSI0_IRQHandler
                0x00007d4c       0x28 ./06_NosPrg/isr.o
                0x00007d4c                TSI0_IRQHandler
 .text.UART0_IRQHandler
                0x00007d74       0x44 ./06_NosPrg/isr.o
                0x00007d74                UART0_IRQHandler
 .text.startup.main
                0x00007db8       0x4c ./06_NosPrg/main.o
                0x00007db8                main
 .text.funPointerInit
                0x00007e04      0x418 ./05_SoftComponent/common/common.o
                0x00007e04                funPointerInit
 .text.cpy_nvic
                0x0000821c       0x24 ./05_SoftComponent/common/common.o
                0x0000821c                cpy_nvic
 .text.SystemInit
                0x00008240       0xc8 ./03_MCU/startup/system_MKL36Z4.o
                0x00008240                SystemInit
 .text.wdog_stop
                0x00008308       0x14 ./03_MCU/MCU_drivers/wdog/wdog.o
                0x00008308                wdog_stop
 .text.exit     0x0000831c       0x2c c:/program/kds/toolchain/bin/../lib/gcc/arm-none-eabi/4.8.4/../../../../arm-none-eabi/lib/armv6-m\libg_s.a(lib_a-exit.o)
                0x0000831c                exit
 .text.__libc_init_array
                0x00008348       0x4c c:/program/kds/toolchain/bin/../lib/gcc/arm-none-eabi/4.8.4/../../../../arm-none-eabi/lib/armv6-m\libg_s.a(lib_a-init.o)
                0x00008348                __libc_init_array
 .text.memset   0x00008394       0x10 c:/program/kds/toolchain/bin/../lib/gcc/arm-none-eabi/4.8.4/../../../../arm-none-eabi/lib/armv6-m\libg_s.a(lib_a-memset.o)
                0x00008394                memset
 .text._exit    0x000083a4        0x4 c:/program/kds/toolchain/bin/../lib/gcc/arm-none-eabi/4.8.4/../../../../arm-none-eabi/lib/armv6-m\libnosys.a(_exit.o)
                0x000083a4                _exit
 *(.rodata)
 *(.rodata*)
 .rodata.str1.4
                0x000083a8        0x8 ./06_NosPrg/main.o
 .rodata.str1.1
                0x000083b0        0x2 c:/program/kds/toolchain/bin/../lib/gcc/arm-none-eabi/4.8.4/../../../../arm-none-eabi/lib/armv6-m\libg_s.a(lib_a-impure.o)
 *fill*         0x000083b2        0x2 
 .rodata._global_impure_ptr
                0x000083b4        0x4 c:/program/kds/toolchain/bin/../lib/gcc/arm-none-eabi/4.8.4/../../../../arm-none-eabi/lib/armv6-m\libg_s.a(lib_a-impure.o)
                0x000083b4                _global_impure_ptr
 *(.glue_7)
 .glue_7        0x00000000        0x0 linker stubs
 *(.glue_7t)
 .glue_7t       0x00000000        0x0 linker stubs
 *(.eh_frame)
 .eh_frame      0x000083b8        0x0 c:/program/kds/toolchain/bin/../lib/gcc/arm-none-eabi/4.8.4/armv6-m/crtbegin.o
 *(.init)
 .init          0x000083b8        0x4 c:/program/kds/toolchain/bin/../lib/gcc/arm-none-eabi/4.8.4/armv6-m/crti.o
                0x000083b8                _init
 .init          0x000083bc        0x8 c:/program/kds/toolchain/bin/../lib/gcc/arm-none-eabi/4.8.4/armv6-m/crtn.o
 *(.fini)
 .fini          0x000083c4        0x4 c:/program/kds/toolchain/bin/../lib/gcc/arm-none-eabi/4.8.4/armv6-m/crti.o
                0x000083c4                _fini
 .fini          0x000083c8        0x8 c:/program/kds/toolchain/bin/../lib/gcc/arm-none-eabi/4.8.4/armv6-m/crtn.o
                0x000083d0                . = ALIGN (0x4)

.vfp11_veneer   0x000083d0        0x0
 .vfp11_veneer  0x00000000        0x0 linker stubs

.v4_bx          0x000083d0        0x0
 .v4_bx         0x00000000        0x0 linker stubs

.iplt           0x000083d0        0x0
 .iplt          0x00000000        0x0 c:/program/kds/toolchain/bin/../lib/gcc/arm-none-eabi/4.8.4/armv6-m/crtbegin.o

.ARM.extab
 *(.ARM.extab* .gnu.linkonce.armextab.*)

.ARM            0x000083d0        0x8
                0x000083d0                __exidx_start = .
 *(.ARM.exidx*)
 .ARM.exidx     0x000083d0        0x8 c:/program/kds/toolchain/bin/../lib/gcc/arm-none-eabi/4.8.4/../../../../arm-none-eabi/lib/armv6-m/crt0.o
                0x000083d8                __exidx_end = .

.rel.dyn        0x000083d8        0x0
 .rel.iplt      0x00000000        0x0 c:/program/kds/toolchain/bin/../lib/gcc/arm-none-eabi/4.8.4/armv6-m/crtbegin.o

.ctors          0x000083d8        0x0
                0x000083d8                __CTOR_LIST__ = .
 *crtbegin.o(.ctors)
 *crtbegin?.o(.ctors)
 *(EXCLUDE_FILE(*crtend.o *crtend?.o) .ctors)
 *(SORT(.ctors.*))
 *(.ctors)
                0x000083d8                __CTOR_END__ = .

.dtors          0x000083d8        0x0
                0x000083d8                __DTOR_LIST__ = .
 *crtbegin.o(.dtors)
 *crtbegin?.o(.dtors)
 *(EXCLUDE_FILE(*crtend.o *crtend?.o) .dtors)
 *(SORT(.dtors.*))
 *(.dtors)
                0x000083d8                __DTOR_END__ = .

.preinit_array  0x000083d8        0x0
                0x000083d8                PROVIDE (__preinit_array_start, .)
 *(.preinit_array*)
                0x000083d8                PROVIDE (__preinit_array_end, .)

.init_array     0x000083d8        0x4
                0x000083d8                PROVIDE (__init_array_start, .)
 *(SORT(.init_array.*))
 *(.init_array*)
 .init_array    0x000083d8        0x4 c:/program/kds/toolchain/bin/../lib/gcc/arm-none-eabi/4.8.4/armv6-m/crtbegin.o
                0x000083dc                PROVIDE (__init_array_end, .)

.fini_array     0x000083dc        0x4
                0x000083dc                PROVIDE (__fini_array_start, .)
 *(SORT(.fini_array.*))
 *(.fini_array*)
 .fini_array    0x000083dc        0x4 c:/program/kds/toolchain/bin/../lib/gcc/arm-none-eabi/4.8.4/armv6-m/crtbegin.o
                0x000083e0                PROVIDE (__fini_array_end, .)
                0x000083e0                __etext = .
                0x000083e0                __DATA_ROM = .

.mtb            0x20000800        0x0
                0x20000800                . = ALIGN (0x8)
                0x20000800                _mtb_start = .
 *(.mtb_buf)
                0x20000800                . = ALIGN (0x8)
                0x20000800                _mtb_end = .

.data           0x20000800       0x64 load address 0x000083e0
                0x20000800                . = ALIGN (0x4)
                0x20000800                __DATA_RAM = .
                0x20000800                __data_start__ = .
 *(.data)
 *(.data*)
 .data.impure_data
                0x20000800       0x60 c:/program/kds/toolchain/bin/../lib/gcc/arm-none-eabi/4.8.4/../../../../arm-none-eabi/lib/armv6-m\libg_s.a(lib_a-impure.o)
 *(.jcr*)
 .jcr           0x20000860        0x0 c:/program/kds/toolchain/bin/../lib/gcc/arm-none-eabi/4.8.4/armv6-m/crtbegin.o
 .jcr           0x20000860        0x4 c:/program/kds/toolchain/bin/../lib/gcc/arm-none-eabi/4.8.4/armv6-m/crtend.o
                0x20000864                . = ALIGN (0x4)
                0x20000864                __data_end__ = .
                0x00008444                __DATA_END = (__DATA_ROM + (__data_end__ - __data_start__))

.igot.plt       0x20000864        0x0 load address 0x00008444
 .igot.plt      0x00000000        0x0 c:/program/kds/toolchain/bin/../lib/gcc/arm-none-eabi/4.8.4/armv6-m/crtbegin.o

.bss            0x20000864      0x134 load address 0x00008444
                0x20000864                . = ALIGN (0x4)
                0x20000864                __START_BSS = .
                0x20000864                __bss_start__ = .
 *(.bss)
 .bss           0x20000864       0x1c c:/program/kds/toolchain/bin/../lib/gcc/arm-none-eabi/4.8.4/armv6-m/crtbegin.o
 *(.bss*)
 .bss.count.6211
                0x20000880        0x1 ./06_NosPrg/isr.o
 *(COMMON)
 *fill*         0x20000881        0x3 
 COMMON         0x20000884       0xf8 ./06_NosPrg/isr.o
                0x20000884                flash_write
                0x20000888                gpio_get_int
                0x2000088c                flash_read_physical
                0x20000890                gpio_drive_strength
                0x20000894                uecom_config
                0x20000898                uecom_getSignalPower
                0x2000089c                uart_sendN
                0x200008a0                disable_lptmr_int
                0x200008a4                uart_enable_re_int
                0x200008a8                gnss_get_time
                0x200008ac                flash_protect
                0x200008b0                gpio_clear_allint
                0x200008b4                tsi_set_threshold
                0x200008b8                flash_erase
                0x200008bc                uart_disable_re_int
                0x200008c0                flash_init
                0x200008c4                enable_lptmr_int
                0x200008c8                uecom_getCurCommunity
                0x200008cc                tsi_softsearch
                0x200008d0                adc_read
                0x200008d4                uart_get_re_int
                0x200008d8                uart_reN
                0x200008dc                gnss_init
                0x200008e0                uart_send_string
                0x200008e4                getSystemTime
                0x200008e8                uart_init
                0x200008ec                tsi_get_value16
                0x200008f0                gpio_get
                0x200008f4                uart_deint
                0x200008f8                http_get
                0x200008fc                tsi_disable_re_int
                0x20000900                lptmr_init
                0x20000904                uecom_send
                0x20000908                gpio_disable_int
                0x2000090c                gnss_get_location
                0x20000910                flash_read_logic
                0x20000914                uart_re1
                0x20000918                uecom_getIMEI
                0x2000091c                gnss_get_attitude
                0x20000920                gpio_clear_int
                0x20000924                gnss_get_speed
                0x20000928                lptmr_reset
                0x2000092c                tsi_enable_re_int
                0x20000930                uecom_getUEIP
                0x20000934                uecom_deInit
                0x20000938                adc_init
                0x2000093c                uecom_interrupt
                0x20000940                tsi_init
                0x20000944                flash_isempty
                0x20000948                gpio_enable_int
                0x2000094c                gpio_pull
                0x20000950                uecom_switch
                0x20000954                uecom_default_delay_ms
                0x20000958                uart_send1
                0x2000095c                uecom_fast_init
                0x20000960                gpio_set
                0x20000964                uecom_getBSNum
                0x20000968                gpio_reverse
                0x2000096c                uecom_getFirmVer
                0x20000970                uecom_init
                0x20000974                gpio_init
                0x20000978                uecom_getIMSI
 COMMON         0x2000097c       0x1c ./05_SoftComponent/common/common.o
                0x2000097c                SPI_sendN
                0x20000980                SPI_disable_re_int
                0x20000984                SPI_receive1
                0x20000988                SPI_receiveN
                0x2000098c                SPI_send1
                0x20000990                SPI_init
                0x20000994                SPI_enable_re_int
                0x20000998                . = ALIGN (0x4)
                0x20000998                __bss_end__ = .
                0x20000998                __END_BSS = .

.heap           0x20000998      0x200 load address 0x00008578
                0x20000998                . = ALIGN (0x8)
                0x20000998                __end__ = .
                0x20000998                PROVIDE (end, .)
                0x20000998                __HeapBase = .
                0x20000b98                . = (. + HEAP_SIZE)
 *fill*         0x20000998      0x200 
                0x20000b98                __HeapLimit = .

.stack          0x20000b98      0x100 load address 0x00008778
                0x20000b98                . = ALIGN (0x8)
                0x20000c98                . = (. + STACK_SIZE)
 *fill*         0x20000b98      0x100 
                0x20001800                __StackTop = (ORIGIN (m_data) + 0x1000)
                0x20001700                __StackLimit = (__StackTop - STACK_SIZE)
                0x20001800                PROVIDE (__stack, __StackTop)

.ARM.attributes
                0x00000000       0x28
 *(.ARM.attributes)
 .ARM.attributes
                0x00000000       0x1e c:/program/kds/toolchain/bin/../lib/gcc/arm-none-eabi/4.8.4/armv6-m/crti.o
 .ARM.attributes
                0x0000001e       0x2c c:/program/kds/toolchain/bin/../lib/gcc/arm-none-eabi/4.8.4/armv6-m/crtbegin.o
 .ARM.attributes
                0x0000004a       0x1b c:/program/kds/toolchain/bin/../lib/gcc/arm-none-eabi/4.8.4/../../../../arm-none-eabi/lib/armv6-m/crt0.o
 .ARM.attributes
                0x00000065       0x32 ./06_NosPrg/isr.o
 .ARM.attributes
                0x00000097       0x32 ./06_NosPrg/main.o
 .ARM.attributes
                0x000000c9       0x32 ./05_SoftComponent/common/common.o
 .ARM.attributes
                0x000000fb       0x1b ./03_MCU/startup/startup_MKL36Z4.o
 .ARM.attributes
                0x00000116       0x32 ./03_MCU/startup/system_MKL36Z4.o
 .ARM.attributes
                0x00000148       0x32 ./03_MCU/MCU_drivers/wdog/wdog.o
 .ARM.attributes
                0x0000017a       0x2c c:/program/kds/toolchain/bin/../lib/gcc/arm-none-eabi/4.8.4/../../../../arm-none-eabi/lib/armv6-m\libg_s.a(lib_a-exit.o)
 .ARM.attributes
                0x000001a6       0x2c c:/program/kds/toolchain/bin/../lib/gcc/arm-none-eabi/4.8.4/../../../../arm-none-eabi/lib/armv6-m\libg_s.a(lib_a-impure.o)
 .ARM.attributes
                0x000001d2       0x2c c:/program/kds/toolchain/bin/../lib/gcc/arm-none-eabi/4.8.4/../../../../arm-none-eabi/lib/armv6-m\libg_s.a(lib_a-init.o)
 .ARM.attributes
                0x000001fe       0x2c c:/program/kds/toolchain/bin/../lib/gcc/arm-none-eabi/4.8.4/../../../../arm-none-eabi/lib/armv6-m\libg_s.a(lib_a-memset.o)
 .ARM.attributes
                0x0000022a       0x2c c:/program/kds/toolchain/bin/../lib/gcc/arm-none-eabi/4.8.4/../../../../arm-none-eabi/lib/armv6-m\libnosys.a(_exit.o)
 .ARM.attributes
                0x00000256       0x2c c:/program/kds/toolchain/bin/../lib/gcc/arm-none-eabi/4.8.4/armv6-m/crtend.o
 .ARM.attributes
                0x00000282       0x1e c:/program/kds/toolchain/bin/../lib/gcc/arm-none-eabi/4.8.4/armv6-m/crtn.o
                0x00000001                ASSERT ((__StackLimit >= __HeapLimit), region m_data overflowed with stack and heap)
OUTPUT(KL36_Update.elf elf32-littlearm)

.debug_info     0x00000000     0x3c7a
 .debug_info    0x00000000      0xe63 ./06_NosPrg/isr.o
 .debug_info    0x00000e63      0xf1b ./06_NosPrg/main.o
 .debug_info    0x00001d7e     0x16bc ./05_SoftComponent/common/common.o
 .debug_info    0x0000343a       0xc2 ./03_MCU/startup/startup_MKL36Z4.o
 .debug_info    0x000034fc      0x463 ./03_MCU/startup/system_MKL36Z4.o
 .debug_info    0x0000395f      0x31b ./03_MCU/MCU_drivers/wdog/wdog.o

.debug_abbrev   0x00000000      0x8e3
 .debug_abbrev  0x00000000      0x1bc ./06_NosPrg/isr.o
 .debug_abbrev  0x000001bc      0x1eb ./06_NosPrg/main.o
 .debug_abbrev  0x000003a7      0x2f2 ./05_SoftComponent/common/common.o
 .debug_abbrev  0x00000699       0x14 ./03_MCU/startup/startup_MKL36Z4.o
 .debug_abbrev  0x000006ad      0x11a ./03_MCU/startup/system_MKL36Z4.o
 .debug_abbrev  0x000007c7      0x11c ./03_MCU/MCU_drivers/wdog/wdog.o

.debug_loc      0x00000000      0x39e
 .debug_loc     0x00000000       0x1e ./06_NosPrg/isr.o
 .debug_loc     0x0000001e      0x380 ./05_SoftComponent/common/common.o

.debug_aranges  0x00000000      0x140
 .debug_aranges
                0x00000000       0x38 ./06_NosPrg/isr.o
 .debug_aranges
                0x00000038       0x20 ./06_NosPrg/main.o
 .debug_aranges
                0x00000058       0x78 ./05_SoftComponent/common/common.o
 .debug_aranges
                0x000000d0       0x20 ./03_MCU/startup/startup_MKL36Z4.o
 .debug_aranges
                0x000000f0       0x20 ./03_MCU/startup/system_MKL36Z4.o
 .debug_aranges
                0x00000110       0x30 ./03_MCU/MCU_drivers/wdog/wdog.o

.debug_ranges   0x00000000      0x100
 .debug_ranges  0x00000000       0x28 ./06_NosPrg/isr.o
 .debug_ranges  0x00000028       0x10 ./06_NosPrg/main.o
 .debug_ranges  0x00000038       0x98 ./05_SoftComponent/common/common.o
 .debug_ranges  0x000000d0       0x10 ./03_MCU/startup/system_MKL36Z4.o
 .debug_ranges  0x000000e0       0x20 ./03_MCU/MCU_drivers/wdog/wdog.o

.debug_macro    0x00000000     0xe7f0
 .debug_macro   0x00000000      0x22e ./06_NosPrg/isr.o
 .debug_macro   0x0000022e      0x802 ./06_NosPrg/isr.o
 .debug_macro   0x00000a30       0x16 ./06_NosPrg/isr.o
 .debug_macro   0x00000a46       0x16 ./06_NosPrg/isr.o
 .debug_macro   0x00000a5c       0x44 ./06_NosPrg/isr.o
 .debug_macro   0x00000aa0      0x209 ./06_NosPrg/isr.o
 .debug_macro   0x00000ca9       0x39 ./06_NosPrg/isr.o
 .debug_macro   0x00000ce2       0x3a ./06_NosPrg/isr.o
 .debug_macro   0x00000d1c       0x26 ./06_NosPrg/isr.o
 .debug_macro   0x00000d42      0x306 ./06_NosPrg/isr.o
 .debug_macro   0x00001048     0xc3a9 ./06_NosPrg/isr.o
 .debug_macro   0x0000d3f1       0x2e ./06_NosPrg/isr.o
 .debug_macro   0x0000d41f       0x3a ./06_NosPrg/isr.o
 .debug_macro   0x0000d459       0x52 ./06_NosPrg/isr.o
 .debug_macro   0x0000d4ab       0xc8 ./06_NosPrg/isr.o
 .debug_macro   0x0000d573       0x2e ./06_NosPrg/isr.o
 .debug_macro   0x0000d5a1       0x2e ./06_NosPrg/isr.o
 .debug_macro   0x0000d5cf       0x28 ./06_NosPrg/isr.o
 .debug_macro   0x0000d5f7       0x58 ./06_NosPrg/isr.o
 .debug_macro   0x0000d64f       0x35 ./06_NosPrg/isr.o
 .debug_macro   0x0000d684       0xa3 ./06_NosPrg/isr.o
 .debug_macro   0x0000d727       0x16 ./06_NosPrg/isr.o
 .debug_macro   0x0000d73d       0x97 ./06_NosPrg/isr.o
 .debug_macro   0x0000d7d4       0x10 ./06_NosPrg/isr.o
 .debug_macro   0x0000d7e4       0xef ./06_NosPrg/isr.o
 .debug_macro   0x0000d8d3       0x52 ./06_NosPrg/isr.o
 .debug_macro   0x0000d925       0x16 ./06_NosPrg/isr.o
 .debug_macro   0x0000d93b       0x43 ./06_NosPrg/isr.o
 .debug_macro   0x0000d97e      0x180 ./06_NosPrg/isr.o
 .debug_macro   0x0000dafe       0x10 ./06_NosPrg/isr.o
 .debug_macro   0x0000db0e       0x22 ./06_NosPrg/isr.o
 .debug_macro   0x0000db30       0xbd ./06_NosPrg/isr.o
 .debug_macro   0x0000dbed       0x16 ./06_NosPrg/isr.o
 .debug_macro   0x0000dc03      0x14a ./06_NosPrg/isr.o
 .debug_macro   0x0000dd4d       0x16 ./06_NosPrg/isr.o
 .debug_macro   0x0000dd63       0x35 ./06_NosPrg/isr.o
 .debug_macro   0x0000dd98       0x22 ./06_NosPrg/isr.o
 .debug_macro   0x0000ddba      0x2a6 ./06_NosPrg/isr.o
 .debug_macro   0x0000e060       0x10 ./06_NosPrg/isr.o
 .debug_macro   0x0000e070       0x28 ./06_NosPrg/isr.o
 .debug_macro   0x0000e098       0x64 ./06_NosPrg/isr.o
 .debug_macro   0x0000e0fc       0x22 ./06_NosPrg/isr.o
 .debug_macro   0x0000e11e       0x2e ./06_NosPrg/isr.o
 .debug_macro   0x0000e14c      0x234 ./06_NosPrg/main.o
 .debug_macro   0x0000e380       0x2e ./06_NosPrg/main.o
 .debug_macro   0x0000e3ae      0x22c ./05_SoftComponent/common/common.o
 .debug_macro   0x0000e5da       0x34 ./05_SoftComponent/common/common.o
 .debug_macro   0x0000e60e       0x28 ./05_SoftComponent/common/common.o
 .debug_macro   0x0000e636       0xa9 ./03_MCU/startup/system_MKL36Z4.o
 .debug_macro   0x0000e6df       0x4b ./03_MCU/startup/system_MKL36Z4.o
 .debug_macro   0x0000e72a       0x1c ./03_MCU/startup/system_MKL36Z4.o
 .debug_macro   0x0000e746       0xaa ./03_MCU/MCU_drivers/wdog/wdog.o

.debug_line     0x00000000     0x27a2
 .debug_line    0x00000000      0xa8a ./06_NosPrg/isr.o
 .debug_line    0x00000a8a      0xa24 ./06_NosPrg/main.o
 .debug_line    0x000014ae      0xaf6 ./05_SoftComponent/common/common.o
 .debug_line    0x00001fa4       0x6c ./03_MCU/startup/startup_MKL36Z4.o
 .debug_line    0x00002010      0x418 ./03_MCU/startup/system_MKL36Z4.o
 .debug_line    0x00002428      0x37a ./03_MCU/MCU_drivers/wdog/wdog.o

.debug_str      0x00000000    0x4dc64
 .debug_str     0x00000000    0x4d50c ./06_NosPrg/isr.o
                              0x4dd29 (size before relaxing)
 .debug_str     0x0004d50c      0x126 ./06_NosPrg/main.o
                              0x4ddb3 (size before relaxing)
 .debug_str     0x0004d632      0x490 ./05_SoftComponent/common/common.o
                              0x4ded4 (size before relaxing)
 .debug_str     0x0004dac2      0x163 ./03_MCU/startup/system_MKL36Z4.o
                              0x4a07a (size before relaxing)
 .debug_str     0x0004dc25       0x3f ./03_MCU/MCU_drivers/wdog/wdog.o
                              0x4a040 (size before relaxing)

.comment        0x00000000       0x70
 .comment       0x00000000       0x70 ./06_NosPrg/isr.o
                                 0x71 (size before relaxing)
 .comment       0x00000000       0x71 ./06_NosPrg/main.o
 .comment       0x00000000       0x71 ./05_SoftComponent/common/common.o
 .comment       0x00000000       0x71 ./03_MCU/startup/system_MKL36Z4.o
 .comment       0x00000000       0x71 ./03_MCU/MCU_drivers/wdog/wdog.o

.debug_frame    0x00000000      0x288
 .debug_frame   0x00000000       0x5c ./06_NosPrg/isr.o
 .debug_frame   0x0000005c       0x2c ./06_NosPrg/main.o
 .debug_frame   0x00000088      0x104 ./05_SoftComponent/common/common.o
 .debug_frame   0x0000018c       0x28 ./03_MCU/startup/system_MKL36Z4.o
 .debug_frame   0x000001b4       0x40 ./03_MCU/MCU_drivers/wdog/wdog.o
 .debug_frame   0x000001f4       0x28 c:/program/kds/toolchain/bin/../lib/gcc/arm-none-eabi/4.8.4/../../../../arm-none-eabi/lib/armv6-m\libg_s.a(lib_a-exit.o)
 .debug_frame   0x0000021c       0x2c c:/program/kds/toolchain/bin/../lib/gcc/arm-none-eabi/4.8.4/../../../../arm-none-eabi/lib/armv6-m\libg_s.a(lib_a-init.o)
 .debug_frame   0x00000248       0x20 c:/program/kds/toolchain/bin/../lib/gcc/arm-none-eabi/4.8.4/../../../../arm-none-eabi/lib/armv6-m\libg_s.a(lib_a-memset.o)
 .debug_frame   0x00000268       0x20 c:/program/kds/toolchain/bin/../lib/gcc/arm-none-eabi/4.8.4/../../../../arm-none-eabi/lib/armv6-m\libnosys.a(_exit.o)
