Archive member included to satisfy reference by file (symbol)

c:/program files (x86)/gnu tools arm embedded/7 2017-q4-major/bin/../lib/gcc/arm-none-eabi/7.2.1/thumb/v6-m\libgcc.a(_udivsi3.o)
                              ./04_UserBoard/uecom/uecom.o (__aeabi_uidiv)
c:/program files (x86)/gnu tools arm embedded/7 2017-q4-major/bin/../lib/gcc/arm-none-eabi/7.2.1/thumb/v6-m\libgcc.a(_divsi3.o)
                              ./04_UserBoard/uecom/uecom.o (__aeabi_idiv)
c:/program files (x86)/gnu tools arm embedded/7 2017-q4-major/bin/../lib/gcc/arm-none-eabi/7.2.1/thumb/v6-m\libgcc.a(_dvmd_tls.o)
                              c:/program files (x86)/gnu tools arm embedded/7 2017-q4-major/bin/../lib/gcc/arm-none-eabi/7.2.1/thumb/v6-m\libgcc.a(_udivsi3.o) (__aeabi_idiv0)
c:/program files (x86)/gnu tools arm embedded/7 2017-q4-major/bin/../lib/gcc/arm-none-eabi/7.2.1/thumb/v6-m\libgcc.a(_aeabi_uldivmod.o)
                              ./05_SoftComponent/timeStamp/timeStamp.o (__aeabi_uldivmod)
c:/program files (x86)/gnu tools arm embedded/7 2017-q4-major/bin/../lib/gcc/arm-none-eabi/7.2.1/thumb/v6-m\libgcc.a(_muldi3.o)
                              ./05_SoftComponent/timeStamp/timeStamp.o (__aeabi_lmul)
c:/program files (x86)/gnu tools arm embedded/7 2017-q4-major/bin/../lib/gcc/arm-none-eabi/7.2.1/thumb/v6-m\libgcc.a(_udivmoddi4.o)
                              c:/program files (x86)/gnu tools arm embedded/7 2017-q4-major/bin/../lib/gcc/arm-none-eabi/7.2.1/thumb/v6-m\libgcc.a(_aeabi_uldivmod.o) (__udivmoddi4)
c:/program files (x86)/gnu tools arm embedded/7 2017-q4-major/bin/../lib/gcc/arm-none-eabi/7.2.1/thumb/v6-m\libgcc.a(_clzdi2.o)
                              c:/program files (x86)/gnu tools arm embedded/7 2017-q4-major/bin/../lib/gcc/arm-none-eabi/7.2.1/thumb/v6-m\libgcc.a(_udivmoddi4.o) (__clzdi2)
c:/program files (x86)/gnu tools arm embedded/7 2017-q4-major/bin/../lib/gcc/arm-none-eabi/7.2.1/thumb/v6-m\libgcc.a(_clzsi2.o)
                              c:/program files (x86)/gnu tools arm embedded/7 2017-q4-major/bin/../lib/gcc/arm-none-eabi/7.2.1/thumb/v6-m\libgcc.a(_clzdi2.o) (__clzsi2)
c:/program files (x86)/gnu tools arm embedded/7 2017-q4-major/bin/../lib/gcc/arm-none-eabi/7.2.1/../../../../arm-none-eabi/lib/thumb/v6-m\libg_nano.a(lib_a-exit.o)
                              c:/program files (x86)/gnu tools arm embedded/7 2017-q4-major/bin/../lib/gcc/arm-none-eabi/7.2.1/../../../../arm-none-eabi/lib/thumb/v6-m/crt0.o (exit)
c:/program files (x86)/gnu tools arm embedded/7 2017-q4-major/bin/../lib/gcc/arm-none-eabi/7.2.1/../../../../arm-none-eabi/lib/thumb/v6-m\libg_nano.a(lib_a-impure.o)
                              c:/program files (x86)/gnu tools arm embedded/7 2017-q4-major/bin/../lib/gcc/arm-none-eabi/7.2.1/../../../../arm-none-eabi/lib/thumb/v6-m\libg_nano.a(lib_a-exit.o) (_global_impure_ptr)
c:/program files (x86)/gnu tools arm embedded/7 2017-q4-major/bin/../lib/gcc/arm-none-eabi/7.2.1/../../../../arm-none-eabi/lib/thumb/v6-m\libg_nano.a(lib_a-init.o)
                              c:/program files (x86)/gnu tools arm embedded/7 2017-q4-major/bin/../lib/gcc/arm-none-eabi/7.2.1/../../../../arm-none-eabi/lib/thumb/v6-m/crt0.o (__libc_init_array)
c:/program files (x86)/gnu tools arm embedded/7 2017-q4-major/bin/../lib/gcc/arm-none-eabi/7.2.1/../../../../arm-none-eabi/lib/thumb/v6-m\libg_nano.a(lib_a-memcpy-stub.o)
                              ./06_NosPrg/main.o (memcpy)
c:/program files (x86)/gnu tools arm embedded/7 2017-q4-major/bin/../lib/gcc/arm-none-eabi/7.2.1/../../../../arm-none-eabi/lib/thumb/v6-m\libg_nano.a(lib_a-memset.o)
                              c:/program files (x86)/gnu tools arm embedded/7 2017-q4-major/bin/../lib/gcc/arm-none-eabi/7.2.1/../../../../arm-none-eabi/lib/thumb/v6-m/crt0.o (memset)
c:/program files (x86)/gnu tools arm embedded/7 2017-q4-major/bin/../lib/gcc/arm-none-eabi/7.2.1/../../../../arm-none-eabi/lib/thumb/v6-m\libg_nano.a(lib_a-strcat.o)
                              ./04_UserBoard/uecom/uecom.o (strcat)
c:/program files (x86)/gnu tools arm embedded/7 2017-q4-major/bin/../lib/gcc/arm-none-eabi/7.2.1/../../../../arm-none-eabi/lib/thumb/v6-m\libg_nano.a(lib_a-strchr.o)
                              ./04_UserBoard/uecom/uecom.o (strchr)
c:/program files (x86)/gnu tools arm embedded/7 2017-q4-major/bin/../lib/gcc/arm-none-eabi/7.2.1/../../../../arm-none-eabi/lib/thumb/v6-m\libg_nano.a(lib_a-strcpy.o)
                              ./04_UserBoard/uecom/uecom.o (strcpy)
c:/program files (x86)/gnu tools arm embedded/7 2017-q4-major/bin/../lib/gcc/arm-none-eabi/7.2.1/../../../../arm-none-eabi/lib/thumb/v6-m\libg_nano.a(lib_a-strlen.o)
                              ./04_UserBoard/uecom/uecom.o (strlen)
c:/program files (x86)/gnu tools arm embedded/7 2017-q4-major/bin/../lib/gcc/arm-none-eabi/7.2.1/../../../../arm-none-eabi/lib/thumb/v6-m\libg_nano.a(lib_a-strncpy.o)
                              ./04_UserBoard/uecom/uecom.o (strncpy)
[...]
Memory Configuration

Name             Origin             Length             Attributes
m_interrupts     0x00007800         0x00000100         xr
m_flash_config   0x00007c00         0x00000010         xr
m_text           0x00007c10         0x000083f0         xr
m_data           0x20000400         0x00001400         rw
*default*        0x00000000         0xffffffff

Linker script and memory map

LOAD c:/program files (x86)/gnu tools arm embedded/7 2017-q4-major/bin/../lib/gcc/arm-none-eabi/7.2.1/thumb/v6-m/crti.o
LOAD c:/program files (x86)/gnu tools arm embedded/7 2017-q4-major/bin/../lib/gcc/arm-none-eabi/7.2.1/thumb/v6-m/crtbegin.o
LOAD c:/program files (x86)/gnu tools arm embedded/7 2017-q4-major/bin/../lib/gcc/arm-none-eabi/7.2.1/../../../../arm-none-eabi/lib/thumb/v6-m/crt0.o
LOAD ./06_NosPrg/isr.o
LOAD ./06_NosPrg/main.o
LOAD ./05_SoftComponent/timeStamp/timeStamp.o
LOAD ./05_SoftComponent/common/common.o
LOAD ./04_UserBoard/ueupdate/ueupdate.o
LOAD ./04_UserBoard/uecom/uecom.o
LOAD ./04_UserBoard/lcd/lcd.o
LOAD ./03_MCU/startup/startup_MKL36Z4.o
LOAD ./03_MCU/startup/system_MKL36Z4.o
LOAD ./03_MCU/MCU_drivers/wdog/wdog.o
LOAD ./03_MCU/MCU_drivers/uart/uart.o
LOAD ./03_MCU/MCU_drivers/tsi/tsi.o
LOAD ./03_MCU/MCU_drivers/systick/systick.o
LOAD ./03_MCU/MCU_drivers/spi/spi.o
LOAD ./03_MCU/MCU_drivers/lptmr/lptmr.o
LOAD ./03_MCU/MCU_drivers/flash/flash.o
LOAD ./03_MCU/MCU_drivers/adc/adc.o
LOAD c:/program files (x86)/gnu tools arm embedded/7 2017-q4-major/bin/../lib/gcc/arm-none-eabi/7.2.1/../../../../arm-none-eabi/lib/thumb/v6-m\libstdc++_nano.a
LOAD c:/program files (x86)/gnu tools arm embedded/7 2017-q4-major/bin/../lib/gcc/arm-none-eabi/7.2.1/../../../../arm-none-eabi/lib/thumb/v6-m\libm.a
START GROUP
LOAD c:/program files (x86)/gnu tools arm embedded/7 2017-q4-major/bin/../lib/gcc/arm-none-eabi/7.2.1/thumb/v6-m\libgcc.a
LOAD c:/program files (x86)/gnu tools arm embedded/7 2017-q4-major/bin/../lib/gcc/arm-none-eabi/7.2.1/../../../../arm-none-eabi/lib/thumb/v6-m\libg_nano.a
LOAD c:/program files (x86)/gnu tools arm embedded/7 2017-q4-major/bin/../lib/gcc/arm-none-eabi/7.2.1/../../../../arm-none-eabi/lib/thumb/v6-m\libc_nano.a
END GROUP
START GROUP
LOAD c:/program files (x86)/gnu tools arm embedded/7 2017-q4-major/bin/../lib/gcc/arm-none-eabi/7.2.1/thumb/v6-m\libgcc.a
LOAD c:/program files (x86)/gnu tools arm embedded/7 2017-q4-major/bin/../lib/gcc/arm-none-eabi/7.2.1/../../../../arm-none-eabi/lib/thumb/v6-m\libc_nano.a
LOAD c:/program files (x86)/gnu tools arm embedded/7 2017-q4-major/bin/../lib/gcc/arm-none-eabi/7.2.1/../../../../arm-none-eabi/lib/thumb/v6-m\libnosys.a
END GROUP
START GROUP
LOAD c:/program files (x86)/gnu tools arm embedded/7 2017-q4-major/bin/../lib/gcc/arm-none-eabi/7.2.1/thumb/v6-m\libgcc.a
LOAD c:/program files (x86)/gnu tools arm embedded/7 2017-q4-major/bin/../lib/gcc/arm-none-eabi/7.2.1/../../../../arm-none-eabi/lib/thumb/v6-m\libc_nano.a
LOAD c:/program files (x86)/gnu tools arm embedded/7 2017-q4-major/bin/../lib/gcc/arm-none-eabi/7.2.1/../../../../arm-none-eabi/lib/thumb/v6-m\libnosys.a
END GROUP
LOAD c:/program files (x86)/gnu tools arm embedded/7 2017-q4-major/bin/../lib/gcc/arm-none-eabi/7.2.1/thumb/v6-m/crtend.o
LOAD c:/program files (x86)/gnu tools arm embedded/7 2017-q4-major/bin/../lib/gcc/arm-none-eabi/7.2.1/thumb/v6-m/crtn.o
                0x00000200                HEAP_SIZE = DEFINED (__heap_size__)?__heap_size__:0x200
                0x00000100                STACK_SIZE = DEFINED (__stack_size__)?__stack_size__:0x100

.interrupts     0x00007800       0xc0
                0x00007800                __VECTOR_TABLE = .
                0x00007800                . = ALIGN (0x4)
 *(.isr_vector)
 .isr_vector    0x00007800       0xc0 ./03_MCU/startup/startup_MKL36Z4.o
                0x00007800                __isr_vector
                0x000078c0                . = ALIGN (0x4)

.flash_config   0x00007c00       0x10
                0x00007c00                . = ALIGN (0x4)
 *(.FlashConfig)
 .FlashConfig   0x00007c00       0x10 ./03_MCU/startup/startup_MKL36Z4.o
                0x00007c10                . = ALIGN (0x4)

.text           0x00007c10      0xd14
                0x00007c10                . = ALIGN (0x4)
 *(.text)
 .text          0x00007c10       0x48 c:/program files (x86)/gnu tools arm embedded/7 2017-q4-major/bin/../lib/gcc/arm-none-eabi/7.2.1/thumb/v6-m/crtbegin.o
 .text          0x00007c58       0x78 c:/program files (x86)/gnu tools arm embedded/7 2017-q4-major/bin/../lib/gcc/arm-none-eabi/7.2.1/../../../../arm-none-eabi/lib/thumb/v6-m/crt0.o
                0x00007c58                _start
                0x00007c58                _mainCRTStartup
 .text          0x00007cd0       0x34 ./03_MCU/startup/startup_MKL36Z4.o
                0x00007cd0                Reset_Handler
                0x00007cfc                HardFault_Handler
                0x00007cfc                PendSV_Handler
                0x00007cfc                NMI_Handler
                0x00007cfc                PORTC_PORTD_IRQHandler
                0x00007cfc                I2C1_IRQHandler
                0x00007cfc                DMA2_IRQHandler
                0x00007cfc                TPM0_IRQHandler
                0x00007cfc                I2S0_IRQHandler
                0x00007cfc                LLWU_IRQHandler
                0x00007cfc                ADC0_IRQHandler
                0x00007cfc                SPI1_IRQHandler
                0x00007cfc                DefaultISR
                0x00007cfc                TPM2_IRQHandler
                0x00007cfc                RTC_IRQHandler
                0x00007cfc                I2C0_IRQHandler
                0x00007cfc                LCD_IRQHandler
                0x00007cfc                RTC_Seconds_IRQHandler
                0x00007cfc                MCG_IRQHandler
                0x00007cfc                UART2_IRQHandler
                0x00007cfc                Reserved20_IRQHandler
                0x00007cfc                PIT_IRQHandler
                0x00007cfc                SVC_Handler
                0x00007cfc                DMA3_IRQHandler
                0x00007cfc                DMA0_IRQHandler
                0x00007cfc                DAC0_IRQHandler
                0x00007cfc                TPM1_IRQHandler
                0x00007cfc                LVD_LVW_IRQHandler
                0x00007cfc                SPI0_IRQHandler
                0x00007cfc                PORTA_IRQHandler
                0x00007cfc                FTFA_IRQHandler
                0x00007cfc                Reserved40_IRQHandler
                0x00007cfc                CMP0_IRQHandler
                0x00007cfc                DMA1_IRQHandler
 *(.text*)
 .text.SysTick_Handler
                0x00007d04        0xa ./06_NosPrg/isr.o
                0x00007d04                SysTick_Handler
 *fill*         0x00007d0e        0x2 
 .text.LPTMR0_IRQHandler
                0x00007d10       0x40 ./06_NosPrg/isr.o
                0x00007d10                LPTMR0_IRQHandler
 .text.TSI0_IRQHandler
                0x00007d50       0x40 ./06_NosPrg/isr.o
                0x00007d50                TSI0_IRQHandler
 .text.UART0_IRQHandler
                0x00007d90       0x40 ./06_NosPrg/isr.o
                0x00007d90                UART0_IRQHandler
 .text.main     0x00007dd0       0x60 ./06_NosPrg/main.o
                0x00007dd0                main
 .text.cpy_nvic
                0x00007e30       0x4c ./06_NosPrg/main.o
                0x00007e30                cpy_nvic
 .text.funPointerInit
                0x00007e7c       0xfc ./06_NosPrg/main.o
                0x00007e7c                funPointerInit
 .text.UART1_IRQHandler
                0x00007f78        0xe ./04_UserBoard/uecom/uecom.o
                0x00007f78                UART1_IRQHandler
 *fill*         0x00007f86        0x2 
 .text.crc16    0x00007f88       0xb8 ./04_UserBoard/uecom/uecom.o
                0x00007f88                crc16
 .text.uecom_recv
                0x00008040      0x1d8 ./04_UserBoard/uecom/uecom.o
                0x00008040                uecom_recv
 .text.uecom_ATret
                0x00008218       0xd0 ./04_UserBoard/uecom/uecom.o
                0x00008218                uecom_ATret
 .text.uecom_interrupt
                0x000082e8       0x60 ./04_UserBoard/uecom/uecom.o
                0x000082e8                uecom_interrupt
 .text.SystemInit
                0x00008348      0x124 ./03_MCU/startup/system_MKL36Z4.o
                0x00008348                SystemInit
 .text.wdog_stop
                0x0000846c       0x24 ./03_MCU/MCU_drivers/wdog/wdog.o
                0x0000846c                wdog_stop
 .text.NVIC_EnableIRQ
                0x00008490       0x2c ./03_MCU/MCU_drivers/uart/uart.o
 .text.NVIC_DisableIRQ
                0x000084bc       0x30 ./03_MCU/MCU_drivers/uart/uart.o
 .text.uart_send1
                0x000084ec       0xa0 ./03_MCU/MCU_drivers/uart/uart.o
                0x000084ec                uart_send1
 .text.uart_re1
                0x0000858c       0xc4 ./03_MCU/MCU_drivers/uart/uart.o
                0x0000858c                uart_re1
 .text.uart_enable_re_int
                0x00008650       0x7c ./03_MCU/MCU_drivers/uart/uart.o
                0x00008650                uart_enable_re_int
 .text.uart_disable_re_int
                0x000086cc       0x7c ./03_MCU/MCU_drivers/uart/uart.o
                0x000086cc                uart_disable_re_int
 .text.uart_get_re_int
                0x00008748       0xc4 ./03_MCU/MCU_drivers/uart/uart.o
                0x00008748                uart_get_re_int
 .text.uart_is_uartNo
                0x0000880c       0x22 ./03_MCU/MCU_drivers/uart/uart.o
                0x0000880c                uart_is_uartNo
 *fill*         0x0000882e        0x2 
 .text.flash_init
                0x00008830       0x34 ./03_MCU/MCU_drivers/flash/flash.o
                0x00008830                flash_init
 .text.exit     0x00008864       0x2c c:/program files (x86)/gnu tools arm embedded/7 2017-q4-major/bin/../lib/gcc/arm-none-eabi/7.2.1/../../../../arm-none-eabi/lib/thumb/v6-m\libg_nano.a(lib_a-exit.o)
                0x00008864                exit
 .text.__libc_init_array
                0x00008890       0x48 c:/program files (x86)/gnu tools arm embedded/7 2017-q4-major/bin/../lib/gcc/arm-none-eabi/7.2.1/../../../../arm-none-eabi/lib/thumb/v6-m\libg_nano.a(lib_a-init.o)
                0x00008890                __libc_init_array
 .text.memcpy   0x000088d8       0x12 c:/program files (x86)/gnu tools arm embedded/7 2017-q4-major/bin/../lib/gcc/arm-none-eabi/7.2.1/../../../../arm-none-eabi/lib/thumb/v6-m\libg_nano.a(lib_a-memcpy-stub.o)
                0x000088d8                memcpy
 .text.memset   0x000088ea       0x10 c:/program files (x86)/gnu tools arm embedded/7 2017-q4-major/bin/../lib/gcc/arm-none-eabi/7.2.1/../../../../arm-none-eabi/lib/thumb/v6-m\libg_nano.a(lib_a-memset.o)
                0x000088ea                memset
 *fill*         0x000088fa        0x2 
 .text._exit    0x000088fc        0x4 c:/program files (x86)/gnu tools arm embedded/7 2017-q4-major/bin/../lib/gcc/arm-none-eabi/7.2.1/../../../../arm-none-eabi/lib/thumb/v6-m\libnosys.a(_exit.o)
                0x000088fc                _exit
 *(.rodata)
 *(.rodata*)
 .rodata.UART_ARR
                0x00008900        0x8 ./03_MCU/MCU_drivers/uart/uart.o
 .rodata._global_impure_ptr
                0x00008908        0x4 c:/program files (x86)/gnu tools arm embedded/7 2017-q4-major/bin/../lib/gcc/arm-none-eabi/7.2.1/../../../../arm-none-eabi/lib/thumb/v6-m\libg_nano.a(lib_a-impure.o)
                0x00008908                _global_impure_ptr
 *(.glue_7)
 .glue_7        0x0000890c        0x0 linker stubs
 *(.glue_7t)
 .glue_7t       0x0000890c        0x0 linker stubs
 *(.eh_frame)
 .eh_frame      0x0000890c        0x0 c:/program files (x86)/gnu tools arm embedded/7 2017-q4-major/bin/../lib/gcc/arm-none-eabi/7.2.1/thumb/v6-m/crtbegin.o
 *(.init)
 .init          0x0000890c        0x4 c:/program files (x86)/gnu tools arm embedded/7 2017-q4-major/bin/../lib/gcc/arm-none-eabi/7.2.1/thumb/v6-m/crti.o
                0x0000890c                _init
 .init          0x00008910        0x8 c:/program files (x86)/gnu tools arm embedded/7 2017-q4-major/bin/../lib/gcc/arm-none-eabi/7.2.1/thumb/v6-m/crtn.o
 *(.fini)
 .fini          0x00008918        0x4 c:/program files (x86)/gnu tools arm embedded/7 2017-q4-major/bin/../lib/gcc/arm-none-eabi/7.2.1/thumb/v6-m/crti.o
                0x00008918                _fini
 .fini          0x0000891c        0x8 c:/program files (x86)/gnu tools arm embedded/7 2017-q4-major/bin/../lib/gcc/arm-none-eabi/7.2.1/thumb/v6-m/crtn.o
                0x00008924                . = ALIGN (0x4)

.vfp11_veneer   0x00008924        0x0
 .vfp11_veneer  0x00008924        0x0 linker stubs

.v4_bx          0x00008924        0x0
 .v4_bx         0x00008924        0x0 linker stubs

.iplt           0x00008924        0x0
 .iplt          0x00008924        0x0 c:/program files (x86)/gnu tools arm embedded/7 2017-q4-major/bin/../lib/gcc/arm-none-eabi/7.2.1/thumb/v6-m/crtbegin.o

.ARM.extab
 *(.ARM.extab* .gnu.linkonce.armextab.*)

.ARM            0x00008924        0x8
                0x00008924                __exidx_start = .
 *(.ARM.exidx*)
 .ARM.exidx     0x00008924        0x8 c:/program files (x86)/gnu tools arm embedded/7 2017-q4-major/bin/../lib/gcc/arm-none-eabi/7.2.1/../../../../arm-none-eabi/lib/thumb/v6-m/crt0.o
                0x0000892c                __exidx_end = .

.rel.dyn        0x0000892c        0x0
 .rel.iplt      0x0000892c        0x0 c:/program files (x86)/gnu tools arm embedded/7 2017-q4-major/bin/../lib/gcc/arm-none-eabi/7.2.1/thumb/v6-m/crtbegin.o

.ctors          0x0000892c        0x0
                0x0000892c                __CTOR_LIST__ = .
 *crtbegin.o(.ctors)
 *crtbegin?.o(.ctors)
 *(EXCLUDE_FILE(*crtend.o *crtend?.o) .ctors)
 *(SORT_BY_NAME(.ctors.*))
 *(.ctors)
                0x0000892c                __CTOR_END__ = .

.dtors          0x0000892c        0x0
                0x0000892c                __DTOR_LIST__ = .
 *crtbegin.o(.dtors)
 *crtbegin?.o(.dtors)
 *(EXCLUDE_FILE(*crtend.o *crtend?.o) .dtors)
 *(SORT_BY_NAME(.dtors.*))
 *(.dtors)
                0x0000892c                __DTOR_END__ = .

.preinit_array  0x0000892c        0x0
                0x0000892c                PROVIDE (__preinit_array_start, .)
 *(.preinit_array*)
                0x0000892c                PROVIDE (__preinit_array_end, .)

.init_array     0x0000892c        0x4
                0x0000892c                PROVIDE (__init_array_start, .)
 *(SORT_BY_NAME(.init_array.*))
 *(.init_array*)
 .init_array    0x0000892c        0x4 c:/program files (x86)/gnu tools arm embedded/7 2017-q4-major/bin/../lib/gcc/arm-none-eabi/7.2.1/thumb/v6-m/crtbegin.o
                0x00008930                PROVIDE (__init_array_end, .)

.fini_array     0x00008930        0x4
                [!provide]                PROVIDE (__fini_array_start, .)
 *(SORT_BY_NAME(.fini_array.*))
 *(.fini_array*)
 .fini_array    0x00008930        0x4 c:/program files (x86)/gnu tools arm embedded/7 2017-q4-major/bin/../lib/gcc/arm-none-eabi/7.2.1/thumb/v6-m/crtbegin.o
                [!provide]                PROVIDE (__fini_array_end, .)
                0x00008934                __etext = .
                0x00008934                __DATA_ROM = .

.mtb            0x20000400        0x0
                0x20000400                . = ALIGN (0x8)
                0x20000400                _mtb_start = .
 *(.mtb_buf)
                0x20000400                . = ALIGN (0x8)
                0x20000400                _mtb_end = .

.data           0x20000400       0x6c load address 0x00008934
                0x20000400                . = ALIGN (0x4)
                0x20000400                __DATA_RAM = .
                0x20000400                __data_start__ = .
 *(.data)
 *(.data*)
 .data.frameHead
                0x20000400        0x2 ./04_UserBoard/uecom/uecom.o
 *fill*         0x20000402        0x2 
 .data.frameTail
                0x20000404        0x2 ./04_UserBoard/uecom/uecom.o
 *fill*         0x20000406        0x2 
 .data.table_irq_uart
                0x20000408        0x3 ./03_MCU/MCU_drivers/uart/uart.o
 *fill*         0x2000040b        0x1 
 .data.impure_data
                0x2000040c       0x60 c:/program files (x86)/gnu tools arm embedded/7 2017-q4-major/bin/../lib/gcc/arm-none-eabi/7.2.1/../../../../arm-none-eabi/lib/thumb/v6-m\libg_nano.a(lib_a-impure.o)
 *(.jcr*)
                0x2000046c                . = ALIGN (0x4)
                0x2000046c                __data_end__ = .
                0x000089a0                __DATA_END = (__DATA_ROM + (__data_end__ - __data_start__))

.igot.plt       0x2000046c        0x0 load address 0x000089a0
 .igot.plt      0x2000046c        0x0 c:/program files (x86)/gnu tools arm embedded/7 2017-q4-major/bin/../lib/gcc/arm-none-eabi/7.2.1/thumb/v6-m/crtbegin.o

.bss            0x2000046c      0x64c load address 0x000089a0
                0x2000046c                . = ALIGN (0x4)
                0x2000046c                __START_BSS = .
                0x2000046c                __bss_start__ = .
 *(.bss)
 .bss           0x2000046c       0x1c c:/program files (x86)/gnu tools arm embedded/7 2017-q4-major/bin/../lib/gcc/arm-none-eabi/7.2.1/thumb/v6-m/crtbegin.o
 *(.bss*)
 .bss.count.5373
                0x20000488        0x1 ./06_NosPrg/isr.o
 *fill*         0x20000489        0x3 
 .bss.AT_reBuf  0x2000048c      0x200 ./04_UserBoard/uecom/uecom.o
 .bss.AT_reFlag
                0x2000068c        0x1 ./04_UserBoard/uecom/uecom.o
 .bss.AT_reLength
                0x2000068d        0x1 ./04_UserBoard/uecom/uecom.o
 *fill*         0x2000068e        0x2 
 .bss.curATCommand
                0x20000690       0x64 ./04_UserBoard/uecom/uecom.o
 .bss.gRecvLength
                0x200006f4        0x2 ./04_UserBoard/uecom/uecom.o
                0x200006f4                gRecvLength
 .bss.index.5525
                0x200006f6        0x2 ./04_UserBoard/uecom/uecom.o
 .bss.length.5526
                0x200006f8        0x2 ./04_UserBoard/uecom/uecom.o
 *(COMMON)
 *fill*         0x200006fa        0x2 
 COMMON         0x200006fc       0x38 ./06_NosPrg/isr.o
                0x200006fc                gpio_get_int
                0x20000700                gpio_drive_strength
                0x20000704                light_init
                0x20000708                gpio_clear_allint
                0x2000070c                gpio_get
                0x20000710                gpio_disable_int
                0x20000714                gpio_clear_int
                0x20000718                light_change
                0x2000071c                gpio_enable_int
                0x20000720                light_control
                0x20000724                gpio_pull
                0x20000728                gpio_set
                0x2000072c                gpio_reverse
                0x20000730                gpio_init
 COMMON         0x20000734      0x12c ./06_NosPrg/main.o
                0x20000734                gTime
                0x20000744                getTime
                0x20000748                gcd
                0x2000085f                gTflag
 COMMON         0x20000860      0x258 ./04_UserBoard/uecom/uecom.o
                0x20000860                gRecvBuf
                0x20000ab8                . = ALIGN (0x4)
                0x20000ab8                __bss_end__ = .
                0x20000ab8                __END_BSS = .

.heap           0x20000ab8      0x200 load address 0x00008fec
                0x20000ab8                . = ALIGN (0x8)
                0x20000ab8                __end__ = .
                [!provide]                PROVIDE (end, .)
                0x20000ab8                __HeapBase = .
                0x20000cb8                . = (. + HEAP_SIZE)
 *fill*         0x20000ab8      0x200 
                0x20000cb8                __HeapLimit = .

.stack          0x20000cb8      0x100 load address 0x000091ec
                0x20000cb8                . = ALIGN (0x8)
                0x20000db8                . = (. + STACK_SIZE)
 *fill*         0x20000cb8      0x100 
                0x20001800                __StackTop = (ORIGIN (m_data) + LENGTH (m_data))
                0x20001700                __StackLimit = (__StackTop - STACK_SIZE)
                0x20001800                PROVIDE (__stack, __StackTop)

.ARM.attributes
                0x00000000       0x28
 *(.ARM.attributes)
 .ARM.attributes
                0x00000000       0x1e c:/program files (x86)/gnu tools arm embedded/7 2017-q4-major/bin/../lib/gcc/arm-none-eabi/7.2.1/thumb/v6-m/crti.o
 .ARM.attributes
                0x0000001e       0x2c c:/program files (x86)/gnu tools arm embedded/7 2017-q4-major/bin/../lib/gcc/arm-none-eabi/7.2.1/thumb/v6-m/crtbegin.o
 .ARM.attributes
                0x0000004a       0x1b c:/program files (x86)/gnu tools arm embedded/7 2017-q4-major/bin/../lib/gcc/arm-none-eabi/7.2.1/../../../../arm-none-eabi/lib/thumb/v6-m/crt0.o
 .ARM.attributes
                0x00000065       0x32 ./06_NosPrg/isr.o
 .ARM.attributes
                0x00000097       0x32 ./06_NosPrg/main.o
 .ARM.attributes
                0x000000c9       0x32 ./04_UserBoard/uecom/uecom.o
 .ARM.attributes
                0x000000fb       0x1b ./03_MCU/startup/startup_MKL36Z4.o
 .ARM.attributes
                0x00000116       0x32 ./03_MCU/startup/system_MKL36Z4.o
 .ARM.attributes
                0x00000148       0x32 ./03_MCU/MCU_drivers/wdog/wdog.o
 .ARM.attributes
                0x0000017a       0x32 ./03_MCU/MCU_drivers/uart/uart.o
 .ARM.attributes
                0x000001ac       0x32 ./03_MCU/MCU_drivers/flash/flash.o
 .ARM.attributes
                0x000001de       0x2c c:/program files (x86)/gnu tools arm embedded/7 2017-q4-major/bin/../lib/gcc/arm-none-eabi/7.2.1/../../../../arm-none-eabi/lib/thumb/v6-m\libg_nano.a(lib_a-exit.o)
 .ARM.attributes
                0x0000020a       0x2c c:/program files (x86)/gnu tools arm embedded/7 2017-q4-major/bin/../lib/gcc/arm-none-eabi/7.2.1/../../../../arm-none-eabi/lib/thumb/v6-m\libg_nano.a(lib_a-impure.o)
 .ARM.attributes
                0x00000236       0x2c c:/program files (x86)/gnu tools arm embedded/7 2017-q4-major/bin/../lib/gcc/arm-none-eabi/7.2.1/../../../../arm-none-eabi/lib/thumb/v6-m\libg_nano.a(lib_a-init.o)
 .ARM.attributes
                0x00000262       0x2c c:/program files (x86)/gnu tools arm embedded/7 2017-q4-major/bin/../lib/gcc/arm-none-eabi/7.2.1/../../../../arm-none-eabi/lib/thumb/v6-m\libg_nano.a(lib_a-memcpy-stub.o)
 .ARM.attributes
                0x0000028e       0x2c c:/program files (x86)/gnu tools arm embedded/7 2017-q4-major/bin/../lib/gcc/arm-none-eabi/7.2.1/../../../../arm-none-eabi/lib/thumb/v6-m\libg_nano.a(lib_a-memset.o)
 .ARM.attributes
                0x000002ba       0x2c c:/program files (x86)/gnu tools arm embedded/7 2017-q4-major/bin/../lib/gcc/arm-none-eabi/7.2.1/../../../../arm-none-eabi/lib/thumb/v6-m\libnosys.a(_exit.o)
 .ARM.attributes
                0x000002e6       0x1e c:/program files (x86)/gnu tools arm embedded/7 2017-q4-major/bin/../lib/gcc/arm-none-eabi/7.2.1/thumb/v6-m/crtn.o
                0x00000001                ASSERT ((__StackLimit >= __HeapLimit), region m_data overflowed with stack and heap)
OUTPUT(KL36_Update.elf elf32-littlearm)

.debug_info     0x00000000     0x56ce
 .debug_info    0x00000000      0xe7d ./06_NosPrg/isr.o
 .debug_info    0x00000e7d     0x119e ./06_NosPrg/main.o
 .debug_info    0x0000201b     0x17c6 ./04_UserBoard/uecom/uecom.o
 .debug_info    0x000037e1       0x26 ./03_MCU/startup/startup_MKL36Z4.o
 .debug_info    0x00003807      0x409 ./03_MCU/startup/system_MKL36Z4.o
 .debug_info    0x00003c10      0x2d9 ./03_MCU/MCU_drivers/wdog/wdog.o
 .debug_info    0x00003ee9      0xa8f ./03_MCU/MCU_drivers/uart/uart.o
 .debug_info    0x00004978      0xd56 ./03_MCU/MCU_drivers/flash/flash.o

.debug_abbrev   0x00000000      0xf61
 .debug_abbrev  0x00000000      0x25b ./06_NosPrg/isr.o
 .debug_abbrev  0x0000025b      0x2a3 ./06_NosPrg/main.o
 .debug_abbrev  0x000004fe      0x36d ./04_UserBoard/uecom/uecom.o
 .debug_abbrev  0x0000086b       0x14 ./03_MCU/startup/startup_MKL36Z4.o
 .debug_abbrev  0x0000087f       0xed ./03_MCU/startup/system_MKL36Z4.o
 .debug_abbrev  0x0000096c      0x101 ./03_MCU/MCU_drivers/wdog/wdog.o
 .debug_abbrev  0x00000a6d      0x254 ./03_MCU/MCU_drivers/uart/uart.o
 .debug_abbrev  0x00000cc1      0x2a0 ./03_MCU/MCU_drivers/flash/flash.o

.debug_aranges  0x00000000      0x290
 .debug_aranges
                0x00000000       0x38 ./06_NosPrg/isr.o
 .debug_aranges
                0x00000038       0x38 ./06_NosPrg/main.o
 .debug_aranges
                0x00000070       0xd8 ./04_UserBoard/uecom/uecom.o
 .debug_aranges
                0x00000148       0x20 ./03_MCU/startup/startup_MKL36Z4.o
 .debug_aranges
                0x00000168       0x20 ./03_MCU/startup/system_MKL36Z4.o
 .debug_aranges
                0x00000188       0x30 ./03_MCU/MCU_drivers/wdog/wdog.o
 .debug_aranges
                0x000001b8       0x80 ./03_MCU/MCU_drivers/uart/uart.o
 .debug_aranges
                0x00000238       0x58 ./03_MCU/MCU_drivers/flash/flash.o

.debug_ranges   0x00000000      0x200
 .debug_ranges  0x00000000       0x28 ./06_NosPrg/isr.o
 .debug_ranges  0x00000028       0x28 ./06_NosPrg/main.o
 .debug_ranges  0x00000050       0xc8 ./04_UserBoard/uecom/uecom.o
 .debug_ranges  0x00000118       0x10 ./03_MCU/startup/system_MKL36Z4.o
 .debug_ranges  0x00000128       0x20 ./03_MCU/MCU_drivers/wdog/wdog.o
 .debug_ranges  0x00000148       0x70 ./03_MCU/MCU_drivers/uart/uart.o
 .debug_ranges  0x000001b8       0x48 ./03_MCU/MCU_drivers/flash/flash.o

.debug_macro    0x00000000     0xecbe
 .debug_macro   0x00000000      0x205 ./06_NosPrg/isr.o
 .debug_macro   0x00000205      0xa2a ./06_NosPrg/isr.o
 .debug_macro   0x00000c2f       0x16 ./06_NosPrg/isr.o
 .debug_macro   0x00000c45       0x22 ./06_NosPrg/isr.o
 .debug_macro   0x00000c67       0x4f ./06_NosPrg/isr.o
 .debug_macro   0x00000cb6       0x51 ./06_NosPrg/isr.o
 .debug_macro   0x00000d07       0xef ./06_NosPrg/isr.o
 .debug_macro   0x00000df6       0x6a ./06_NosPrg/isr.o
 .debug_macro   0x00000e60      0x1df ./06_NosPrg/isr.o
 .debug_macro   0x0000103f       0x39 ./06_NosPrg/isr.o
 .debug_macro   0x00001078       0x3a ./06_NosPrg/isr.o
 .debug_macro   0x000010b2       0x26 ./06_NosPrg/isr.o
 .debug_macro   0x000010d8      0x306 ./06_NosPrg/isr.o
 .debug_macro   0x000013de     0xc3a9 ./06_NosPrg/isr.o
 .debug_macro   0x0000d787       0x1c ./06_NosPrg/isr.o
 .debug_macro   0x0000d7a3       0x2e ./06_NosPrg/isr.o
 .debug_macro   0x0000d7d1       0x3a ./06_NosPrg/isr.o
 .debug_macro   0x0000d80b       0x52 ./06_NosPrg/isr.o
 .debug_macro   0x0000d85d       0xc1 ./06_NosPrg/isr.o
 .debug_macro   0x0000d91e       0x2e ./06_NosPrg/isr.o
 .debug_macro   0x0000d94c       0x2e ./06_NosPrg/isr.o
 .debug_macro   0x0000d97a       0x28 ./06_NosPrg/isr.o
 .debug_macro   0x0000d9a2       0x16 ./06_NosPrg/isr.o
 .debug_macro   0x0000d9b8       0x58 ./06_NosPrg/isr.o
 .debug_macro   0x0000da10       0x17 ./06_NosPrg/isr.o
 .debug_macro   0x0000da27       0x35 ./06_NosPrg/isr.o
 .debug_macro   0x0000da5c       0x9c ./06_NosPrg/isr.o
 .debug_macro   0x0000daf8      0x16d ./06_NosPrg/isr.o
 .debug_macro   0x0000dc65       0x58 ./06_NosPrg/isr.o
 .debug_macro   0x0000dcbd       0x1f ./06_NosPrg/isr.o
 .debug_macro   0x0000dcdc       0x43 ./06_NosPrg/isr.o
 .debug_macro   0x0000dd1f       0x20 ./06_NosPrg/isr.o
 .debug_macro   0x0000dd3f      0x18e ./06_NosPrg/isr.o
 .debug_macro   0x0000decd      0x353 ./06_NosPrg/isr.o
 .debug_macro   0x0000e220       0x10 ./06_NosPrg/isr.o
 .debug_macro   0x0000e230       0x35 ./06_NosPrg/isr.o
 .debug_macro   0x0000e265       0x22 ./06_NosPrg/isr.o
 .debug_macro   0x0000e287       0x64 ./06_NosPrg/isr.o
 .debug_macro   0x0000e2eb       0x1c ./06_NosPrg/isr.o
 .debug_macro   0x0000e307       0x2e ./06_NosPrg/isr.o
 .debug_macro   0x0000e335      0x21d ./06_NosPrg/main.o
 .debug_macro   0x0000e552       0x2e ./06_NosPrg/main.o
 .debug_macro   0x0000e580      0x1ac ./04_UserBoard/uecom/uecom.o
 .debug_macro   0x0000e72c       0xbb ./04_UserBoard/uecom/uecom.o
 .debug_macro   0x0000e7e7       0xce ./03_MCU/startup/system_MKL36Z4.o
 .debug_macro   0x0000e8b5       0x4b ./03_MCU/startup/system_MKL36Z4.o
 .debug_macro   0x0000e900       0xcf ./03_MCU/MCU_drivers/wdog/wdog.o
 .debug_macro   0x0000e9cf       0xde ./03_MCU/MCU_drivers/uart/uart.o
 .debug_macro   0x0000eaad       0x28 ./03_MCU/MCU_drivers/uart/uart.o
 .debug_macro   0x0000ead5      0x18b ./03_MCU/MCU_drivers/flash/flash.o
 .debug_macro   0x0000ec60       0x5e ./03_MCU/MCU_drivers/flash/flash.o

.debug_line     0x00000000     0x3b8d
 .debug_line    0x00000000      0xc78 ./06_NosPrg/isr.o
 .debug_line    0x00000c78      0xc79 ./06_NosPrg/main.o
 .debug_line    0x000018f1      0xbae ./04_UserBoard/uecom/uecom.o
 .debug_line    0x0000249f       0x6c ./03_MCU/startup/startup_MKL36Z4.o
 .debug_line    0x0000250b      0x4e2 ./03_MCU/startup/system_MKL36Z4.o
 .debug_line    0x000029ed      0x4cc ./03_MCU/MCU_drivers/wdog/wdog.o
 .debug_line    0x00002eb9      0x690 ./03_MCU/MCU_drivers/uart/uart.o
 .debug_line    0x00003549      0x644 ./03_MCU/MCU_drivers/flash/flash.o

.debug_str      0x00000000    0x4ec7a
 .debug_str     0x00000000    0x4e018 ./06_NosPrg/isr.o
                              0x4e5dd (size before relaxing)
 .debug_str     0x0004e018      0x3e4 ./06_NosPrg/main.o
                              0x4e956 (size before relaxing)
 .debug_str     0x0004e3fc      0x498 ./04_UserBoard/uecom/uecom.o
                              0x4e580 (size before relaxing)
 .debug_str     0x0004e894       0x33 ./03_MCU/startup/startup_MKL36Z4.o
                                 0xa9 (size before relaxing)
 .debug_str     0x0004e8c7      0x134 ./03_MCU/startup/system_MKL36Z4.o
                              0x4acf0 (size before relaxing)
 .debug_str     0x0004e9fb       0x49 ./03_MCU/MCU_drivers/wdog/wdog.o
                              0x4acd0 (size before relaxing)
 .debug_str     0x0004ea44      0x11c ./03_MCU/MCU_drivers/uart/uart.o
                              0x4b07f (size before relaxing)
 .debug_str     0x0004eb60      0x11a ./03_MCU/MCU_drivers/flash/flash.o
                              0x4dee0 (size before relaxing)

.comment        0x00000000       0x7e
 .comment       0x00000000       0x7e ./06_NosPrg/isr.o
                                 0x7f (size before relaxing)
 .comment       0x0000007e       0x7f ./06_NosPrg/main.o
 .comment       0x0000007e       0x7f ./04_UserBoard/uecom/uecom.o
 .comment       0x0000007e       0x7f ./03_MCU/startup/system_MKL36Z4.o
 .comment       0x0000007e       0x7f ./03_MCU/MCU_drivers/wdog/wdog.o
 .comment       0x0000007e       0x7f ./03_MCU/MCU_drivers/uart/uart.o
 .comment       0x0000007e       0x7f ./03_MCU/MCU_drivers/flash/flash.o

.debug_frame    0x00000000      0x848
 .debug_frame   0x00000000       0x88 ./06_NosPrg/isr.o
 .debug_frame   0x00000088       0x90 ./06_NosPrg/main.o
 .debug_frame   0x00000118      0x320 ./04_UserBoard/uecom/uecom.o
 .debug_frame   0x00000438       0x2c ./03_MCU/startup/system_MKL36Z4.o
 .debug_frame   0x00000464       0x68 ./03_MCU/MCU_drivers/wdog/wdog.o
 .debug_frame   0x000004cc      0x1b4 ./03_MCU/MCU_drivers/uart/uart.o
 .debug_frame   0x00000680      0x10c ./03_MCU/MCU_drivers/flash/flash.o
 .debug_frame   0x0000078c       0x28 c:/program files (x86)/gnu tools arm embedded/7 2017-q4-major/bin/../lib/gcc/arm-none-eabi/7.2.1/../../../../arm-none-eabi/lib/thumb/v6-m\libg_nano.a(lib_a-exit.o)
 .debug_frame   0x000007b4       0x2c c:/program files (x86)/gnu tools arm embedded/7 2017-q4-major/bin/../lib/gcc/arm-none-eabi/7.2.1/../../../../arm-none-eabi/lib/thumb/v6-m\libg_nano.a(lib_a-init.o)
 .debug_frame   0x000007e0       0x28 c:/program files (x86)/gnu tools arm embedded/7 2017-q4-major/bin/../lib/gcc/arm-none-eabi/7.2.1/../../../../arm-none-eabi/lib/thumb/v6-m\libg_nano.a(lib_a-memcpy-stub.o)
 .debug_frame   0x00000808       0x20 c:/program files (x86)/gnu tools arm embedded/7 2017-q4-major/bin/../lib/gcc/arm-none-eabi/7.2.1/../../../../arm-none-eabi/lib/thumb/v6-m\libg_nano.a(lib_a-memset.o)
 .debug_frame   0x00000828       0x20 c:/program files (x86)/gnu tools arm embedded/7 2017-q4-major/bin/../lib/gcc/arm-none-eabi/7.2.1/../../../../arm-none-eabi/lib/thumb/v6-m\libnosys.a(_exit.o)
