Archive member included to satisfy reference by file (symbol)

c:/program files (x86)/gnu tools arm embedded/7 2017-q4-major/bin/../lib/gcc/arm-none-eabi/7.2.1/thumb/v6-m\libgcc.a(_udivsi3.o)
                              ./06_NosPrg/main.o (__aeabi_uidivmod)
c:/program files (x86)/gnu tools arm embedded/7 2017-q4-major/bin/../lib/gcc/arm-none-eabi/7.2.1/thumb/v6-m\libgcc.a(_divsi3.o)
                              ./05_SoftComponent/valueType/valueType.o (__aeabi_idiv)
c:/program files (x86)/gnu tools arm embedded/7 2017-q4-major/bin/../lib/gcc/arm-none-eabi/7.2.1/thumb/v6-m\libgcc.a(_dvmd_tls.o)
                              c:/program files (x86)/gnu tools arm embedded/7 2017-q4-major/bin/../lib/gcc/arm-none-eabi/7.2.1/thumb/v6-m\libgcc.a(_udivsi3.o) (__aeabi_idiv0)
c:/program files (x86)/gnu tools arm embedded/7 2017-q4-major/bin/../lib/gcc/arm-none-eabi/7.2.1/thumb/v6-m\libgcc.a(_aeabi_uldivmod.o)
                              ./06_NosPrg/main.o (__aeabi_uldivmod)
c:/program files (x86)/gnu tools arm embedded/7 2017-q4-major/bin/../lib/gcc/arm-none-eabi/7.2.1/thumb/v6-m\libgcc.a(_udivmoddi4.o)
                              c:/program files (x86)/gnu tools arm embedded/7 2017-q4-major/bin/../lib/gcc/arm-none-eabi/7.2.1/thumb/v6-m\libgcc.a(_aeabi_uldivmod.o) (__udivmoddi4)
c:/program files (x86)/gnu tools arm embedded/7 2017-q4-major/bin/../lib/gcc/arm-none-eabi/7.2.1/thumb/v6-m\libgcc.a(divdf3.o)
                              ./06_NosPrg/main.o (__aeabi_ddiv)
c:/program files (x86)/gnu tools arm embedded/7 2017-q4-major/bin/../lib/gcc/arm-none-eabi/7.2.1/thumb/v6-m\libgcc.a(muldf3.o)
                              ./06_NosPrg/main.o (__aeabi_dmul)
c:/program files (x86)/gnu tools arm embedded/7 2017-q4-major/bin/../lib/gcc/arm-none-eabi/7.2.1/thumb/v6-m\libgcc.a(subdf3.o)
                              ./06_NosPrg/main.o (__aeabi_dsub)
c:/program files (x86)/gnu tools arm embedded/7 2017-q4-major/bin/../lib/gcc/arm-none-eabi/7.2.1/thumb/v6-m\libgcc.a(fixdfsi.o)
                              ./06_NosPrg/main.o (__aeabi_d2iz)
c:/program files (x86)/gnu tools arm embedded/7 2017-q4-major/bin/../lib/gcc/arm-none-eabi/7.2.1/thumb/v6-m\libgcc.a(floatsidf.o)
                              ./06_NosPrg/main.o (__aeabi_i2d)
c:/program files (x86)/gnu tools arm embedded/7 2017-q4-major/bin/../lib/gcc/arm-none-eabi/7.2.1/thumb/v6-m\libgcc.a(extendsfdf2.o)
                              ./06_NosPrg/main.o (__aeabi_f2d)
c:/program files (x86)/gnu tools arm embedded/7 2017-q4-major/bin/../lib/gcc/arm-none-eabi/7.2.1/thumb/v6-m\libgcc.a(truncdfsf2.o)
                              ./06_NosPrg/main.o (__aeabi_d2f)
c:/program files (x86)/gnu tools arm embedded/7 2017-q4-major/bin/../lib/gcc/arm-none-eabi/7.2.1/thumb/v6-m\libgcc.a(_clzsi2.o)
                              c:/program files (x86)/gnu tools arm embedded/7 2017-q4-major/bin/../lib/gcc/arm-none-eabi/7.2.1/thumb/v6-m\libgcc.a(divdf3.o) (__clzsi2)
c:/program files (x86)/gnu tools arm embedded/7 2017-q4-major/bin/../lib/gcc/arm-none-eabi/7.2.1/thumb/v6-m\libgcc.a(_clzdi2.o)
                              c:/program files (x86)/gnu tools arm embedded/7 2017-q4-major/bin/../lib/gcc/arm-none-eabi/7.2.1/thumb/v6-m\libgcc.a(_udivmoddi4.o) (__clzdi2)
c:/program files (x86)/gnu tools arm embedded/7 2017-q4-major/bin/../lib/gcc/arm-none-eabi/7.2.1/../../../../arm-none-eabi/lib/thumb/v6-m\libg_nano.a(lib_a-exit.o)
                              c:/program files (x86)/gnu tools arm embedded/7 2017-q4-major/bin/../lib/gcc/arm-none-eabi/7.2.1/../../../../arm-none-eabi/lib/thumb/v6-m/crt0.o (exit)
c:/program files (x86)/gnu tools arm embedded/7 2017-q4-major/bin/../lib/gcc/arm-none-eabi/7.2.1/../../../../arm-none-eabi/lib/thumb/v6-m\libg_nano.a(lib_a-impure.o)
                              c:/program files (x86)/gnu tools arm embedded/7 2017-q4-major/bin/../lib/gcc/arm-none-eabi/7.2.1/../../../../arm-none-eabi/lib/thumb/v6-m\libg_nano.a(lib_a-exit.o) (_global_impure_ptr)
c:/program files (x86)/gnu tools arm embedded/7 2017-q4-major/bin/../lib/gcc/arm-none-eabi/7.2.1/../../../../arm-none-eabi/lib/thumb/v6-m\libg_nano.a(lib_a-init.o)
                              c:/program files (x86)/gnu tools arm embedded/7 2017-q4-major/bin/../lib/gcc/arm-none-eabi/7.2.1/../../../../arm-none-eabi/lib/thumb/v6-m/crt0.o (__libc_init_array)
c:/program files (x86)/gnu tools arm embedded/7 2017-q4-major/bin/../lib/gcc/arm-none-eabi/7.2.1/../../../../arm-none-eabi/lib/thumb/v6-m\libg_nano.a(lib_a-memset.o)
                              c:/program files (x86)/gnu tools arm embedded/7 2017-q4-major/bin/../lib/gcc/arm-none-eabi/7.2.1/../../../../arm-none-eabi/lib/thumb/v6-m/crt0.o (memset)
c:/program files (x86)/gnu tools arm embedded/7 2017-q4-major/bin/../lib/gcc/arm-none-eabi/7.2.1/../../../../arm-none-eabi/lib/thumb/v6-m\libnosys.a(_exit.o)
                              c:/program files (x86)/gnu tools arm embedded/7 2017-q4-major/bin/../lib/gcc/arm-none-eabi/7.2.1/../../../../arm-none-eabi/lib/thumb/v6-m\libg_nano.a(lib_a-exit.o) (_exit)

Allocating common symbols
Common symbol       size              file

flash_write         0x4               ./06_NosPrg/isr.o
gpio_get_int        0x4               ./06_NosPrg/isr.o
flash_read_physical
                    0x4               ./06_NosPrg/isr.o
gpio_drive_strength
                    0x4               ./06_NosPrg/isr.o
uecom_config        0x4               ./06_NosPrg/isr.o
uecom_getSignalPower
                    0x4               ./06_NosPrg/isr.o
SPI_sendN           0x4               ./06_NosPrg/isr.o
uart_sendN          0x4               ./06_NosPrg/isr.o
disable_lptmr_int   0x4               ./06_NosPrg/isr.o
gFlashData          0xad              ./06_NosPrg/main.o
uart_enable_re_int  0x4               ./06_NosPrg/isr.o
gnss_get_time       0x4               ./06_NosPrg/isr.o
flash_protect       0x4               ./06_NosPrg/isr.o
gpio_clear_allint   0x4               ./06_NosPrg/isr.o
tsi_set_threshold   0x4               ./06_NosPrg/isr.o
flash_erase         0x4               ./06_NosPrg/isr.o
gRecvBuf            0x400             ./06_NosPrg/main.o
uart_disable_re_int
                    0x4               ./06_NosPrg/isr.o
flash_init          0x4               ./06_NosPrg/isr.o
enable_lptmr_int    0x4               ./06_NosPrg/isr.o
uecom_getCurCommunity
                    0x4               ./06_NosPrg/isr.o
tsi_softsearch      0x4               ./06_NosPrg/isr.o
SPI_disable_re_int  0x4               ./06_NosPrg/isr.o
adc_read            0x4               ./06_NosPrg/isr.o
uart_get_re_int     0x4               ./06_NosPrg/isr.o
uart_reN            0x4               ./06_NosPrg/isr.o
gnss_init           0x4               ./06_NosPrg/isr.o
uart_send_string    0x4               ./06_NosPrg/isr.o
systemTimeSet       0x4               ./06_NosPrg/isr.o
uart_init           0x4               ./06_NosPrg/isr.o
tsi_get_value16     0x4               ./06_NosPrg/isr.o
gpio_get            0x4               ./06_NosPrg/isr.o
SPI_receive1        0x4               ./06_NosPrg/isr.o
gTime               0xe               ./06_NosPrg/main.o
uart_deint          0x4               ./06_NosPrg/isr.o
http_get            0x4               ./06_NosPrg/isr.o
tsi_disable_re_int  0x4               ./06_NosPrg/isr.o
lptmr_init          0x4               ./06_NosPrg/isr.o
SPI_receiveN        0x4               ./06_NosPrg/isr.o
uecom_send          0x4               ./06_NosPrg/isr.o
gpio_disable_int    0x4               ./06_NosPrg/isr.o
gnss_get_location   0x4               ./06_NosPrg/isr.o
flash_read_logic    0x4               ./06_NosPrg/isr.o
SPI_send1           0x4               ./06_NosPrg/isr.o
uart_re1            0x4               ./06_NosPrg/isr.o
uecom_getIMEI       0x4               ./06_NosPrg/isr.o
gnss_get_attitude   0x4               ./06_NosPrg/isr.o
gpio_clear_int      0x4               ./06_NosPrg/isr.o
gnss_get_speed      0x4               ./06_NosPrg/isr.o
gUserData           0x117             ./06_NosPrg/main.o
tsi_enable_re_int   0x4               ./06_NosPrg/isr.o
lptmr_reset         0x4               ./06_NosPrg/isr.o
uecom_getUEIP       0x4               ./06_NosPrg/isr.o
uecom_deInit        0x4               ./06_NosPrg/isr.o
adc_init            0x4               ./06_NosPrg/isr.o
uecom_interrupt     0x4               ./06_NosPrg/isr.o
tsi_init            0x4               ./06_NosPrg/isr.o
flash_isempty       0x4               ./06_NosPrg/isr.o
gpio_enable_int     0x4               ./06_NosPrg/isr.o
gpio_pull           0x4               ./06_NosPrg/isr.o
SPI_init            0x4               ./06_NosPrg/isr.o
uecom_switch        0x4               ./06_NosPrg/isr.o
uecom_default_delay_ms
                    0x4               ./06_NosPrg/isr.o
uart_send1          0x4               ./06_NosPrg/isr.o
systemTimeGet       0x4               ./06_NosPrg/isr.o
uecom_fast_init     0x4               ./06_NosPrg/isr.o
gpio_set            0x4               ./06_NosPrg/isr.o
uecom_getBSNum      0x4               ./06_NosPrg/isr.o
gpio_reverse        0x4               ./06_NosPrg/isr.o
uecom_getFirmVer    0x4               ./06_NosPrg/isr.o
uecom_init          0x4               ./06_NosPrg/isr.o
gpio_init           0x4               ./06_NosPrg/isr.o
SPI_enable_re_int   0x4               ./06_NosPrg/isr.o
uecom_getIMSI       0x4               ./06_NosPrg/isr.o
gRecvLength         0x2               ./06_NosPrg/main.o

Discarded input sections

 .text          0x00000000        0x0 c:/program files (x86)/gnu tools arm embedded/7 2017-q4-major/bin/../lib/gcc/arm-none-eabi/7.2.1/thumb/v6-m/crti.o
 .data          0x00000000        0x0 c:/program files (x86)/gnu tools arm embedded/7 2017-q4-major/bin/../lib/gcc/arm-none-eabi/7.2.1/thumb/v6-m/crti.o
 .bss           0x00000000        0x0 c:/program files (x86)/gnu tools arm embedded/7 2017-q4-major/bin/../lib/gcc/arm-none-eabi/7.2.1/thumb/v6-m/crti.o
 .data          0x00000000        0x4 c:/program files (x86)/gnu tools arm embedded/7 2017-q4-major/bin/../lib/gcc/arm-none-eabi/7.2.1/thumb/v6-m/crtbegin.o
 .data          0x00000000        0x0 c:/program files (x86)/gnu tools arm embedded/7 2017-q4-major/bin/../lib/gcc/arm-none-eabi/7.2.1/../../../../arm-none-eabi/lib/thumb/v6-m/crt0.o
 .bss           0x00000000        0x0 c:/program files (x86)/gnu tools arm embedded/7 2017-q4-major/bin/../lib/gcc/arm-none-eabi/7.2.1/../../../../arm-none-eabi/lib/thumb/v6-m/crt0.o
 .ARM.extab     0x00000000        0x0 c:/program files (x86)/gnu tools arm embedded/7 2017-q4-major/bin/../lib/gcc/arm-none-eabi/7.2.1/../../../../arm-none-eabi/lib/thumb/v6-m/crt0.o
 .group         0x00000000        0xc ./06_NosPrg/isr.o
 .group         0x00000000        0xc ./06_NosPrg/isr.o
 .group         0x00000000        0xc ./06_NosPrg/isr.o
 .group         0x00000000        0xc ./06_NosPrg/isr.o
 .group         0x00000000        0xc ./06_NosPrg/isr.o
 .group         0x00000000        0xc ./06_NosPrg/isr.o
 .group         0x00000000        0xc ./06_NosPrg/isr.o
 .group         0x00000000        0xc ./06_NosPrg/isr.o
 .group         0x00000000        0xc ./06_NosPrg/isr.o
 .group         0x00000000        0xc ./06_NosPrg/isr.o
 .group         0x00000000        0xc ./06_NosPrg/isr.o
 .group         0x00000000        0xc ./06_NosPrg/isr.o
 .group         0x00000000        0xc ./06_NosPrg/isr.o
 .group         0x00000000        0xc ./06_NosPrg/isr.o
 .group         0x00000000        0xc ./06_NosPrg/isr.o
 .group         0x00000000        0xc ./06_NosPrg/isr.o
 .group         0x00000000        0xc ./06_NosPrg/isr.o
 .group         0x00000000        0xc ./06_NosPrg/isr.o
 .group         0x00000000        0xc ./06_NosPrg/isr.o
 .group         0x00000000        0xc ./06_NosPrg/isr.o
 .group         0x00000000        0xc ./06_NosPrg/isr.o
 .group         0x00000000        0xc ./06_NosPrg/isr.o
 .group         0x00000000        0xc ./06_NosPrg/isr.o
 .group         0x00000000        0xc ./06_NosPrg/isr.o
 .group         0x00000000        0xc ./06_NosPrg/isr.o
 .group         0x00000000        0xc ./06_NosPrg/isr.o
 .group         0x00000000        0xc ./06_NosPrg/isr.o
 .group         0x00000000        0xc ./06_NosPrg/isr.o
 .group         0x00000000        0xc ./06_NosPrg/isr.o
 .group         0x00000000        0xc ./06_NosPrg/isr.o
 .group         0x00000000        0xc ./06_NosPrg/isr.o
 .group         0x00000000        0xc ./06_NosPrg/isr.o
 .group         0x00000000        0xc ./06_NosPrg/isr.o
 .group         0x00000000        0xc ./06_NosPrg/isr.o
 .group         0x00000000        0xc ./06_NosPrg/isr.o
 .group         0x00000000        0xc ./06_NosPrg/isr.o
 .group         0x00000000        0xc ./06_NosPrg/isr.o
 .group         0x00000000        0xc ./06_NosPrg/isr.o
 .group         0x00000000        0xc ./06_NosPrg/isr.o
 .group         0x00000000        0xc ./06_NosPrg/isr.o
 .group         0x00000000        0xc ./06_NosPrg/isr.o
 .group         0x00000000        0xc ./06_NosPrg/isr.o
 .group         0x00000000        0xc ./06_NosPrg/isr.o
 .group         0x00000000        0xc ./06_NosPrg/isr.o
 .group         0x00000000        0xc ./06_NosPrg/isr.o
 .text          0x00000000        0x0 ./06_NosPrg/isr.o
 .data          0x00000000        0x0 ./06_NosPrg/isr.o
 .bss           0x00000000        0x0 ./06_NosPrg/isr.o
 .rodata.nAsciiDot
                0x00000000      0x600 ./06_NosPrg/isr.o
 .rodata.GB_16  0x00000000       0xcc ./06_NosPrg/isr.o
 .group         0x00000000        0xc ./06_NosPrg/main.o
 .group         0x00000000        0xc ./06_NosPrg/main.o
 .group         0x00000000        0xc ./06_NosPrg/main.o
 .group         0x00000000        0xc ./06_NosPrg/main.o
 .group         0x00000000        0xc ./06_NosPrg/main.o
 .group         0x00000000        0xc ./06_NosPrg/main.o
 .group         0x00000000        0xc ./06_NosPrg/main.o
 .group         0x00000000        0xc ./06_NosPrg/main.o
 .group         0x00000000        0xc ./06_NosPrg/main.o
 .group         0x00000000        0xc ./06_NosPrg/main.o
 .group         0x00000000        0xc ./06_NosPrg/main.o
 .group         0x00000000        0xc ./06_NosPrg/main.o
 .group         0x00000000        0xc ./06_NosPrg/main.o
 .group         0x00000000        0xc ./06_NosPrg/main.o
 .group         0x00000000        0xc ./06_NosPrg/main.o
 .group         0x00000000        0xc ./06_NosPrg/main.o
 .group         0x00000000        0xc ./06_NosPrg/main.o
 .group         0x00000000        0xc ./06_NosPrg/main.o
 .group         0x00000000        0xc ./06_NosPrg/main.o
 .group         0x00000000        0xc ./06_NosPrg/main.o
 .group         0x00000000        0xc ./06_NosPrg/main.o
 .group         0x00000000        0xc ./06_NosPrg/main.o
 .group         0x00000000        0xc ./06_NosPrg/main.o
 .group         0x00000000        0xc ./06_NosPrg/main.o
 .group         0x00000000        0xc ./06_NosPrg/main.o
 .group         0x00000000        0xc ./06_NosPrg/main.o
 .group         0x00000000        0xc ./06_NosPrg/main.o
 .group         0x00000000        0xc ./06_NosPrg/main.o
 .group         0x00000000        0xc ./06_NosPrg/main.o
 .group         0x00000000        0xc ./06_NosPrg/main.o
 .group         0x00000000        0xc ./06_NosPrg/main.o
 .group         0x00000000        0xc ./06_NosPrg/main.o
 .group         0x00000000        0xc ./06_NosPrg/main.o
 .group         0x00000000        0xc ./06_NosPrg/main.o
 .group         0x00000000        0xc ./06_NosPrg/main.o
 .group         0x00000000        0xc ./06_NosPrg/main.o
 .group         0x00000000        0xc ./06_NosPrg/main.o
 .group         0x00000000        0xc ./06_NosPrg/main.o
 .group         0x00000000        0xc ./06_NosPrg/main.o
 .group         0x00000000        0xc ./06_NosPrg/main.o
 .group         0x00000000        0xc ./06_NosPrg/main.o
 .group         0x00000000        0xc ./06_NosPrg/main.o
 .group         0x00000000        0xc ./06_NosPrg/main.o
 .group         0x00000000        0xc ./06_NosPrg/main.o
 .group         0x00000000        0xc ./06_NosPrg/main.o
 .text          0x00000000        0x0 ./06_NosPrg/main.o
 .data          0x00000000        0x0 ./06_NosPrg/main.o
 .bss           0x00000000        0x0 ./06_NosPrg/main.o
 .rodata.nAsciiDot
                0x00000000      0x600 ./06_NosPrg/main.o
 .rodata.GB_16  0x00000000       0xcc ./06_NosPrg/main.o
 .text.LCDShowTime
                0x00000000        0xa ./06_NosPrg/main.o
 .debug_macro   0x00000000      0xa2a ./06_NosPrg/main.o
 .debug_macro   0x00000000       0x22 ./06_NosPrg/main.o
 .debug_macro   0x00000000       0x52 ./06_NosPrg/main.o
 .debug_macro   0x00000000       0x17 ./06_NosPrg/main.o
 .debug_macro   0x00000000       0x55 ./06_NosPrg/main.o
 .debug_macro   0x00000000       0x35 ./06_NosPrg/main.o
 .debug_macro   0x00000000       0x9c ./06_NosPrg/main.o
 .debug_macro   0x00000000       0x16 ./06_NosPrg/main.o
 .debug_macro   0x00000000       0x57 ./06_NosPrg/main.o
 .debug_macro   0x00000000       0x97 ./06_NosPrg/main.o
 .debug_macro   0x00000000      0x353 ./06_NosPrg/main.o
 .debug_macro   0x00000000       0xf6 ./06_NosPrg/main.o
 .debug_macro   0x00000000       0x10 ./06_NosPrg/main.o
 .debug_macro   0x00000000       0x58 ./06_NosPrg/main.o
 .debug_macro   0x00000000       0x1f ./06_NosPrg/main.o
 .debug_macro   0x00000000       0x43 ./06_NosPrg/main.o
 .debug_macro   0x00000000       0x20 ./06_NosPrg/main.o
 .debug_macro   0x00000000      0x18e ./06_NosPrg/main.o
 .debug_macro   0x00000000       0x10 ./06_NosPrg/main.o
 .debug_macro   0x00000000       0x6a ./06_NosPrg/main.o
 .debug_macro   0x00000000       0xb6 ./06_NosPrg/main.o
 .debug_macro   0x00000000       0x16 ./06_NosPrg/main.o
 .debug_macro   0x00000000      0x129 ./06_NosPrg/main.o
 .debug_macro   0x00000000       0x16 ./06_NosPrg/main.o
 .debug_macro   0x00000000       0x35 ./06_NosPrg/main.o
 .debug_macro   0x00000000       0x22 ./06_NosPrg/main.o
 .debug_macro   0x00000000       0x16 ./06_NosPrg/main.o
 .debug_macro   0x00000000       0xef ./06_NosPrg/main.o
 .debug_macro   0x00000000      0x1df ./06_NosPrg/main.o
 .debug_macro   0x00000000       0x39 ./06_NosPrg/main.o
 .debug_macro   0x00000000       0x3a ./06_NosPrg/main.o
 .debug_macro   0x00000000       0x26 ./06_NosPrg/main.o
 .debug_macro   0x00000000      0x306 ./06_NosPrg/main.o
 .debug_macro   0x00000000     0xc3a9 ./06_NosPrg/main.o
 .debug_macro   0x00000000       0x2e ./06_NosPrg/main.o
 .debug_macro   0x00000000       0x3a ./06_NosPrg/main.o
 .debug_macro   0x00000000       0x52 ./06_NosPrg/main.o
 .debug_macro   0x00000000       0xc8 ./06_NosPrg/main.o
 .debug_macro   0x00000000       0x2e ./06_NosPrg/main.o
 .debug_macro   0x00000000       0x2e ./06_NosPrg/main.o
 .debug_macro   0x00000000       0x28 ./06_NosPrg/main.o
 .debug_macro   0x00000000       0x28 ./06_NosPrg/main.o
 .debug_macro   0x00000000       0x2e ./06_NosPrg/main.o
 .debug_macro   0x00000000       0x22 ./06_NosPrg/main.o
 .group         0x00000000        0xc ./05_SoftComponent/valueType/valueType.o
 .group         0x00000000        0xc ./05_SoftComponent/valueType/valueType.o
 .group         0x00000000        0xc ./05_SoftComponent/valueType/valueType.o
 .group         0x00000000        0xc ./05_SoftComponent/valueType/valueType.o
 .group         0x00000000        0xc ./05_SoftComponent/valueType/valueType.o
 .group         0x00000000        0xc ./05_SoftComponent/valueType/valueType.o
 .group         0x00000000        0xc ./05_SoftComponent/valueType/valueType.o
 .group         0x00000000        0xc ./05_SoftComponent/valueType/valueType.o
 .group         0x00000000        0xc ./05_SoftComponent/valueType/valueType.o
 .group         0x00000000        0xc ./05_SoftComponent/valueType/valueType.o
 .group         0x00000000        0xc ./05_SoftComponent/valueType/valueType.o
 .group         0x00000000        0xc ./05_SoftComponent/valueType/valueType.o
 .group         0x00000000        0xc ./05_SoftComponent/valueType/valueType.o
 .group         0x00000000        0xc ./05_SoftComponent/valueType/valueType.o
 .text          0x00000000        0x0 ./05_SoftComponent/valueType/valueType.o
 .data          0x00000000        0x0 ./05_SoftComponent/valueType/valueType.o
 .bss           0x00000000        0x0 ./05_SoftComponent/valueType/valueType.o
 .debug_macro   0x00000000      0xa2a ./05_SoftComponent/valueType/valueType.o
 .debug_macro   0x00000000       0x16 ./05_SoftComponent/valueType/valueType.o
 .debug_macro   0x00000000       0x22 ./05_SoftComponent/valueType/valueType.o
 .debug_macro   0x00000000       0xef ./05_SoftComponent/valueType/valueType.o
 .debug_macro   0x00000000       0x6a ./05_SoftComponent/valueType/valueType.o
 .debug_macro   0x00000000      0x1df ./05_SoftComponent/valueType/valueType.o
 .debug_macro   0x00000000       0x39 ./05_SoftComponent/valueType/valueType.o
 .debug_macro   0x00000000       0x3a ./05_SoftComponent/valueType/valueType.o
 .debug_macro   0x00000000       0x26 ./05_SoftComponent/valueType/valueType.o
 .debug_macro   0x00000000      0x306 ./05_SoftComponent/valueType/valueType.o
 .debug_macro   0x00000000     0xc3a9 ./05_SoftComponent/valueType/valueType.o
 .debug_macro   0x00000000       0x2e ./05_SoftComponent/valueType/valueType.o
 .group         0x00000000        0xc ./05_SoftComponent/common/common.o
 .group         0x00000000        0xc ./05_SoftComponent/common/common.o
 .group         0x00000000        0xc ./05_SoftComponent/common/common.o
 .group         0x00000000        0xc ./05_SoftComponent/common/common.o
 .group         0x00000000        0xc ./05_SoftComponent/common/common.o
 .group         0x00000000        0xc ./05_SoftComponent/common/common.o
 .group         0x00000000        0xc ./05_SoftComponent/common/common.o
 .group         0x00000000        0xc ./05_SoftComponent/common/common.o
 .group         0x00000000        0xc ./05_SoftComponent/common/common.o
 .group         0x00000000        0xc ./05_SoftComponent/common/common.o
 .group         0x00000000        0xc ./05_SoftComponent/common/common.o
 .group         0x00000000        0xc ./05_SoftComponent/common/common.o
 .group         0x00000000        0xc ./05_SoftComponent/common/common.o
 .group         0x00000000        0xc ./05_SoftComponent/common/common.o
 .group         0x00000000        0xc ./05_SoftComponent/common/common.o
 .group         0x00000000        0xc ./05_SoftComponent/common/common.o
 .group         0x00000000        0xc ./05_SoftComponent/common/common.o
 .group         0x00000000        0xc ./05_SoftComponent/common/common.o
 .group         0x00000000        0xc ./05_SoftComponent/common/common.o
 .group         0x00000000        0xc ./05_SoftComponent/common/common.o
 .group         0x00000000        0xc ./05_SoftComponent/common/common.o
 .group         0x00000000        0xc ./05_SoftComponent/common/common.o
 .group         0x00000000        0xc ./05_SoftComponent/common/common.o
 .group         0x00000000        0xc ./05_SoftComponent/common/common.o
 .group         0x00000000        0xc ./05_SoftComponent/common/common.o
 .group         0x00000000        0xc ./05_SoftComponent/common/common.o
 .group         0x00000000        0xc ./05_SoftComponent/common/common.o
 .group         0x00000000        0xc ./05_SoftComponent/common/common.o
 .group         0x00000000        0xc ./05_SoftComponent/common/common.o
 .group         0x00000000        0xc ./05_SoftComponent/common/common.o
 .group         0x00000000        0xc ./05_SoftComponent/common/common.o
 .group         0x00000000        0xc ./05_SoftComponent/common/common.o
 .group         0x00000000        0xc ./05_SoftComponent/common/common.o
 .group         0x00000000        0xc ./05_SoftComponent/common/common.o
 .group         0x00000000        0xc ./05_SoftComponent/common/common.o
 .group         0x00000000        0xc ./05_SoftComponent/common/common.o
 .group         0x00000000        0xc ./05_SoftComponent/common/common.o
 .group         0x00000000        0xc ./05_SoftComponent/common/common.o
 .group         0x00000000        0xc ./05_SoftComponent/common/common.o
 .group         0x00000000        0xc ./05_SoftComponent/common/common.o
 .group         0x00000000        0xc ./05_SoftComponent/common/common.o
 .text          0x00000000        0x0 ./05_SoftComponent/common/common.o
 .data          0x00000000        0x0 ./05_SoftComponent/common/common.o
 .bss           0x00000000        0x0 ./05_SoftComponent/common/common.o
 .text.NVIC_EnableIRQ
                0x00000000       0x2c ./05_SoftComponent/common/common.o
 .text.NVIC_DisableIRQ
                0x00000000       0x30 ./05_SoftComponent/common/common.o
 .text.NVIC_SetPriority
                0x00000000       0xdc ./05_SoftComponent/common/common.o
 .bss.int_disable_level
                0x00000000        0x4 ./05_SoftComponent/common/common.o
 .text.init_critical
                0x00000000       0x18 ./05_SoftComponent/common/common.o
 .text.enter_critical
                0x00000000       0x24 ./05_SoftComponent/common/common.o
 .text.exit_critical
                0x00000000       0x2c ./05_SoftComponent/common/common.o
 .text.enable_irq
                0x00000000       0x30 ./05_SoftComponent/common/common.o
 .text.disable_irq
                0x00000000       0x30 ./05_SoftComponent/common/common.o
 .text.set_irq_priority
                0x00000000       0x60 ./05_SoftComponent/common/common.o
 .text.Delay_us
                0x00000000       0x30 ./05_SoftComponent/common/common.o
 .debug_macro   0x00000000      0xa2a ./05_SoftComponent/common/common.o
 .debug_macro   0x00000000       0x16 ./05_SoftComponent/common/common.o
 .debug_macro   0x00000000       0x22 ./05_SoftComponent/common/common.o
 .debug_macro   0x00000000       0x4f ./05_SoftComponent/common/common.o
 .debug_macro   0x00000000       0x51 ./05_SoftComponent/common/common.o
 .debug_macro   0x00000000       0xef ./05_SoftComponent/common/common.o
 .debug_macro   0x00000000       0x6a ./05_SoftComponent/common/common.o
 .debug_macro   0x00000000      0x1df ./05_SoftComponent/common/common.o
 .debug_macro   0x00000000       0x39 ./05_SoftComponent/common/common.o
 .debug_macro   0x00000000       0x3a ./05_SoftComponent/common/common.o
 .debug_macro   0x00000000       0x26 ./05_SoftComponent/common/common.o
 .debug_macro   0x00000000      0x306 ./05_SoftComponent/common/common.o
 .debug_macro   0x00000000     0xc3a9 ./05_SoftComponent/common/common.o
 .debug_macro   0x00000000       0x2e ./05_SoftComponent/common/common.o
 .debug_macro   0x00000000       0x52 ./05_SoftComponent/common/common.o
 .debug_macro   0x00000000       0x2e ./05_SoftComponent/common/common.o
 .debug_macro   0x00000000       0x28 ./05_SoftComponent/common/common.o
 .debug_macro   0x00000000       0x2e ./05_SoftComponent/common/common.o
 .debug_macro   0x00000000       0x17 ./05_SoftComponent/common/common.o
 .debug_macro   0x00000000       0x35 ./05_SoftComponent/common/common.o
 .debug_macro   0x00000000       0x9c ./05_SoftComponent/common/common.o
 .debug_macro   0x00000000       0x16 ./05_SoftComponent/common/common.o
 .debug_macro   0x00000000       0x97 ./05_SoftComponent/common/common.o
 .debug_macro   0x00000000      0x353 ./05_SoftComponent/common/common.o
 .debug_macro   0x00000000       0xf6 ./05_SoftComponent/common/common.o
 .debug_macro   0x00000000       0x10 ./05_SoftComponent/common/common.o
 .debug_macro   0x00000000       0x58 ./05_SoftComponent/common/common.o
 .debug_macro   0x00000000       0x1f ./05_SoftComponent/common/common.o
 .debug_macro   0x00000000       0x43 ./05_SoftComponent/common/common.o
 .debug_macro   0x00000000       0x20 ./05_SoftComponent/common/common.o
 .debug_macro   0x00000000      0x18e ./05_SoftComponent/common/common.o
 .debug_macro   0x00000000       0x10 ./05_SoftComponent/common/common.o
 .debug_macro   0x00000000       0xb6 ./05_SoftComponent/common/common.o
 .debug_macro   0x00000000       0x16 ./05_SoftComponent/common/common.o
 .debug_macro   0x00000000      0x129 ./05_SoftComponent/common/common.o
 .debug_macro   0x00000000       0x16 ./05_SoftComponent/common/common.o
 .debug_macro   0x00000000       0x35 ./05_SoftComponent/common/common.o
 .debug_macro   0x00000000       0x22 ./05_SoftComponent/common/common.o
 .group         0x00000000        0xc ./04_UserBoard/light/light.o
 .group         0x00000000        0xc ./04_UserBoard/light/light.o
 .group         0x00000000        0xc ./04_UserBoard/light/light.o
 .group         0x00000000        0xc ./04_UserBoard/light/light.o
 .group         0x00000000        0xc ./04_UserBoard/light/light.o
 .group         0x00000000        0xc ./04_UserBoard/light/light.o
 .group         0x00000000        0xc ./04_UserBoard/light/light.o
 .group         0x00000000        0xc ./04_UserBoard/light/light.o
 .group         0x00000000        0xc ./04_UserBoard/light/light.o
 .group         0x00000000        0xc ./04_UserBoard/light/light.o
 .group         0x00000000        0xc ./04_UserBoard/light/light.o
 .group         0x00000000        0xc ./04_UserBoard/light/light.o
 .group         0x00000000        0xc ./04_UserBoard/light/light.o
 .group         0x00000000        0xc ./04_UserBoard/light/light.o
 .group         0x00000000        0xc ./04_UserBoard/light/light.o
 .group         0x00000000        0xc ./04_UserBoard/light/light.o
 .text          0x00000000        0x0 ./04_UserBoard/light/light.o
 .data          0x00000000        0x0 ./04_UserBoard/light/light.o
 .bss           0x00000000        0x0 ./04_UserBoard/light/light.o
 .text.light_control
                0x00000000       0x30 ./04_UserBoard/light/light.o
 .debug_macro   0x00000000      0xa2a ./04_UserBoard/light/light.o
 .debug_macro   0x00000000       0x16 ./04_UserBoard/light/light.o
 .debug_macro   0x00000000       0x22 ./04_UserBoard/light/light.o
 .debug_macro   0x00000000       0x4f ./04_UserBoard/light/light.o
 .debug_macro   0x00000000       0x51 ./04_UserBoard/light/light.o
 .debug_macro   0x00000000       0xef ./04_UserBoard/light/light.o
 .debug_macro   0x00000000       0x6a ./04_UserBoard/light/light.o
 .debug_macro   0x00000000      0x1df ./04_UserBoard/light/light.o
 .debug_macro   0x00000000       0x39 ./04_UserBoard/light/light.o
 .debug_macro   0x00000000       0x3a ./04_UserBoard/light/light.o
 .debug_macro   0x00000000       0x26 ./04_UserBoard/light/light.o
 .debug_macro   0x00000000      0x306 ./04_UserBoard/light/light.o
 .debug_macro   0x00000000     0xc3a9 ./04_UserBoard/light/light.o
 .debug_macro   0x00000000       0x2e ./04_UserBoard/light/light.o
 .debug_macro   0x00000000       0x52 ./04_UserBoard/light/light.o
 .group         0x00000000        0xc ./04_UserBoard/lcd/lcd.o
 .group         0x00000000        0xc ./04_UserBoard/lcd/lcd.o
 .group         0x00000000        0xc ./04_UserBoard/lcd/lcd.o
 .group         0x00000000        0xc ./04_UserBoard/lcd/lcd.o
 .group         0x00000000        0xc ./04_UserBoard/lcd/lcd.o
 .group         0x00000000        0xc ./04_UserBoard/lcd/lcd.o
 .group         0x00000000        0xc ./04_UserBoard/lcd/lcd.o
 .group         0x00000000        0xc ./04_UserBoard/lcd/lcd.o
 .group         0x00000000        0xc ./04_UserBoard/lcd/lcd.o
 .group         0x00000000        0xc ./04_UserBoard/lcd/lcd.o
 .group         0x00000000        0xc ./04_UserBoard/lcd/lcd.o
 .group         0x00000000        0xc ./04_UserBoard/lcd/lcd.o
 .group         0x00000000        0xc ./04_UserBoard/lcd/lcd.o
 .group         0x00000000        0xc ./04_UserBoard/lcd/lcd.o
 .group         0x00000000        0xc ./04_UserBoard/lcd/lcd.o
 .group         0x00000000        0xc ./04_UserBoard/lcd/lcd.o
 .group         0x00000000        0xc ./04_UserBoard/lcd/lcd.o
 .text          0x00000000        0x0 ./04_UserBoard/lcd/lcd.o
 .data          0x00000000        0x0 ./04_UserBoard/lcd/lcd.o
 .bss           0x00000000        0x0 ./04_UserBoard/lcd/lcd.o
 .text.LCD_Clear
                0x00000000       0x70 ./04_UserBoard/lcd/lcd.o
 .text.LCD_DrawPoint_big
                0x00000000       0x52 ./04_UserBoard/lcd/lcd.o
 .text.LCD_DrawCircle
                0x00000000      0x1d4 ./04_UserBoard/lcd/lcd.o
 .text.LCD_DrawRectangle
                0x00000000       0xa0 ./04_UserBoard/lcd/lcd.o
 .text.mypow    0x00000000       0x3a ./04_UserBoard/lcd/lcd.o
 .debug_macro   0x00000000      0xa2a ./04_UserBoard/lcd/lcd.o
 .debug_macro   0x00000000       0x16 ./04_UserBoard/lcd/lcd.o
 .debug_macro   0x00000000       0x22 ./04_UserBoard/lcd/lcd.o
 .debug_macro   0x00000000       0x4f ./04_UserBoard/lcd/lcd.o
 .debug_macro   0x00000000       0x51 ./04_UserBoard/lcd/lcd.o
 .debug_macro   0x00000000       0xef ./04_UserBoard/lcd/lcd.o
 .debug_macro   0x00000000       0x6a ./04_UserBoard/lcd/lcd.o
 .debug_macro   0x00000000      0x1df ./04_UserBoard/lcd/lcd.o
 .debug_macro   0x00000000       0x39 ./04_UserBoard/lcd/lcd.o
 .debug_macro   0x00000000       0x3a ./04_UserBoard/lcd/lcd.o
 .debug_macro   0x00000000       0x26 ./04_UserBoard/lcd/lcd.o
 .debug_macro   0x00000000      0x306 ./04_UserBoard/lcd/lcd.o
 .debug_macro   0x00000000     0xc3a9 ./04_UserBoard/lcd/lcd.o
 .debug_macro   0x00000000       0x2e ./04_UserBoard/lcd/lcd.o
 .debug_macro   0x00000000       0x28 ./04_UserBoard/lcd/lcd.o
 .debug_macro   0x00000000       0xc8 ./04_UserBoard/lcd/lcd.o
 .data          0x00000000        0x0 ./03_MCU/startup/startup_MKL36Z4.o
 .bss           0x00000000        0x0 ./03_MCU/startup/startup_MKL36Z4.o
 .group         0x00000000        0xc ./03_MCU/startup/system_MKL36Z4.o
 .group         0x00000000        0xc ./03_MCU/startup/system_MKL36Z4.o
 .group         0x00000000        0xc ./03_MCU/startup/system_MKL36Z4.o
 .group         0x00000000        0xc ./03_MCU/startup/system_MKL36Z4.o
 .group         0x00000000        0xc ./03_MCU/startup/system_MKL36Z4.o
 .group         0x00000000        0xc ./03_MCU/startup/system_MKL36Z4.o
 .group         0x00000000        0xc ./03_MCU/startup/system_MKL36Z4.o
 .group         0x00000000        0xc ./03_MCU/startup/system_MKL36Z4.o
 .group         0x00000000        0xc ./03_MCU/startup/system_MKL36Z4.o
 .group         0x00000000        0xc ./03_MCU/startup/system_MKL36Z4.o
 .group         0x00000000        0xc ./03_MCU/startup/system_MKL36Z4.o
 .group         0x00000000        0xc ./03_MCU/startup/system_MKL36Z4.o
 .group         0x00000000        0xc ./03_MCU/startup/system_MKL36Z4.o
 .group         0x00000000        0xc ./03_MCU/startup/system_MKL36Z4.o
 .text          0x00000000        0x0 ./03_MCU/startup/system_MKL36Z4.o
 .data          0x00000000        0x0 ./03_MCU/startup/system_MKL36Z4.o
 .bss           0x00000000        0x0 ./03_MCU/startup/system_MKL36Z4.o
 .data.SystemCoreClock
                0x00000000        0x4 ./03_MCU/startup/system_MKL36Z4.o
 .debug_macro   0x00000000      0xa2a ./03_MCU/startup/system_MKL36Z4.o
 .debug_macro   0x00000000       0x22 ./03_MCU/startup/system_MKL36Z4.o
 .debug_macro   0x00000000       0x4f ./03_MCU/startup/system_MKL36Z4.o
 .debug_macro   0x00000000       0x51 ./03_MCU/startup/system_MKL36Z4.o
 .debug_macro   0x00000000       0xef ./03_MCU/startup/system_MKL36Z4.o
 .debug_macro   0x00000000       0x6a ./03_MCU/startup/system_MKL36Z4.o
 .debug_macro   0x00000000      0x1df ./03_MCU/startup/system_MKL36Z4.o
 .debug_macro   0x00000000       0x3a ./03_MCU/startup/system_MKL36Z4.o
 .debug_macro   0x00000000       0x26 ./03_MCU/startup/system_MKL36Z4.o
 .debug_macro   0x00000000      0x306 ./03_MCU/startup/system_MKL36Z4.o
 .debug_macro   0x00000000     0xc3a9 ./03_MCU/startup/system_MKL36Z4.o
 .debug_macro   0x00000000       0x2e ./03_MCU/startup/system_MKL36Z4.o
 .group         0x00000000        0xc ./03_MCU/MCU_drivers/wdog/wdog.o
 .group         0x00000000        0xc ./03_MCU/MCU_drivers/wdog/wdog.o
 .group         0x00000000        0xc ./03_MCU/MCU_drivers/wdog/wdog.o
 .group         0x00000000        0xc ./03_MCU/MCU_drivers/wdog/wdog.o
 .group         0x00000000        0xc ./03_MCU/MCU_drivers/wdog/wdog.o
 .group         0x00000000        0xc ./03_MCU/MCU_drivers/wdog/wdog.o
 .group         0x00000000        0xc ./03_MCU/MCU_drivers/wdog/wdog.o
 .group         0x00000000        0xc ./03_MCU/MCU_drivers/wdog/wdog.o
 .group         0x00000000        0xc ./03_MCU/MCU_drivers/wdog/wdog.o
 .group         0x00000000        0xc ./03_MCU/MCU_drivers/wdog/wdog.o
 .group         0x00000000        0xc ./03_MCU/MCU_drivers/wdog/wdog.o
 .group         0x00000000        0xc ./03_MCU/MCU_drivers/wdog/wdog.o
 .group         0x00000000        0xc ./03_MCU/MCU_drivers/wdog/wdog.o
 .group         0x00000000        0xc ./03_MCU/MCU_drivers/wdog/wdog.o
 .group         0x00000000        0xc ./03_MCU/MCU_drivers/wdog/wdog.o
 .text          0x00000000        0x0 ./03_MCU/MCU_drivers/wdog/wdog.o
 .data          0x00000000        0x0 ./03_MCU/MCU_drivers/wdog/wdog.o
 .bss           0x00000000        0x0 ./03_MCU/MCU_drivers/wdog/wdog.o
 .text.wdog_start
                0x00000000       0x44 ./03_MCU/MCU_drivers/wdog/wdog.o
 .text.wdog_feed
                0x00000000       0x24 ./03_MCU/MCU_drivers/wdog/wdog.o
 .debug_macro   0x00000000      0xa2a ./03_MCU/MCU_drivers/wdog/wdog.o
 .debug_macro   0x00000000       0x16 ./03_MCU/MCU_drivers/wdog/wdog.o
 .debug_macro   0x00000000       0x22 ./03_MCU/MCU_drivers/wdog/wdog.o
 .debug_macro   0x00000000       0x4f ./03_MCU/MCU_drivers/wdog/wdog.o
 .debug_macro   0x00000000       0x51 ./03_MCU/MCU_drivers/wdog/wdog.o
 .debug_macro   0x00000000       0xef ./03_MCU/MCU_drivers/wdog/wdog.o
 .debug_macro   0x00000000       0x6a ./03_MCU/MCU_drivers/wdog/wdog.o
 .debug_macro   0x00000000      0x1df ./03_MCU/MCU_drivers/wdog/wdog.o
 .debug_macro   0x00000000       0x39 ./03_MCU/MCU_drivers/wdog/wdog.o
 .debug_macro   0x00000000       0x3a ./03_MCU/MCU_drivers/wdog/wdog.o
 .debug_macro   0x00000000       0x26 ./03_MCU/MCU_drivers/wdog/wdog.o
 .debug_macro   0x00000000      0x306 ./03_MCU/MCU_drivers/wdog/wdog.o
 .debug_macro   0x00000000     0xc3a9 ./03_MCU/MCU_drivers/wdog/wdog.o
 .debug_macro   0x00000000       0x2e ./03_MCU/MCU_drivers/wdog/wdog.o
 .debug_macro   0x00000000       0x1c ./03_MCU/MCU_drivers/wdog/wdog.o
 .data          0x00000000        0x0 c:/program files (x86)/gnu tools arm embedded/7 2017-q4-major/bin/../lib/gcc/arm-none-eabi/7.2.1/thumb/v6-m\libgcc.a(_udivsi3.o)
 .bss           0x00000000        0x0 c:/program files (x86)/gnu tools arm embedded/7 2017-q4-major/bin/../lib/gcc/arm-none-eabi/7.2.1/thumb/v6-m\libgcc.a(_udivsi3.o)
 .data          0x00000000        0x0 c:/program files (x86)/gnu tools arm embedded/7 2017-q4-major/bin/../lib/gcc/arm-none-eabi/7.2.1/thumb/v6-m\libgcc.a(_divsi3.o)
 .bss           0x00000000        0x0 c:/program files (x86)/gnu tools arm embedded/7 2017-q4-major/bin/../lib/gcc/arm-none-eabi/7.2.1/thumb/v6-m\libgcc.a(_divsi3.o)
 .data          0x00000000        0x0 c:/program files (x86)/gnu tools arm embedded/7 2017-q4-major/bin/../lib/gcc/arm-none-eabi/7.2.1/thumb/v6-m\libgcc.a(_dvmd_tls.o)
 .bss           0x00000000        0x0 c:/program files (x86)/gnu tools arm embedded/7 2017-q4-major/bin/../lib/gcc/arm-none-eabi/7.2.1/thumb/v6-m\libgcc.a(_dvmd_tls.o)
 .data          0x00000000        0x0 c:/program files (x86)/gnu tools arm embedded/7 2017-q4-major/bin/../lib/gcc/arm-none-eabi/7.2.1/thumb/v6-m\libgcc.a(_aeabi_uldivmod.o)
 .bss           0x00000000        0x0 c:/program files (x86)/gnu tools arm embedded/7 2017-q4-major/bin/../lib/gcc/arm-none-eabi/7.2.1/thumb/v6-m\libgcc.a(_aeabi_uldivmod.o)
 .data          0x00000000        0x0 c:/program files (x86)/gnu tools arm embedded/7 2017-q4-major/bin/../lib/gcc/arm-none-eabi/7.2.1/thumb/v6-m\libgcc.a(_udivmoddi4.o)
 .bss           0x00000000        0x0 c:/program files (x86)/gnu tools arm embedded/7 2017-q4-major/bin/../lib/gcc/arm-none-eabi/7.2.1/thumb/v6-m\libgcc.a(_udivmoddi4.o)
 .ARM.extab     0x00000000        0x0 c:/program files (x86)/gnu tools arm embedded/7 2017-q4-major/bin/../lib/gcc/arm-none-eabi/7.2.1/thumb/v6-m\libgcc.a(_udivmoddi4.o)
 .data          0x00000000        0x0 c:/program files (x86)/gnu tools arm embedded/7 2017-q4-major/bin/../lib/gcc/arm-none-eabi/7.2.1/thumb/v6-m\libgcc.a(divdf3.o)
 .bss           0x00000000        0x0 c:/program files (x86)/gnu tools arm embedded/7 2017-q4-major/bin/../lib/gcc/arm-none-eabi/7.2.1/thumb/v6-m\libgcc.a(divdf3.o)
 .data          0x00000000        0x0 c:/program files (x86)/gnu tools arm embedded/7 2017-q4-major/bin/../lib/gcc/arm-none-eabi/7.2.1/thumb/v6-m\libgcc.a(muldf3.o)
 .bss           0x00000000        0x0 c:/program files (x86)/gnu tools arm embedded/7 2017-q4-major/bin/../lib/gcc/arm-none-eabi/7.2.1/thumb/v6-m\libgcc.a(muldf3.o)
 .data          0x00000000        0x0 c:/program files (x86)/gnu tools arm embedded/7 2017-q4-major/bin/../lib/gcc/arm-none-eabi/7.2.1/thumb/v6-m\libgcc.a(subdf3.o)
 .bss           0x00000000        0x0 c:/program files (x86)/gnu tools arm embedded/7 2017-q4-major/bin/../lib/gcc/arm-none-eabi/7.2.1/thumb/v6-m\libgcc.a(subdf3.o)
 .data          0x00000000        0x0 c:/program files (x86)/gnu tools arm embedded/7 2017-q4-major/bin/../lib/gcc/arm-none-eabi/7.2.1/thumb/v6-m\libgcc.a(fixdfsi.o)
 .bss           0x00000000        0x0 c:/program files (x86)/gnu tools arm embedded/7 2017-q4-major/bin/../lib/gcc/arm-none-eabi/7.2.1/thumb/v6-m\libgcc.a(fixdfsi.o)
 .data          0x00000000        0x0 c:/program files (x86)/gnu tools arm embedded/7 2017-q4-major/bin/../lib/gcc/arm-none-eabi/7.2.1/thumb/v6-m\libgcc.a(floatsidf.o)
 .bss           0x00000000        0x0 c:/program files (x86)/gnu tools arm embedded/7 2017-q4-major/bin/../lib/gcc/arm-none-eabi/7.2.1/thumb/v6-m\libgcc.a(floatsidf.o)
 .data          0x00000000        0x0 c:/program files (x86)/gnu tools arm embedded/7 2017-q4-major/bin/../lib/gcc/arm-none-eabi/7.2.1/thumb/v6-m\libgcc.a(extendsfdf2.o)
 .bss           0x00000000        0x0 c:/program files (x86)/gnu tools arm embedded/7 2017-q4-major/bin/../lib/gcc/arm-none-eabi/7.2.1/thumb/v6-m\libgcc.a(extendsfdf2.o)
 .data          0x00000000        0x0 c:/program files (x86)/gnu tools arm embedded/7 2017-q4-major/bin/../lib/gcc/arm-none-eabi/7.2.1/thumb/v6-m\libgcc.a(truncdfsf2.o)
 .bss           0x00000000        0x0 c:/program files (x86)/gnu tools arm embedded/7 2017-q4-major/bin/../lib/gcc/arm-none-eabi/7.2.1/thumb/v6-m\libgcc.a(truncdfsf2.o)
 .data          0x00000000        0x0 c:/program files (x86)/gnu tools arm embedded/7 2017-q4-major/bin/../lib/gcc/arm-none-eabi/7.2.1/thumb/v6-m\libgcc.a(_clzsi2.o)
 .bss           0x00000000        0x0 c:/program files (x86)/gnu tools arm embedded/7 2017-q4-major/bin/../lib/gcc/arm-none-eabi/7.2.1/thumb/v6-m\libgcc.a(_clzsi2.o)
 .data          0x00000000        0x0 c:/program files (x86)/gnu tools arm embedded/7 2017-q4-major/bin/../lib/gcc/arm-none-eabi/7.2.1/thumb/v6-m\libgcc.a(_clzdi2.o)
 .bss           0x00000000        0x0 c:/program files (x86)/gnu tools arm embedded/7 2017-q4-major/bin/../lib/gcc/arm-none-eabi/7.2.1/thumb/v6-m\libgcc.a(_clzdi2.o)
 .text          0x00000000        0x0 c:/program files (x86)/gnu tools arm embedded/7 2017-q4-major/bin/../lib/gcc/arm-none-eabi/7.2.1/../../../../arm-none-eabi/lib/thumb/v6-m\libg_nano.a(lib_a-exit.o)
 .data          0x00000000        0x0 c:/program files (x86)/gnu tools arm embedded/7 2017-q4-major/bin/../lib/gcc/arm-none-eabi/7.2.1/../../../../arm-none-eabi/lib/thumb/v6-m\libg_nano.a(lib_a-exit.o)
 .bss           0x00000000        0x0 c:/program files (x86)/gnu tools arm embedded/7 2017-q4-major/bin/../lib/gcc/arm-none-eabi/7.2.1/../../../../arm-none-eabi/lib/thumb/v6-m\libg_nano.a(lib_a-exit.o)
 .text          0x00000000        0x0 c:/program files (x86)/gnu tools arm embedded/7 2017-q4-major/bin/../lib/gcc/arm-none-eabi/7.2.1/../../../../arm-none-eabi/lib/thumb/v6-m\libg_nano.a(lib_a-impure.o)
 .data          0x00000000        0x0 c:/program files (x86)/gnu tools arm embedded/7 2017-q4-major/bin/../lib/gcc/arm-none-eabi/7.2.1/../../../../arm-none-eabi/lib/thumb/v6-m\libg_nano.a(lib_a-impure.o)
 .bss           0x00000000        0x0 c:/program files (x86)/gnu tools arm embedded/7 2017-q4-major/bin/../lib/gcc/arm-none-eabi/7.2.1/../../../../arm-none-eabi/lib/thumb/v6-m\libg_nano.a(lib_a-impure.o)
 .data._impure_ptr
                0x00000000        0x4 c:/program files (x86)/gnu tools arm embedded/7 2017-q4-major/bin/../lib/gcc/arm-none-eabi/7.2.1/../../../../arm-none-eabi/lib/thumb/v6-m\libg_nano.a(lib_a-impure.o)
 .text          0x00000000        0x0 c:/program files (x86)/gnu tools arm embedded/7 2017-q4-major/bin/../lib/gcc/arm-none-eabi/7.2.1/../../../../arm-none-eabi/lib/thumb/v6-m\libg_nano.a(lib_a-init.o)
 .data          0x00000000        0x0 c:/program files (x86)/gnu tools arm embedded/7 2017-q4-major/bin/../lib/gcc/arm-none-eabi/7.2.1/../../../../arm-none-eabi/lib/thumb/v6-m\libg_nano.a(lib_a-init.o)
 .bss           0x00000000        0x0 c:/program files (x86)/gnu tools arm embedded/7 2017-q4-major/bin/../lib/gcc/arm-none-eabi/7.2.1/../../../../arm-none-eabi/lib/thumb/v6-m\libg_nano.a(lib_a-init.o)
 .text          0x00000000        0x0 c:/program files (x86)/gnu tools arm embedded/7 2017-q4-major/bin/../lib/gcc/arm-none-eabi/7.2.1/../../../../arm-none-eabi/lib/thumb/v6-m\libg_nano.a(lib_a-memset.o)
 .data          0x00000000        0x0 c:/program files (x86)/gnu tools arm embedded/7 2017-q4-major/bin/../lib/gcc/arm-none-eabi/7.2.1/../../../../arm-none-eabi/lib/thumb/v6-m\libg_nano.a(lib_a-memset.o)
 .bss           0x00000000        0x0 c:/program files (x86)/gnu tools arm embedded/7 2017-q4-major/bin/../lib/gcc/arm-none-eabi/7.2.1/../../../../arm-none-eabi/lib/thumb/v6-m\libg_nano.a(lib_a-memset.o)
 .text          0x00000000        0x0 c:/program files (x86)/gnu tools arm embedded/7 2017-q4-major/bin/../lib/gcc/arm-none-eabi/7.2.1/../../../../arm-none-eabi/lib/thumb/v6-m\libnosys.a(_exit.o)
 .data          0x00000000        0x0 c:/program files (x86)/gnu tools arm embedded/7 2017-q4-major/bin/../lib/gcc/arm-none-eabi/7.2.1/../../../../arm-none-eabi/lib/thumb/v6-m\libnosys.a(_exit.o)
 .bss           0x00000000        0x0 c:/program files (x86)/gnu tools arm embedded/7 2017-q4-major/bin/../lib/gcc/arm-none-eabi/7.2.1/../../../../arm-none-eabi/lib/thumb/v6-m\libnosys.a(_exit.o)
 .text          0x00000000        0x0 c:/program files (x86)/gnu tools arm embedded/7 2017-q4-major/bin/../lib/gcc/arm-none-eabi/7.2.1/thumb/v6-m/crtend.o
 .data          0x00000000        0x0 c:/program files (x86)/gnu tools arm embedded/7 2017-q4-major/bin/../lib/gcc/arm-none-eabi/7.2.1/thumb/v6-m/crtend.o
 .bss           0x00000000        0x0 c:/program files (x86)/gnu tools arm embedded/7 2017-q4-major/bin/../lib/gcc/arm-none-eabi/7.2.1/thumb/v6-m/crtend.o
 .eh_frame      0x00000000        0x4 c:/program files (x86)/gnu tools arm embedded/7 2017-q4-major/bin/../lib/gcc/arm-none-eabi/7.2.1/thumb/v6-m/crtend.o
 .ARM.attributes
                0x00000000       0x2c c:/program files (x86)/gnu tools arm embedded/7 2017-q4-major/bin/../lib/gcc/arm-none-eabi/7.2.1/thumb/v6-m/crtend.o
 .text          0x00000000        0x0 c:/program files (x86)/gnu tools arm embedded/7 2017-q4-major/bin/../lib/gcc/arm-none-eabi/7.2.1/thumb/v6-m/crtn.o
 .data          0x00000000        0x0 c:/program files (x86)/gnu tools arm embedded/7 2017-q4-major/bin/../lib/gcc/arm-none-eabi/7.2.1/thumb/v6-m/crtn.o
 .bss           0x00000000        0x0 c:/program files (x86)/gnu tools arm embedded/7 2017-q4-major/bin/../lib/gcc/arm-none-eabi/7.2.1/thumb/v6-m/crtn.o

Memory Configuration

Name             Origin             Length             Attributes
m_interrupts     0x00008800         0x00000100         xr
m_flash_config   0x00008c00         0x00000010         xr
m_text           0x00008c10         0x00006ff0         xr
m_mac_config     0x0000fc00         0x00000400         xr
m_data           0x20000800         0x00001000         rw
*default*        0x00000000         0xffffffff

Linker script and memory map

LOAD c:/program files (x86)/gnu tools arm embedded/7 2017-q4-major/bin/../lib/gcc/arm-none-eabi/7.2.1/thumb/v6-m/crti.o
LOAD c:/program files (x86)/gnu tools arm embedded/7 2017-q4-major/bin/../lib/gcc/arm-none-eabi/7.2.1/thumb/v6-m/crtbegin.o
LOAD c:/program files (x86)/gnu tools arm embedded/7 2017-q4-major/bin/../lib/gcc/arm-none-eabi/7.2.1/../../../../arm-none-eabi/lib/thumb/v6-m/crt0.o
LOAD ./06_NosPrg/isr.o
LOAD ./06_NosPrg/main.o
LOAD ./05_SoftComponent/valueType/valueType.o
LOAD ./05_SoftComponent/common/common.o
LOAD ./04_UserBoard/light/light.o
LOAD ./04_UserBoard/lcd/lcd.o
LOAD ./03_MCU/startup/startup_MKL36Z4.o
LOAD ./03_MCU/startup/system_MKL36Z4.o
LOAD ./03_MCU/MCU_drivers/wdog/wdog.o
LOAD c:/program files (x86)/gnu tools arm embedded/7 2017-q4-major/bin/../lib/gcc/arm-none-eabi/7.2.1/../../../../arm-none-eabi/lib/thumb/v6-m\libstdc++_nano.a
LOAD c:/program files (x86)/gnu tools arm embedded/7 2017-q4-major/bin/../lib/gcc/arm-none-eabi/7.2.1/../../../../arm-none-eabi/lib/thumb/v6-m\libm.a
START GROUP
LOAD c:/program files (x86)/gnu tools arm embedded/7 2017-q4-major/bin/../lib/gcc/arm-none-eabi/7.2.1/thumb/v6-m\libgcc.a
LOAD c:/program files (x86)/gnu tools arm embedded/7 2017-q4-major/bin/../lib/gcc/arm-none-eabi/7.2.1/../../../../arm-none-eabi/lib/thumb/v6-m\libg_nano.a
LOAD c:/program files (x86)/gnu tools arm embedded/7 2017-q4-major/bin/../lib/gcc/arm-none-eabi/7.2.1/../../../../arm-none-eabi/lib/thumb/v6-m\libc_nano.a
END GROUP
START GROUP
LOAD c:/program files (x86)/gnu tools arm embedded/7 2017-q4-major/bin/../lib/gcc/arm-none-eabi/7.2.1/thumb/v6-m\libgcc.a
LOAD c:/program files (x86)/gnu tools arm embedded/7 2017-q4-major/bin/../lib/gcc/arm-none-eabi/7.2.1/../../../../arm-none-eabi/lib/thumb/v6-m\libc_nano.a
LOAD c:/program files (x86)/gnu tools arm embedded/7 2017-q4-major/bin/../lib/gcc/arm-none-eabi/7.2.1/../../../../arm-none-eabi/lib/thumb/v6-m\libnosys.a
END GROUP
START GROUP
LOAD c:/program files (x86)/gnu tools arm embedded/7 2017-q4-major/bin/../lib/gcc/arm-none-eabi/7.2.1/thumb/v6-m\libgcc.a
LOAD c:/program files (x86)/gnu tools arm embedded/7 2017-q4-major/bin/../lib/gcc/arm-none-eabi/7.2.1/../../../../arm-none-eabi/lib/thumb/v6-m\libc_nano.a
LOAD c:/program files (x86)/gnu tools arm embedded/7 2017-q4-major/bin/../lib/gcc/arm-none-eabi/7.2.1/../../../../arm-none-eabi/lib/thumb/v6-m\libnosys.a
END GROUP
LOAD c:/program files (x86)/gnu tools arm embedded/7 2017-q4-major/bin/../lib/gcc/arm-none-eabi/7.2.1/thumb/v6-m/crtend.o
LOAD c:/program files (x86)/gnu tools arm embedded/7 2017-q4-major/bin/../lib/gcc/arm-none-eabi/7.2.1/thumb/v6-m/crtn.o
                0x00000200                HEAP_SIZE = DEFINED (__heap_size__)?__heap_size__:0x200
                0x00000100                STACK_SIZE = DEFINED (__stack_size__)?__stack_size__:0x100

.interrupts     0x00008800       0xc0
                0x00008800                __VECTOR_TABLE = .
                0x00008800                . = ALIGN (0x4)
 *(.isr_vector)
 .isr_vector    0x00008800       0xc0 ./03_MCU/startup/startup_MKL36Z4.o
                0x00008800                __isr_vector
                0x000088c0                . = ALIGN (0x4)

.flash_config   0x00008c00       0x10
                0x00008c00                . = ALIGN (0x4)
 *(.FlashConfig)
 .FlashConfig   0x00008c00       0x10 ./03_MCU/startup/startup_MKL36Z4.o
                0x00008c10                . = ALIGN (0x4)

.text           0x00008c10     0x5d38
                0x00008c10                . = ALIGN (0x4)
 *(.text)
 .text          0x00008c10       0x48 c:/program files (x86)/gnu tools arm embedded/7 2017-q4-major/bin/../lib/gcc/arm-none-eabi/7.2.1/thumb/v6-m/crtbegin.o
 .text          0x00008c58       0x78 c:/program files (x86)/gnu tools arm embedded/7 2017-q4-major/bin/../lib/gcc/arm-none-eabi/7.2.1/../../../../arm-none-eabi/lib/thumb/v6-m/crt0.o
                0x00008c58                _start
                0x00008c58                _mainCRTStartup
 .text          0x00008cd0       0x4c ./03_MCU/startup/startup_MKL36Z4.o
                0x00008cd0                Reset_Handler
                0x00008d14                HardFault_Handler
                0x00008d14                SysTick_Handler
                0x00008d14                PendSV_Handler
                0x00008d14                NMI_Handler
                0x00008d14                PORTC_PORTD_IRQHandler
                0x00008d14                I2C1_IRQHandler
                0x00008d14                UART1_IRQHandler
                0x00008d14                DMA2_IRQHandler
                0x00008d14                TPM0_IRQHandler
                0x00008d14                I2S0_IRQHandler
                0x00008d14                LLWU_IRQHandler
                0x00008d14                TSI0_IRQHandler
                0x00008d14                ADC0_IRQHandler
                0x00008d14                SPI1_IRQHandler
                0x00008d14                DefaultISR
                0x00008d14                TPM2_IRQHandler
                0x00008d14                RTC_IRQHandler
                0x00008d14                I2C0_IRQHandler
                0x00008d14                LCD_IRQHandler
                0x00008d14                RTC_Seconds_IRQHandler
                0x00008d14                MCG_IRQHandler
                0x00008d14                UART2_IRQHandler
                0x00008d14                Reserved20_IRQHandler
                0x00008d14                PIT_IRQHandler
                0x00008d14                SVC_Handler
                0x00008d14                DMA3_IRQHandler
                0x00008d14                DMA0_IRQHandler
                0x00008d14                DAC0_IRQHandler
                0x00008d14                TPM1_IRQHandler
                0x00008d14                LVD_LVW_IRQHandler
                0x00008d14                SPI0_IRQHandler
                0x00008d14                PORTA_IRQHandler
                0x00008d14                FTFA_IRQHandler
                0x00008d14                Reserved40_IRQHandler
                0x00008d14                LPTMR0_IRQHandler
                0x00008d14                CMP0_IRQHandler
                0x00008d14                DMA1_IRQHandler
 .text          0x00008d1c      0x114 c:/program files (x86)/gnu tools arm embedded/7 2017-q4-major/bin/../lib/gcc/arm-none-eabi/7.2.1/thumb/v6-m\libgcc.a(_udivsi3.o)
                0x00008d1c                __aeabi_uidiv
                0x00008d1c                __udivsi3
                0x00008e28                __aeabi_uidivmod
 .text          0x00008e30      0x1d4 c:/program files (x86)/gnu tools arm embedded/7 2017-q4-major/bin/../lib/gcc/arm-none-eabi/7.2.1/thumb/v6-m\libgcc.a(_divsi3.o)
                0x00008e30                __divsi3
                0x00008e30                __aeabi_idiv
                0x00008ffc                __aeabi_idivmod
 .text          0x00009004        0x4 c:/program files (x86)/gnu tools arm embedded/7 2017-q4-major/bin/../lib/gcc/arm-none-eabi/7.2.1/thumb/v6-m\libgcc.a(_dvmd_tls.o)
                0x00009004                __aeabi_idiv0
                0x00009004                __aeabi_ldiv0
 .text          0x00009008       0x40 c:/program files (x86)/gnu tools arm embedded/7 2017-q4-major/bin/../lib/gcc/arm-none-eabi/7.2.1/thumb/v6-m\libgcc.a(_aeabi_uldivmod.o)
                0x00009008                __aeabi_uldivmod
 .text          0x00009048      0x184 c:/program files (x86)/gnu tools arm embedded/7 2017-q4-major/bin/../lib/gcc/arm-none-eabi/7.2.1/thumb/v6-m\libgcc.a(_udivmoddi4.o)
                0x00009048                __udivmoddi4
 .text          0x000091cc      0x604 c:/program files (x86)/gnu tools arm embedded/7 2017-q4-major/bin/../lib/gcc/arm-none-eabi/7.2.1/thumb/v6-m\libgcc.a(divdf3.o)
                0x000091cc                __aeabi_ddiv
 .text          0x000097d0      0x4e4 c:/program files (x86)/gnu tools arm embedded/7 2017-q4-major/bin/../lib/gcc/arm-none-eabi/7.2.1/thumb/v6-m\libgcc.a(muldf3.o)
                0x000097d0                __aeabi_dmul
 .text          0x00009cb4      0x690 c:/program files (x86)/gnu tools arm embedded/7 2017-q4-major/bin/../lib/gcc/arm-none-eabi/7.2.1/thumb/v6-m\libgcc.a(subdf3.o)
                0x00009cb4                __aeabi_dsub
 .text          0x0000a344       0x6c c:/program files (x86)/gnu tools arm embedded/7 2017-q4-major/bin/../lib/gcc/arm-none-eabi/7.2.1/thumb/v6-m\libgcc.a(fixdfsi.o)
                0x0000a344                __aeabi_d2iz
 .text          0x0000a3b0       0x74 c:/program files (x86)/gnu tools arm embedded/7 2017-q4-major/bin/../lib/gcc/arm-none-eabi/7.2.1/thumb/v6-m\libgcc.a(floatsidf.o)
                0x0000a3b0                __aeabi_i2d
 .text          0x0000a424       0xa4 c:/program files (x86)/gnu tools arm embedded/7 2017-q4-major/bin/../lib/gcc/arm-none-eabi/7.2.1/thumb/v6-m\libgcc.a(extendsfdf2.o)
                0x0000a424                __aeabi_f2d
 .text          0x0000a4c8      0x108 c:/program files (x86)/gnu tools arm embedded/7 2017-q4-major/bin/../lib/gcc/arm-none-eabi/7.2.1/thumb/v6-m\libgcc.a(truncdfsf2.o)
                0x0000a4c8                __aeabi_d2f
 .text          0x0000a5d0       0x3c c:/program files (x86)/gnu tools arm embedded/7 2017-q4-major/bin/../lib/gcc/arm-none-eabi/7.2.1/thumb/v6-m\libgcc.a(_clzsi2.o)
                0x0000a5d0                __clzsi2
 .text          0x0000a60c       0x18 c:/program files (x86)/gnu tools arm embedded/7 2017-q4-major/bin/../lib/gcc/arm-none-eabi/7.2.1/thumb/v6-m\libgcc.a(_clzdi2.o)
                0x0000a60c                __clzdi2
 *(.text*)
 .text.LPTMR0_IRQ
                0x0000a624      0x13c ./06_NosPrg/isr.o
                0x0000a624                LPTMR0_IRQ
 .text.TSI0_IRQ
                0x0000a760       0xc4 ./06_NosPrg/isr.o
                0x0000a760                TSI0_IRQ
 .text.UART0_IRQHandler
                0x0000a824       0x54 ./06_NosPrg/isr.o
                0x0000a824                UART0_IRQHandler
 .text.UART1_IRQ
                0x0000a878       0x4c ./06_NosPrg/isr.o
                0x0000a878                UART1_IRQ
 .text.main     0x0000a8c4     0x15c8 ./06_NosPrg/main.o
                0x0000a8c4                main
 .text.flashData_get
                0x0000be8c       0x24 ./06_NosPrg/main.o
                0x0000be8c                flashData_get
 .text.userData_init
                0x0000beb0      0x2d0 ./06_NosPrg/main.o
                0x0000beb0                userData_init
 .text.userData_get
                0x0000c180      0x244 ./06_NosPrg/main.o
                0x0000c180                userData_get
 .text.LCD_ShowInit
                0x0000c3c4      0x1b4 ./06_NosPrg/main.o
                0x0000c3c4                LCD_ShowInit
 .text.LCD_ShowFlash
                0x0000c578      0x118 ./06_NosPrg/main.o
                0x0000c578                LCD_ShowFlash
 .text.myItoa   0x0000c690       0xde ./05_SoftComponent/valueType/valueType.o
                0x0000c690                myItoa
 .text.myFtoa   0x0000c76e       0xea ./05_SoftComponent/valueType/valueType.o
                0x0000c76e                myFtoa
 .text.copyN    0x0000c858       0x54 ./05_SoftComponent/valueType/valueType.o
                0x0000c858                copyN
 .text.Delay_ms
                0x0000c8ac       0x58 ./05_SoftComponent/common/common.o
                0x0000c8ac                Delay_ms
 .text.funPointerInit
                0x0000c904      0x700 ./05_SoftComponent/common/common.o
                0x0000c904                funPointerInit
 .text.cpy_nvic
                0x0000d004       0x4c ./05_SoftComponent/common/common.o
                0x0000d004                cpy_nvic
 .text.setVector
                0x0000d050       0x34 ./05_SoftComponent/common/common.o
                0x0000d050                setVector
 .text.light_init
                0x0000d084       0x30 ./04_UserBoard/light/light.o
                0x0000d084                light_init
 .text.light_change
                0x0000d0b4       0x24 ./04_UserBoard/light/light.o
                0x0000d0b4                light_change
 .text.LCD_Init
                0x0000d0d8      0x268 ./04_UserBoard/lcd/lcd.o
                0x0000d0d8                LCD_Init
 .text.LCD_DrawPoint
                0x0000d340       0x46 ./04_UserBoard/lcd/lcd.o
                0x0000d340                LCD_DrawPoint
 .text.LCD_DrawLine
                0x0000d386      0x12c ./04_UserBoard/lcd/lcd.o
                0x0000d386                LCD_DrawLine
 .text.LCD_DrawSurface
                0x0000d4b2       0x9c ./04_UserBoard/lcd/lcd.o
                0x0000d4b2                LCD_DrawSurface
 .text.LCD_ShowCharactor
                0x0000d54e       0xc2 ./04_UserBoard/lcd/lcd.o
                0x0000d54e                LCD_ShowCharactor
 .text.LCD_ShowString
                0x0000d610      0x20c ./04_UserBoard/lcd/lcd.o
                0x0000d610                LCD_ShowString
 .text.aotu_panel
                0x0000d81c      0x258 ./04_UserBoard/lcd/lcd.o
                0x0000d81c                aotu_panel
 .text.LCD_WR_DATA8
                0x0000da74       0x3c ./04_UserBoard/lcd/lcd.o
                0x0000da74                LCD_WR_DATA8
 .text.LCD_WR_DATA
                0x0000dab0       0x50 ./04_UserBoard/lcd/lcd.o
                0x0000dab0                LCD_WR_DATA
 .text.LCD_WR_REG
                0x0000db00       0x3c ./04_UserBoard/lcd/lcd.o
                0x0000db00                LCD_WR_REG
 .text.LCD_WR_REG_DATA
                0x0000db3c       0x2e ./04_UserBoard/lcd/lcd.o
                0x0000db3c                LCD_WR_REG_DATA
 .text.Address_set
                0x0000db6a       0xb0 ./04_UserBoard/lcd/lcd.o
                0x0000db6a                Address_set
 *fill*         0x0000dc1a        0x2 
 .text.SystemInit
                0x0000dc1c      0x124 ./03_MCU/startup/system_MKL36Z4.o
                0x0000dc1c                SystemInit
 .text.wdog_stop
                0x0000dd40       0x24 ./03_MCU/MCU_drivers/wdog/wdog.o
                0x0000dd40                wdog_stop
 .text.exit     0x0000dd64       0x2c c:/program files (x86)/gnu tools arm embedded/7 2017-q4-major/bin/../lib/gcc/arm-none-eabi/7.2.1/../../../../arm-none-eabi/lib/thumb/v6-m\libg_nano.a(lib_a-exit.o)
                0x0000dd64                exit
 .text.__libc_init_array
                0x0000dd90       0x48 c:/program files (x86)/gnu tools arm embedded/7 2017-q4-major/bin/../lib/gcc/arm-none-eabi/7.2.1/../../../../arm-none-eabi/lib/thumb/v6-m\libg_nano.a(lib_a-init.o)
                0x0000dd90                __libc_init_array
 .text.memset   0x0000ddd8       0x10 c:/program files (x86)/gnu tools arm embedded/7 2017-q4-major/bin/../lib/gcc/arm-none-eabi/7.2.1/../../../../arm-none-eabi/lib/thumb/v6-m\libg_nano.a(lib_a-memset.o)
                0x0000ddd8                memset
 .text._exit    0x0000dde8        0x4 c:/program files (x86)/gnu tools arm embedded/7 2017-q4-major/bin/../lib/gcc/arm-none-eabi/7.2.1/../../../../arm-none-eabi/lib/thumb/v6-m\libnosys.a(_exit.o)
                0x0000dde8                _exit
 *(.rodata)
 .rodata        0x0000ddec      0x3c7 ./06_NosPrg/main.o
 *fill*         0x0000e1b3        0x1 
 .rodata        0x0000e1b4       0x40 c:/program files (x86)/gnu tools arm embedded/7 2017-q4-major/bin/../lib/gcc/arm-none-eabi/7.2.1/thumb/v6-m\libgcc.a(divdf3.o)
 .rodata        0x0000e1f4       0x40 c:/program files (x86)/gnu tools arm embedded/7 2017-q4-major/bin/../lib/gcc/arm-none-eabi/7.2.1/thumb/v6-m\libgcc.a(muldf3.o)
 *(.rodata*)
 .rodata.main   0x0000e234       0x2c ./06_NosPrg/main.o
 .rodata.nAsciiDot
                0x0000e260      0x600 ./04_UserBoard/lcd/lcd.o
 .rodata.GB_16  0x0000e860       0xcc ./04_UserBoard/lcd/lcd.o
 .rodata._global_impure_ptr
                0x0000e92c        0x4 c:/program files (x86)/gnu tools arm embedded/7 2017-q4-major/bin/../lib/gcc/arm-none-eabi/7.2.1/../../../../arm-none-eabi/lib/thumb/v6-m\libg_nano.a(lib_a-impure.o)
                0x0000e92c                _global_impure_ptr
 *(.glue_7)
 .glue_7        0x0000e930        0x0 linker stubs
 *(.glue_7t)
 .glue_7t       0x0000e930        0x0 linker stubs
 *(.eh_frame)
 .eh_frame      0x0000e930        0x0 c:/program files (x86)/gnu tools arm embedded/7 2017-q4-major/bin/../lib/gcc/arm-none-eabi/7.2.1/thumb/v6-m/crtbegin.o
 *(.init)
 .init          0x0000e930        0x4 c:/program files (x86)/gnu tools arm embedded/7 2017-q4-major/bin/../lib/gcc/arm-none-eabi/7.2.1/thumb/v6-m/crti.o
                0x0000e930                _init
 .init          0x0000e934        0x8 c:/program files (x86)/gnu tools arm embedded/7 2017-q4-major/bin/../lib/gcc/arm-none-eabi/7.2.1/thumb/v6-m/crtn.o
 *(.fini)
 .fini          0x0000e93c        0x4 c:/program files (x86)/gnu tools arm embedded/7 2017-q4-major/bin/../lib/gcc/arm-none-eabi/7.2.1/thumb/v6-m/crti.o
                0x0000e93c                _fini
 .fini          0x0000e940        0x8 c:/program files (x86)/gnu tools arm embedded/7 2017-q4-major/bin/../lib/gcc/arm-none-eabi/7.2.1/thumb/v6-m/crtn.o
                0x0000e948                . = ALIGN (0x4)

.vfp11_veneer   0x0000e948        0x0
 .vfp11_veneer  0x0000e948        0x0 linker stubs

.v4_bx          0x0000e948        0x0
 .v4_bx         0x0000e948        0x0 linker stubs

.iplt           0x0000e948        0x0
 .iplt          0x0000e948        0x0 c:/program files (x86)/gnu tools arm embedded/7 2017-q4-major/bin/../lib/gcc/arm-none-eabi/7.2.1/thumb/v6-m/crtbegin.o

.ARM.extab
 *(.ARM.extab* .gnu.linkonce.armextab.*)

.ARM            0x0000e948        0x8
                0x0000e948                __exidx_start = .
 *(.ARM.exidx*)
 .ARM.exidx     0x0000e948        0x8 c:/program files (x86)/gnu tools arm embedded/7 2017-q4-major/bin/../lib/gcc/arm-none-eabi/7.2.1/../../../../arm-none-eabi/lib/thumb/v6-m/crt0.o
 .ARM.exidx     0x0000e950        0x0 c:/program files (x86)/gnu tools arm embedded/7 2017-q4-major/bin/../lib/gcc/arm-none-eabi/7.2.1/thumb/v6-m\libgcc.a(_udivmoddi4.o)
                                  0x8 (size before relaxing)
                0x0000e950                __exidx_end = .

.ctors          0x0000e950        0x0
                0x0000e950                __CTOR_LIST__ = .
 *crtbegin.o(.ctors)
 *crtbegin?.o(.ctors)
 *(EXCLUDE_FILE(*crtend.o *crtend?.o) .ctors)
 *(SORT_BY_NAME(.ctors.*))
 *(.ctors)
                0x0000e950                __CTOR_END__ = .

.dtors          0x0000e950        0x0
                0x0000e950                __DTOR_LIST__ = .
 *crtbegin.o(.dtors)
 *crtbegin?.o(.dtors)
 *(EXCLUDE_FILE(*crtend.o *crtend?.o) .dtors)
 *(SORT_BY_NAME(.dtors.*))
 *(.dtors)
                0x0000e950                __DTOR_END__ = .

.preinit_array  0x0000e950        0x0
                0x0000e950                PROVIDE (__preinit_array_start, .)
 *(.preinit_array*)
                0x0000e950                PROVIDE (__preinit_array_end, .)

.init_array     0x0000e950        0x4
                0x0000e950                PROVIDE (__init_array_start, .)
 *(SORT_BY_NAME(.init_array.*))
 *(.init_array*)
 .init_array    0x0000e950        0x4 c:/program files (x86)/gnu tools arm embedded/7 2017-q4-major/bin/../lib/gcc/arm-none-eabi/7.2.1/thumb/v6-m/crtbegin.o
                0x0000e954                PROVIDE (__init_array_end, .)

.fini_array     0x0000e954        0x4
                [!provide]                PROVIDE (__fini_array_start, .)
 *(SORT_BY_NAME(.fini_array.*))
 *(.fini_array*)
 .fini_array    0x0000e954        0x4 c:/program files (x86)/gnu tools arm embedded/7 2017-q4-major/bin/../lib/gcc/arm-none-eabi/7.2.1/thumb/v6-m/crtbegin.o
                [!provide]                PROVIDE (__fini_array_end, .)

.mac_config     0x0000fc00       0xb0
                0x0000fc00                . = ALIGN (0x4)
 *(.MacConfig)
 .MacConfig     0x0000fc00       0xad ./06_NosPrg/main.o
                0x0000fc00                flashInit
                0x0000fcb0                . = ALIGN (0x4)
 *fill*         0x0000fcad        0x3 
                0x0000fcb0                __etext = .
                0x0000fcb0                __DATA_ROM = .

.rel.dyn        0x0000fcb0        0x0
 .rel.iplt      0x0000fcb0        0x0 c:/program files (x86)/gnu tools arm embedded/7 2017-q4-major/bin/../lib/gcc/arm-none-eabi/7.2.1/thumb/v6-m/crtbegin.o

.mtb            0x20000800        0x0
                0x20000800                . = ALIGN (0x8)
                0x20000800                _mtb_start = .
 *(.mtb_buf)
                0x20000800                . = ALIGN (0x8)
                0x20000800                _mtb_end = .

.data           0x20000800       0x64 load address 0x0000fcb0
                0x20000800                . = ALIGN (0x4)
                0x20000800                __DATA_RAM = .
                0x20000800                __data_start__ = .
 *(.data)
 *(.data*)
 .data.sn.6284  0x20000800        0x4 ./06_NosPrg/main.o
 .data.impure_data
                0x20000804       0x60 c:/program files (x86)/gnu tools arm embedded/7 2017-q4-major/bin/../lib/gcc/arm-none-eabi/7.2.1/../../../../arm-none-eabi/lib/thumb/v6-m\libg_nano.a(lib_a-impure.o)
 *(.jcr*)
                0x20000864                . = ALIGN (0x4)
                0x20000864                __data_end__ = .
                0x0000fd14                __DATA_END = (__DATA_ROM + (__data_end__ - __data_start__))

.igot.plt       0x20000864        0x0 load address 0x0000fd14
 .igot.plt      0x20000864        0x0 c:/program files (x86)/gnu tools arm embedded/7 2017-q4-major/bin/../lib/gcc/arm-none-eabi/7.2.1/thumb/v6-m/crtbegin.o

.bss            0x20000864      0x714 load address 0x0000fd14
                0x20000864                . = ALIGN (0x4)
                0x20000864                __START_BSS = .
                0x20000864                __bss_start__ = .
 *(.bss)
 .bss           0x20000864       0x1c c:/program files (x86)/gnu tools arm embedded/7 2017-q4-major/bin/../lib/gcc/arm-none-eabi/7.2.1/thumb/v6-m/crtbegin.o
 *(.bss*)
 .bss.count.6203
                0x20000880        0x1 ./06_NosPrg/isr.o
 *(COMMON)
 *fill*         0x20000881        0x3 
 COMMON         0x20000884      0x118 ./06_NosPrg/isr.o
                0x20000884                flash_write
                0x20000888                gpio_get_int
                0x2000088c                flash_read_physical
                0x20000890                gpio_drive_strength
                0x20000894                uecom_config
                0x20000898                uecom_getSignalPower
                0x2000089c                SPI_sendN
                0x200008a0                uart_sendN
                0x200008a4                disable_lptmr_int
                0x200008a8                uart_enable_re_int
                0x200008ac                gnss_get_time
                0x200008b0                flash_protect
                0x200008b4                gpio_clear_allint
                0x200008b8                tsi_set_threshold
                0x200008bc                flash_erase
                0x200008c0                uart_disable_re_int
                0x200008c4                flash_init
                0x200008c8                enable_lptmr_int
                0x200008cc                uecom_getCurCommunity
                0x200008d0                tsi_softsearch
                0x200008d4                SPI_disable_re_int
                0x200008d8                adc_read
                0x200008dc                uart_get_re_int
                0x200008e0                uart_reN
                0x200008e4                gnss_init
                0x200008e8                uart_send_string
                0x200008ec                systemTimeSet
                0x200008f0                uart_init
                0x200008f4                tsi_get_value16
                0x200008f8                gpio_get
                0x200008fc                SPI_receive1
                0x20000900                uart_deint
                0x20000904                http_get
                0x20000908                tsi_disable_re_int
                0x2000090c                lptmr_init
                0x20000910                SPI_receiveN
                0x20000914                uecom_send
                0x20000918                gpio_disable_int
                0x2000091c                gnss_get_location
                0x20000920                flash_read_logic
                0x20000924                SPI_send1
                0x20000928                uart_re1
                0x2000092c                uecom_getIMEI
                0x20000930                gnss_get_attitude
                0x20000934                gpio_clear_int
                0x20000938                gnss_get_speed
                0x2000093c                tsi_enable_re_int
                0x20000940                lptmr_reset
                0x20000944                uecom_getUEIP
                0x20000948                uecom_deInit
                0x2000094c                adc_init
                0x20000950                uecom_interrupt
                0x20000954                tsi_init
                0x20000958                flash_isempty
                0x2000095c                gpio_enable_int
                0x20000960                gpio_pull
                0x20000964                SPI_init
                0x20000968                uecom_switch
                0x2000096c                uecom_default_delay_ms
                0x20000970                uart_send1
                0x20000974                systemTimeGet
                0x20000978                uecom_fast_init
                0x2000097c                gpio_set
                0x20000980                uecom_getBSNum
                0x20000984                gpio_reverse
                0x20000988                uecom_getFirmVer
                0x2000098c                uecom_init
                0x20000990                gpio_init
                0x20000994                SPI_enable_re_int
                0x20000998                uecom_getIMSI
 COMMON         0x2000099c      0x5da ./06_NosPrg/main.o
                0x2000099c                gFlashData
                0x20000a4c                gRecvBuf
                0x20000e4c                gTime
                0x20000e5c                gUserData
                0x20000f74                gRecvLength
                0x20000f78                . = ALIGN (0x4)
 *fill*         0x20000f76        0x2 
                0x20000f78                __bss_end__ = .
                0x20000f78                __END_BSS = .

.heap           0x20000f78      0x200 load address 0x00010428
                0x20000f78                . = ALIGN (0x8)
                0x20000f78                __end__ = .
                [!provide]                PROVIDE (end, .)
                0x20000f78                __HeapBase = .
                0x20001178                . = (. + HEAP_SIZE)
 *fill*         0x20000f78      0x200 
                0x20001178                __HeapLimit = .

.stack          0x20001178      0x100 load address 0x00010628
                0x20001178                . = ALIGN (0x8)
                0x20001278                . = (. + STACK_SIZE)
 *fill*         0x20001178      0x100 
                0x20001800                __StackTop = (ORIGIN (m_data) + LENGTH (m_data))
                0x20001700                __StackLimit = (__StackTop - STACK_SIZE)
                0x20001800                PROVIDE (__stack, __StackTop)

.ARM.attributes
                0x00000000       0x28
 *(.ARM.attributes)
 .ARM.attributes
                0x00000000       0x1e c:/program files (x86)/gnu tools arm embedded/7 2017-q4-major/bin/../lib/gcc/arm-none-eabi/7.2.1/thumb/v6-m/crti.o
 .ARM.attributes
                0x0000001e       0x2c c:/program files (x86)/gnu tools arm embedded/7 2017-q4-major/bin/../lib/gcc/arm-none-eabi/7.2.1/thumb/v6-m/crtbegin.o
 .ARM.attributes
                0x0000004a       0x1b c:/program files (x86)/gnu tools arm embedded/7 2017-q4-major/bin/../lib/gcc/arm-none-eabi/7.2.1/../../../../arm-none-eabi/lib/thumb/v6-m/crt0.o
 .ARM.attributes
                0x00000065       0x32 ./06_NosPrg/isr.o
 .ARM.attributes
                0x00000097       0x32 ./06_NosPrg/main.o
 .ARM.attributes
                0x000000c9       0x32 ./05_SoftComponent/valueType/valueType.o
 .ARM.attributes
                0x000000fb       0x32 ./05_SoftComponent/common/common.o
 .ARM.attributes
                0x0000012d       0x32 ./04_UserBoard/light/light.o
 .ARM.attributes
                0x0000015f       0x32 ./04_UserBoard/lcd/lcd.o
 .ARM.attributes
                0x00000191       0x1b ./03_MCU/startup/startup_MKL36Z4.o
 .ARM.attributes
                0x000001ac       0x32 ./03_MCU/startup/system_MKL36Z4.o
 .ARM.attributes
                0x000001de       0x32 ./03_MCU/MCU_drivers/wdog/wdog.o
 .ARM.attributes
                0x00000210       0x1e c:/program files (x86)/gnu tools arm embedded/7 2017-q4-major/bin/../lib/gcc/arm-none-eabi/7.2.1/thumb/v6-m\libgcc.a(_udivsi3.o)
 .ARM.attributes
                0x0000022e       0x1e c:/program files (x86)/gnu tools arm embedded/7 2017-q4-major/bin/../lib/gcc/arm-none-eabi/7.2.1/thumb/v6-m\libgcc.a(_divsi3.o)
 .ARM.attributes
                0x0000024c       0x1e c:/program files (x86)/gnu tools arm embedded/7 2017-q4-major/bin/../lib/gcc/arm-none-eabi/7.2.1/thumb/v6-m\libgcc.a(_dvmd_tls.o)
 .ARM.attributes
                0x0000026a       0x1e c:/program files (x86)/gnu tools arm embedded/7 2017-q4-major/bin/../lib/gcc/arm-none-eabi/7.2.1/thumb/v6-m\libgcc.a(_aeabi_uldivmod.o)
 .ARM.attributes
                0x00000288       0x2c c:/program files (x86)/gnu tools arm embedded/7 2017-q4-major/bin/../lib/gcc/arm-none-eabi/7.2.1/thumb/v6-m\libgcc.a(_udivmoddi4.o)
 .ARM.attributes
                0x000002b4       0x2c c:/program files (x86)/gnu tools arm embedded/7 2017-q4-major/bin/../lib/gcc/arm-none-eabi/7.2.1/thumb/v6-m\libgcc.a(divdf3.o)
 .ARM.attributes
                0x000002e0       0x2c c:/program files (x86)/gnu tools arm embedded/7 2017-q4-major/bin/../lib/gcc/arm-none-eabi/7.2.1/thumb/v6-m\libgcc.a(muldf3.o)
 .ARM.attributes
                0x0000030c       0x2c c:/program files (x86)/gnu tools arm embedded/7 2017-q4-major/bin/../lib/gcc/arm-none-eabi/7.2.1/thumb/v6-m\libgcc.a(subdf3.o)
 .ARM.attributes
                0x00000338       0x2c c:/program files (x86)/gnu tools arm embedded/7 2017-q4-major/bin/../lib/gcc/arm-none-eabi/7.2.1/thumb/v6-m\libgcc.a(fixdfsi.o)
 .ARM.attributes
                0x00000364       0x2c c:/program files (x86)/gnu tools arm embedded/7 2017-q4-major/bin/../lib/gcc/arm-none-eabi/7.2.1/thumb/v6-m\libgcc.a(floatsidf.o)
 .ARM.attributes
                0x00000390       0x2c c:/program files (x86)/gnu tools arm embedded/7 2017-q4-major/bin/../lib/gcc/arm-none-eabi/7.2.1/thumb/v6-m\libgcc.a(extendsfdf2.o)
 .ARM.attributes
                0x000003bc       0x2c c:/program files (x86)/gnu tools arm embedded/7 2017-q4-major/bin/../lib/gcc/arm-none-eabi/7.2.1/thumb/v6-m\libgcc.a(truncdfsf2.o)
 .ARM.attributes
                0x000003e8       0x1e c:/program files (x86)/gnu tools arm embedded/7 2017-q4-major/bin/../lib/gcc/arm-none-eabi/7.2.1/thumb/v6-m\libgcc.a(_clzsi2.o)
 .ARM.attributes
                0x00000406       0x1e c:/program files (x86)/gnu tools arm embedded/7 2017-q4-major/bin/../lib/gcc/arm-none-eabi/7.2.1/thumb/v6-m\libgcc.a(_clzdi2.o)
 .ARM.attributes
                0x00000424       0x2c c:/program files (x86)/gnu tools arm embedded/7 2017-q4-major/bin/../lib/gcc/arm-none-eabi/7.2.1/../../../../arm-none-eabi/lib/thumb/v6-m\libg_nano.a(lib_a-exit.o)
 .ARM.attributes
                0x00000450       0x2c c:/program files (x86)/gnu tools arm embedded/7 2017-q4-major/bin/../lib/gcc/arm-none-eabi/7.2.1/../../../../arm-none-eabi/lib/thumb/v6-m\libg_nano.a(lib_a-impure.o)
 .ARM.attributes
                0x0000047c       0x2c c:/program files (x86)/gnu tools arm embedded/7 2017-q4-major/bin/../lib/gcc/arm-none-eabi/7.2.1/../../../../arm-none-eabi/lib/thumb/v6-m\libg_nano.a(lib_a-init.o)
 .ARM.attributes
                0x000004a8       0x2c c:/program files (x86)/gnu tools arm embedded/7 2017-q4-major/bin/../lib/gcc/arm-none-eabi/7.2.1/../../../../arm-none-eabi/lib/thumb/v6-m\libg_nano.a(lib_a-memset.o)
 .ARM.attributes
                0x000004d4       0x2c c:/program files (x86)/gnu tools arm embedded/7 2017-q4-major/bin/../lib/gcc/arm-none-eabi/7.2.1/../../../../arm-none-eabi/lib/thumb/v6-m\libnosys.a(_exit.o)
 .ARM.attributes
                0x00000500       0x1e c:/program files (x86)/gnu tools arm embedded/7 2017-q4-major/bin/../lib/gcc/arm-none-eabi/7.2.1/thumb/v6-m/crtn.o
                0x00000001                ASSERT ((__StackLimit >= __HeapLimit), region m_data overflowed with stack and heap)
OUTPUT(KL36_Update.elf elf32-littlearm)

.debug_info     0x00000000     0x709f
 .debug_info    0x00000000     0x1ac8 ./06_NosPrg/isr.o
 .debug_info    0x00001ac8     0x1df8 ./06_NosPrg/main.o
 .debug_info    0x000038c0      0x273 ./05_SoftComponent/valueType/valueType.o
 .debug_info    0x00003b33     0x1e9b ./05_SoftComponent/common/common.o
 .debug_info    0x000059ce      0x370 ./04_UserBoard/light/light.o
 .debug_info    0x00005d3e      0xb59 ./04_UserBoard/lcd/lcd.o
 .debug_info    0x00006897       0x26 ./03_MCU/startup/startup_MKL36Z4.o
 .debug_info    0x000068bd      0x489 ./03_MCU/startup/system_MKL36Z4.o
 .debug_info    0x00006d46      0x359 ./03_MCU/MCU_drivers/wdog/wdog.o

.debug_abbrev   0x00000000      0xe54
 .debug_abbrev  0x00000000      0x25b ./06_NosPrg/isr.o
 .debug_abbrev  0x0000025b      0x2ce ./06_NosPrg/main.o
 .debug_abbrev  0x00000529       0xfe ./05_SoftComponent/valueType/valueType.o
 .debug_abbrev  0x00000627      0x322 ./05_SoftComponent/common/common.o
 .debug_abbrev  0x00000949       0xcf ./04_UserBoard/light/light.o
 .debug_abbrev  0x00000a18      0x1e6 ./04_UserBoard/lcd/lcd.o
 .debug_abbrev  0x00000bfe       0x14 ./03_MCU/startup/startup_MKL36Z4.o
 .debug_abbrev  0x00000c12      0x117 ./03_MCU/startup/system_MKL36Z4.o
 .debug_abbrev  0x00000d29      0x12b ./03_MCU/MCU_drivers/wdog/wdog.o

.debug_aranges  0x00000000      0x280
 .debug_aranges
                0x00000000       0x38 ./06_NosPrg/isr.o
 .debug_aranges
                0x00000038       0x50 ./06_NosPrg/main.o
 .debug_aranges
                0x00000088       0x30 ./05_SoftComponent/valueType/valueType.o
 .debug_aranges
                0x000000b8       0x88 ./05_SoftComponent/common/common.o
 .debug_aranges
                0x00000140       0x30 ./04_UserBoard/light/light.o
 .debug_aranges
                0x00000170       0xa0 ./04_UserBoard/lcd/lcd.o
 .debug_aranges
                0x00000210       0x20 ./03_MCU/startup/startup_MKL36Z4.o
 .debug_aranges
                0x00000230       0x20 ./03_MCU/startup/system_MKL36Z4.o
 .debug_aranges
                0x00000250       0x30 ./03_MCU/MCU_drivers/wdog/wdog.o

.debug_ranges   0x00000000      0x1e0
 .debug_ranges  0x00000000       0x28 ./06_NosPrg/isr.o
 .debug_ranges  0x00000028       0x40 ./06_NosPrg/main.o
 .debug_ranges  0x00000068       0x20 ./05_SoftComponent/valueType/valueType.o
 .debug_ranges  0x00000088       0x78 ./05_SoftComponent/common/common.o
 .debug_ranges  0x00000100       0x20 ./04_UserBoard/light/light.o
 .debug_ranges  0x00000120       0x90 ./04_UserBoard/lcd/lcd.o
 .debug_ranges  0x000001b0       0x10 ./03_MCU/startup/system_MKL36Z4.o
 .debug_ranges  0x000001c0       0x20 ./03_MCU/MCU_drivers/wdog/wdog.o

.debug_macro    0x00000000     0xf0b7
 .debug_macro   0x00000000      0x253 ./06_NosPrg/isr.o
 .debug_macro   0x00000253      0xa2a ./06_NosPrg/isr.o
 .debug_macro   0x00000c7d       0x22 ./06_NosPrg/isr.o
 .debug_macro   0x00000c9f       0x52 ./06_NosPrg/isr.o
 .debug_macro   0x00000cf1       0x17 ./06_NosPrg/isr.o
 .debug_macro   0x00000d08       0x55 ./06_NosPrg/isr.o
 .debug_macro   0x00000d5d       0x35 ./06_NosPrg/isr.o
 .debug_macro   0x00000d92       0x9c ./06_NosPrg/isr.o
 .debug_macro   0x00000e2e       0x16 ./06_NosPrg/isr.o
 .debug_macro   0x00000e44       0x57 ./06_NosPrg/isr.o
 .debug_macro   0x00000e9b       0x97 ./06_NosPrg/isr.o
 .debug_macro   0x00000f32      0x353 ./06_NosPrg/isr.o
 .debug_macro   0x00001285       0xf6 ./06_NosPrg/isr.o
 .debug_macro   0x0000137b       0x10 ./06_NosPrg/isr.o
 .debug_macro   0x0000138b       0x58 ./06_NosPrg/isr.o
 .debug_macro   0x000013e3       0x1f ./06_NosPrg/isr.o
 .debug_macro   0x00001402       0x43 ./06_NosPrg/isr.o
 .debug_macro   0x00001445       0x20 ./06_NosPrg/isr.o
 .debug_macro   0x00001465      0x18e ./06_NosPrg/isr.o
 .debug_macro   0x000015f3       0x10 ./06_NosPrg/isr.o
 .debug_macro   0x00001603       0x6a ./06_NosPrg/isr.o
 .debug_macro   0x0000166d       0xb6 ./06_NosPrg/isr.o
 .debug_macro   0x00001723       0x16 ./06_NosPrg/isr.o
 .debug_macro   0x00001739      0x129 ./06_NosPrg/isr.o
 .debug_macro   0x00001862       0x16 ./06_NosPrg/isr.o
 .debug_macro   0x00001878       0x35 ./06_NosPrg/isr.o
 .debug_macro   0x000018ad       0x22 ./06_NosPrg/isr.o
 .debug_macro   0x000018cf       0x16 ./06_NosPrg/isr.o
 .debug_macro   0x000018e5       0xef ./06_NosPrg/isr.o
 .debug_macro   0x000019d4      0x1df ./06_NosPrg/isr.o
 .debug_macro   0x00001bb3       0x39 ./06_NosPrg/isr.o
 .debug_macro   0x00001bec       0x3a ./06_NosPrg/isr.o
 .debug_macro   0x00001c26       0x26 ./06_NosPrg/isr.o
 .debug_macro   0x00001c4c      0x306 ./06_NosPrg/isr.o
 .debug_macro   0x00001f52     0xc3a9 ./06_NosPrg/isr.o
 .debug_macro   0x0000e2fb       0x2e ./06_NosPrg/isr.o
 .debug_macro   0x0000e329       0x3a ./06_NosPrg/isr.o
 .debug_macro   0x0000e363       0x52 ./06_NosPrg/isr.o
 .debug_macro   0x0000e3b5       0xc8 ./06_NosPrg/isr.o
 .debug_macro   0x0000e47d       0x2e ./06_NosPrg/isr.o
 .debug_macro   0x0000e4ab       0x2e ./06_NosPrg/isr.o
 .debug_macro   0x0000e4d9       0x28 ./06_NosPrg/isr.o
 .debug_macro   0x0000e501       0x28 ./06_NosPrg/isr.o
 .debug_macro   0x0000e529       0x2e ./06_NosPrg/isr.o
 .debug_macro   0x0000e557       0x22 ./06_NosPrg/isr.o
 .debug_macro   0x0000e579       0x2e ./06_NosPrg/isr.o
 .debug_macro   0x0000e5a7      0x259 ./06_NosPrg/main.o
 .debug_macro   0x0000e800       0x2e ./06_NosPrg/main.o
 .debug_macro   0x0000e82e       0xc6 ./05_SoftComponent/valueType/valueType.o
 .debug_macro   0x0000e8f4       0x4f ./05_SoftComponent/valueType/valueType.o
 .debug_macro   0x0000e943       0x51 ./05_SoftComponent/valueType/valueType.o
 .debug_macro   0x0000e994      0x254 ./05_SoftComponent/common/common.o
 .debug_macro   0x0000ebe8       0x34 ./05_SoftComponent/common/common.o
 .debug_macro   0x0000ec1c       0x58 ./05_SoftComponent/common/common.o
 .debug_macro   0x0000ec74       0x28 ./05_SoftComponent/common/common.o
 .debug_macro   0x0000ec9c       0xd4 ./04_UserBoard/light/light.o
 .debug_macro   0x0000ed70       0x22 ./04_UserBoard/light/light.o
 .debug_macro   0x0000ed92       0xdd ./04_UserBoard/lcd/lcd.o
 .debug_macro   0x0000ee6f       0x4c ./04_UserBoard/lcd/lcd.o
 .debug_macro   0x0000eebb       0xca ./03_MCU/startup/system_MKL36Z4.o
 .debug_macro   0x0000ef85       0x4b ./03_MCU/startup/system_MKL36Z4.o
 .debug_macro   0x0000efd0       0x1c ./03_MCU/startup/system_MKL36Z4.o
 .debug_macro   0x0000efec       0xcb ./03_MCU/MCU_drivers/wdog/wdog.o

.debug_line     0x00000000     0x418e
 .debug_line    0x00000000      0xc4b ./06_NosPrg/isr.o
 .debug_line    0x00000c4b      0xe0c ./06_NosPrg/main.o
 .debug_line    0x00001a57      0x499 ./05_SoftComponent/valueType/valueType.o
 .debug_line    0x00001ef0      0xbdf ./05_SoftComponent/common/common.o
 .debug_line    0x00002acf      0x4c2 ./04_UserBoard/light/light.o
 .debug_line    0x00002f91      0x869 ./04_UserBoard/lcd/lcd.o
 .debug_line    0x000037fa       0x78 ./03_MCU/startup/startup_MKL36Z4.o
 .debug_line    0x00003872      0x4e2 ./03_MCU/startup/system_MKL36Z4.o
 .debug_line    0x00003d54      0x43a ./03_MCU/MCU_drivers/wdog/wdog.o

.debug_str      0x00000000    0x4f47d
 .debug_str     0x00000000    0x4eb51 ./06_NosPrg/isr.o
                              0x4f467 (size before relaxing)
 .debug_str     0x0004eb51      0x353 ./06_NosPrg/main.o
                              0x4f753 (size before relaxing)
 .debug_str     0x0004eea4       0x75 ./05_SoftComponent/valueType/valueType.o
                              0x4ac51 (size before relaxing)
 .debug_str     0x0004ef19      0x20e ./05_SoftComponent/common/common.o
                              0x4f3b0 (size before relaxing)
 .debug_str     0x0004f127       0x4d ./04_UserBoard/light/light.o
                              0x4ae92 (size before relaxing)
 .debug_str     0x0004f174      0x159 ./04_UserBoard/lcd/lcd.o
                              0x4b29c (size before relaxing)
 .debug_str     0x0004f2cd       0x33 ./03_MCU/startup/startup_MKL36Z4.o
                                 0xa9 (size before relaxing)
 .debug_str     0x0004f300      0x134 ./03_MCU/startup/system_MKL36Z4.o
                              0x4ad3f (size before relaxing)
 .debug_str     0x0004f434       0x49 ./03_MCU/MCU_drivers/wdog/wdog.o
                              0x4ad1f (size before relaxing)

.comment        0x00000000       0x7e
 .comment       0x00000000       0x7e ./06_NosPrg/isr.o
                                 0x7f (size before relaxing)
 .comment       0x0000007e       0x7f ./06_NosPrg/main.o
 .comment       0x0000007e       0x7f ./05_SoftComponent/valueType/valueType.o
 .comment       0x0000007e       0x7f ./05_SoftComponent/common/common.o
 .comment       0x0000007e       0x7f ./04_UserBoard/light/light.o
 .comment       0x0000007e       0x7f ./04_UserBoard/lcd/lcd.o
 .comment       0x0000007e       0x7f ./03_MCU/startup/system_MKL36Z4.o
 .comment       0x0000007e       0x7f ./03_MCU/MCU_drivers/wdog/wdog.o

.debug_frame    0x00000000      0x998
 .debug_frame   0x00000000       0x94 ./06_NosPrg/isr.o
 .debug_frame   0x00000094      0x100 ./06_NosPrg/main.o
 .debug_frame   0x00000194       0x74 ./05_SoftComponent/valueType/valueType.o
 .debug_frame   0x00000208      0x1c4 ./05_SoftComponent/common/common.o
 .debug_frame   0x000003cc       0x70 ./04_UserBoard/light/light.o
 .debug_frame   0x0000043c      0x250 ./04_UserBoard/lcd/lcd.o
 .debug_frame   0x0000068c       0x2c ./03_MCU/startup/system_MKL36Z4.o
 .debug_frame   0x000006b8       0x68 ./03_MCU/MCU_drivers/wdog/wdog.o
 .debug_frame   0x00000720       0x20 c:/program files (x86)/gnu tools arm embedded/7 2017-q4-major/bin/../lib/gcc/arm-none-eabi/7.2.1/thumb/v6-m\libgcc.a(_udivsi3.o)
 .debug_frame   0x00000740       0x20 c:/program files (x86)/gnu tools arm embedded/7 2017-q4-major/bin/../lib/gcc/arm-none-eabi/7.2.1/thumb/v6-m\libgcc.a(_divsi3.o)
 .debug_frame   0x00000760       0x3c c:/program files (x86)/gnu tools arm embedded/7 2017-q4-major/bin/../lib/gcc/arm-none-eabi/7.2.1/thumb/v6-m\libgcc.a(_udivmoddi4.o)
 .debug_frame   0x0000079c       0x3c c:/program files (x86)/gnu tools arm embedded/7 2017-q4-major/bin/../lib/gcc/arm-none-eabi/7.2.1/thumb/v6-m\libgcc.a(divdf3.o)
 .debug_frame   0x000007d8       0x3c c:/program files (x86)/gnu tools arm embedded/7 2017-q4-major/bin/../lib/gcc/arm-none-eabi/7.2.1/thumb/v6-m\libgcc.a(muldf3.o)
 .debug_frame   0x00000814       0x3c c:/program files (x86)/gnu tools arm embedded/7 2017-q4-major/bin/../lib/gcc/arm-none-eabi/7.2.1/thumb/v6-m\libgcc.a(subdf3.o)
 .debug_frame   0x00000850       0x2c c:/program files (x86)/gnu tools arm embedded/7 2017-q4-major/bin/../lib/gcc/arm-none-eabi/7.2.1/thumb/v6-m\libgcc.a(fixdfsi.o)
 .debug_frame   0x0000087c       0x2c c:/program files (x86)/gnu tools arm embedded/7 2017-q4-major/bin/../lib/gcc/arm-none-eabi/7.2.1/thumb/v6-m\libgcc.a(floatsidf.o)
 .debug_frame   0x000008a8       0x2c c:/program files (x86)/gnu tools arm embedded/7 2017-q4-major/bin/../lib/gcc/arm-none-eabi/7.2.1/thumb/v6-m\libgcc.a(extendsfdf2.o)
 .debug_frame   0x000008d4       0x30 c:/program files (x86)/gnu tools arm embedded/7 2017-q4-major/bin/../lib/gcc/arm-none-eabi/7.2.1/thumb/v6-m\libgcc.a(truncdfsf2.o)
 .debug_frame   0x00000904       0x28 c:/program files (x86)/gnu tools arm embedded/7 2017-q4-major/bin/../lib/gcc/arm-none-eabi/7.2.1/../../../../arm-none-eabi/lib/thumb/v6-m\libg_nano.a(lib_a-exit.o)
 .debug_frame   0x0000092c       0x2c c:/program files (x86)/gnu tools arm embedded/7 2017-q4-major/bin/../lib/gcc/arm-none-eabi/7.2.1/../../../../arm-none-eabi/lib/thumb/v6-m\libg_nano.a(lib_a-init.o)
 .debug_frame   0x00000958       0x20 c:/program files (x86)/gnu tools arm embedded/7 2017-q4-major/bin/../lib/gcc/arm-none-eabi/7.2.1/../../../../arm-none-eabi/lib/thumb/v6-m\libg_nano.a(lib_a-memset.o)
 .debug_frame   0x00000978       0x20 c:/program files (x86)/gnu tools arm embedded/7 2017-q4-major/bin/../lib/gcc/arm-none-eabi/7.2.1/../../../../arm-none-eabi/lib/thumb/v6-m\libnosys.a(_exit.o)
